ï¿½ESP-ROM:esp32s3-20210327
Build:Mar 27 2021
rst:0x1 (POWERON),boot:0x8 (SPI_FAST_FLASH_BOOT)
SPIWP:0xee
mode:DIO, clock div:1
load:0x3fce3820,len:0x19fc
load:0x403c9700,len:0x4
load:0x403c9704,len:0xe8c
load:0x403cc700,len:0x313c
entry 0x403c9940
[0;32mI (27) boot: ESP-IDF v5.2.3-dirty 2nd stage bootloader[0m
[0;32mI (27) boot: compile time Mar  5 2025 15:20:07[0m
[0;32mI (27) boot: Multicore bootloader[0m
[0;32mI (30) boot: chip revision: v0.2[0m
[0;32mI (34) boot: efuse block revision: v1.3[0m
[0;32mI (39) qio_mode: Enabling default flash chip QIO[0m
[0;32mI (44) boot.esp32s3: Boot SPI Speed : 80MHz[0m
[0;32mI (49) boot.esp32s3: SPI Mode       : QIO[0m
[0;32mI (54) boot.esp32s3: SPI Flash Size : 8MB[0m
[0;32mI (58) boot: Enabling RNG early entropy source...[0m
[0;32mI (64) boot: Partition Table:[0m
[0;32mI (67) boot: ## Label            Usage          Type ST Offset   Length[0m
[0;32mI (75) boot:  0 nvs              WiFi data        01 02 00009000 00006000[0m
[0;32mI (82) boot:  1 phy_init         RF data          01 01 0000f000 00001000[0m
[0;32mI (89) boot:  2 factory          factory app      00 00 00010000 00100000[0m
[0;32mI (97) boot: End of partition table[0m
[0;32mI (101) esp_image: segment 0: paddr=00010020 vaddr=3c050020 size=608a4h (395428) map[0m
[0;32mI (168) esp_image: segment 1: paddr=000708cc vaddr=3fc9a800 size=031a4h ( 12708) load[0m
[0;32mI (171) esp_image: segment 2: paddr=00073a78 vaddr=40374000 size=0c5a0h ( 50592) load[0m
[0;32mI (184) esp_image: segment 3: paddr=00080020 vaddr=42000020 size=4cf84h (315268) map[0m
[0;32mI (231) esp_image: segment 4: paddr=000ccfac vaddr=403805a0 size=0a194h ( 41364) load[0m
[0;32mI (248) boot: Loaded app from partition at offset 0x10000[0m
[0;32mI (248) boot: Disabling RNG early entropy source...[0m
[0;32mI (259) cpu_start: Multicore app[0m
[0;32mI (260) octal_psram: vendor id    : 0x0d (AP)[0m
[0;32mI (260) octal_psram: dev id       : 0x02 (generation 3)[0m
[0;32mI (263) octal_psram: density      : 0x03 (64 Mbit)[0m
[0;32mI (268) octal_psram: good-die     : 0x01 (Pass)[0m
[0;32mI (274) octal_psram: Latency      : 0x01 (Fixed)[0m
[0;32mI (279) octal_psram: VCC          : 0x01 (3V)[0m
[0;32mI (284) octal_psram: SRF          : 0x01 (Fast Refresh)[0m
[0;32mI (290) octal_psram: BurstType    : 0x01 (Hybrid Wrap)[0m
[0;32mI (296) octal_psram: BurstLen     : 0x01 (32 Byte)[0m
[0;32mI (301) octal_psram: Readlatency  : 0x02 (10 cycles@Fixed)[0m
[0;32mI (307) octal_psram: DriveStrength: 0x00 (1/1)[0m
[0;32mI (313) MSPI Timing: PSRAM timing tuning index: 4[0m
[0;32mI (318) esp_psram: Found 8MB PSRAM device[0m
[0;32mI (323) esp_psram: Speed: 80MHz[0m
[0;32mI (352) mmu_psram: Read only data copied and mapped to SPIRAM[0m
[0;32mI (653) esp_psram: SPI SRAM memory test OK[0m
[0;32mI (661) cpu_start: Pro cpu start user code[0m
[0;32mI (661) cpu_start: cpu freq: 240000000 Hz[0m
[0;32mI (661) cpu_start: Application information:[0m
[0;32mI (664) cpu_start: Project name:     lvgl_porting[0m
[0;32mI (670) cpu_start: App version:      v5.2.3-dirty[0m
[0;32mI (675) cpu_start: Compile time:     Mar  5 2025 15:19:46[0m
[0;32mI (681) cpu_start: ELF file SHA256:  c8ff2e89d...[0m
[0;32mI (687) cpu_start: ESP-IDF:          v5.2.3-dirty[0m
[0;32mI (692) cpu_start: Min chip rev:     v0.0[0m
[0;32mI (697) cpu_start: Max chip rev:     v0.99 [0m
[0;32mI (702) cpu_start: Chip rev:         v0.2[0m
[0;32mI (706) heap_init: Initializing. RAM available for dynamic allocation:[0m
[0;32mI (714) heap_init: At 3FC9E9A8 len 0004AD68 (299 KiB): RAM[0m
[0;32mI (720) heap_init: At 3FCE9710 len 00005724 (21 KiB): RAM[0m
[0;32mI (726) heap_init: At 3FCF0000 len 00008000 (32 KiB): DRAM[0m
[0;32mI (732) heap_init: At 600FE010 len 00001FD8 (7 KiB): RTCRAM[0m
[0;32mI (738) esp_psram: Adding pool of 7744K of PSRAM memory to heap allocator[0m
[0;32mI (746) spi_flash: detected chip: gd[0m
[0;32mI (750) spi_flash: flash io: qio[0m
[0;33mW (754) i2c: This driver is an old driver, please migrate your application code to adapt `driver/i2c_master.h`[0m
[0;32mI (765) sleep: Configure to isolate all GPIO pins in sleep state[0m
[0;32mI (771) sleep: Enable automatic switching of GPIO sleep configuration[0m
[0;32mI (779) main_task: Started on CPU0[0m
[0;32mI (783) esp_psram: Reserving pool of 32K of internal memory for DMA/internal allocations[0m
[0;32mI (792) main_task: Calling app_main()[0m
[0;32mI (796) example: Install RGB LCD panel driver[0m
[0;32mI (849) example: Initialize RGB LCD panel[0m
[0;32mI (850) example: Initialize I2C bus[0m
[0;32mI (851) example: Initialize GPIO[0m
[0;32mI (851) gpio: GPIO[4]| InputEn: 0| OutputEn: 1| OpenDrain: 0| Pullup: 0| Pulldown: 0| Intr:0 [0m
[0;32mI (860) example: Initialize Touch LCD[0m
[0;32mI (1265) example: Initialize I2C panel IO[0m
[0;32mI (1265) example: Initialize touch controller GT911[0m
[0;33mW (1265) GT911: Unable to initialize the I2C address[0m
[0;32mI (1270) GT911: TouchPad_ID:0x39,0x31,0x31[0m
[0;32mI (1275) GT911: TouchPad_Config_Version:88[0m
[0;32mI (1282) lv_port: Create LVGL task[0m
[0;32mI (1284) example: Display LVGL demos[0m
[Warn]	(0.128, +128)	 lv_palette_main: Invalid palette: 255 	(in lv_color.c line #285)
[Warn]	(0.156, +28)	 lv_palette_main: Invalid palette: 255 	(in lv_color.c line #285)
[0;32mI (1457) gpio: GPIO[19]| InputEn: 1| OutputEn: 0| OpenDrain: 0| Pullup: 0| Pulldown: 0| Intr:0 [0m
[0;32mI (1459) gpio: GPIO[20]| InputEn: 0| OutputEn: 1| OpenDrain: 0| Pullup: 0| Pulldown: 0| Intr:0 [0m
[0;32mI (1466) CAN: Driver initialized
 [0m
[0;32mI (1470) CAN: Driver started
 [0m
[0;32mI (1474) main_task: Returned from app_main()[0m
Guru Meditation Error: Core  / panic'ed (Cache disabled but cached memory region accessed). 
MMU entry fault error occurred while accessing the address 0x3d202974 (invalid mmu entry)


Core  0 register dump:
PC      : 0x40056f62  PS      : 0x00060034  A0      : 0x8037bb67  A1      : 0x3fc9b7c0  
A2      : 0x3fcaf7a0  A3      : 0x3c1ba320  A4      : 0x00003e80  A5      : 0x3fcb2d80  
A6      : 0xf7bef7be  A7      : 0xf7bef7be  A8      : 0x00000000  A9      : 0x01ffffff  
A10     : 0x3fcab85c  A11     : 0x00000001  A12     : 0x3fca1280  A13     : 0x3fca1260  
A14     : 0x00000000  A15     : 0x00000000  SAR     : 0x0000001e  EXCCAUSE: 0x00000007  
EXCVADDR: 0x00000000  LBEG    : 0x40056f5c  LEND    : 0x40056f72  LCOUNT  : 0x00000089  


Backtrace: 0x40056f5f:0x3fc9b7c0 0x4037bb64:0x3fc9b7d0 0x4037bd8d:0x3fc9b7f0 0x4037e0ae:0x3fc9b810 0x4037c205:0x3fc9b840 0x4037dfd7:0x3fca2b20 0x4200395a:0x3fca2b40 0x4038335d:0x3fca2b60 0x4038245d:0x3fca2b80


Core  1 register dump:
PC      : 0x42009eda  PS      : 0x00060034  A0      : 0x80382460  A1      : 0x3fca2400  
A2      : 0x3c0528b4  A3      : 0x00000000  A4      : 0x3fcb6108  A5      : 0x3fc9e2a0  
A6      : 0x00000000  A7      : 0x3c0528b4  A8      : 0x41200000  A9      : 0x3fcb9c90  
A10     : 0x00060023  A11     : 0x00000003  A12     : 0x00060023  A13     : 0x3fcba0c0  
A14     : 0x3fc9dd74  A15     : 0x00000001  SAR     : 0x00000000  EXCCAUSE: 0x00000007  
EXCVADDR: 0x00000000  LBEG    : 0x00000000  LEND    : 0x00000000  LCOUNT  : 0x00000000  


Backtrace: 0x42009ed7:0x3fca2400 0x4038245d:0x3fca2420




ELF file SHA256: c8ff2e89d

Rebooting...
ï¿½ï¿½ï¿½ESP-ROM:esp32s3-20210327
Build:Mar 27 2021
rst:0xc (RTC_SW_CPU_RST),boot:0x8 (SPI_FAST_FLASH_BOOT)
Saved PC:0x40375d8c
SPIWP:0xee
mode:DIO, clock div:1
load:0x3fce3820,len:0x19fc
load:0x403c9700,len:0x4
load:0x403c9704,len:0xe8c
load:0x403cc700,len:0x313c
entry 0x403c9940
[0;32mI (31) boot: ESP-IDF v5.2.3-dirty 2nd stage bootloader[0m
[0;32mI (31) boot: compile time Mar  5 2025 15:20:07[0m
[0;32mI (31) boot: Multicore bootloader[0m
[0;32mI (35) boot: chip revision: v0.2[0m
[0;32mI (39) boot: efuse block revision: v1.3[0m
[0;32mI (43) qio_mode: Enabling default flash chip QIO[0m
[0;32mI (48) boot.esp32s3: Boot SPI Speed : 80MHz[0m
[0;32mI (53) boot.esp32s3: SPI Mode       : QIO[0m
[0;32mI (58) boot.esp32s3: SPI Flash Size : 8MB[0m
[0;32mI (63) boot: Enabling RNG early entropy source...[0m
[0;32mI (68) boot: Partition Table:[0m
[0;32mI (72) boot: ## Label            Usage          Type ST Offset   Length[0m
[0;32mI (79) boot:  0 nvs              WiFi data        01 02 00009000 00006000[0m
[0;32mI (86) boot:  1 phy_init         RF data          01 01 0000f000 00001000[0m
[0;32mI (94) boot:  2 factory          factory app      00 00 00010000 00100000[0m
[0;32mI (101) boot: End of partition table[0m
[0;32mI (106) esp_image: segment 0: paddr=00010020 vaddr=3c050020 size=608a4h (395428) map[0m
[0;32mI (173) esp_image: segment 1: paddr=000708cc vaddr=3fc9a800 size=031a4h ( 12708) load[0m
[0;32mI (175) esp_image: segment 2: paddr=00073a78 vaddr=40374000 size=0c5a0h ( 50592) load[0m
[0;32mI (188) esp_image: segment 3: paddr=00080020 vaddr=42000020 size=4cf84h (315268) map[0m
[0;32mI (235) esp_image: segment 4: paddr=000ccfac vaddr=403805a0 size=0a194h ( 41364) load[0m
[0;32mI (252) boot: Loaded app from partition at offset 0x10000[0m
[0;32mI (253) boot: Disabling RNG early entropy source...[0m
[0;32mI (264) cpu_start: Multicore app[0m
[0;32mI (265) octal_psram: vendor id    : 0x0d (AP)[0m
[0;32mI (265) octal_psram: dev id       : 0x02 (generation 3)[0m
[0;32mI (268) octal_psram: density      : 0x03 (64 Mbit)[0m
[0;32mI (273) octal_psram: good-die     : 0x01 (Pass)[0m
[0;32mI (278) octal_psram: Latency      : 0x01 (Fixed)[0m
[0;32mI (284) octal_psram: VCC          : 0x01 (3V)[0m
[0;32mI (289) octal_psram: SRF          : 0x01 (Fast Refresh)[0m
[0;32mI (294) octal_psram: BurstType    : 0x01 (Hybrid Wrap)[0m
[0;32mI (300) octal_psram: BurstLen     : 0x01 (32 Byte)[0m
[0;32mI (306) octal_psram: Readlatency  : 0x02 (10 cycles@Fixed)[0m
[0;32mI (312) octal_psram: DriveStrength: 0x00 (1/1)[0m
[0;32mI (318) MSPI Timing: PSRAM timing tuning index: 4[0m
[0;32mI (322) esp_psram: Found 8MB PSRAM device[0m
[0;32mI (327) esp_psram: Speed: 80MHz[0m
[0;32mI (356) mmu_psram: Read only data copied and mapped to SPIRAM[0m
[0;32mI (657) esp_psram: SPI SRAM memory test OK[0m
[0;32mI (666) cpu_start: Pro cpu start user code[0m
[0;32mI (666) cpu_start: cpu freq: 240000000 Hz[0m
[0;32mI (666) cpu_start: Application information:[0m
[0;32mI (669) cpu_start: Project name:     lvgl_porting[0m
[0;32mI (674) cpu_start: App version:      v5.2.3-dirty[0m
[0;32mI (680) cpu_start: Compile time:     Mar  5 2025 15:19:46[0m
[0;32mI (686) cpu_start: ELF file SHA256:  c8ff2e89d...[0m
[0;32mI (691) cpu_start: ESP-IDF:          v5.2.3-dirty[0m
[0;32mI (697) cpu_start: Min chip rev:     v0.0[0m
[0;32mI (701) cpu_start: Max chip rev:     v0.99 [0m
[0;32mI (706) cpu_start: Chip rev:         v0.2[0m
[0;32mI (711) heap_init: Initializing. RAM available for dynamic allocation:[0m
[0;32mI (718) heap_init: At 3FC9E9A8 len 0004AD68 (299 KiB): RAM[0m
[0;32mI (724) heap_init: At 3FCE9710 len 00005724 (21 KiB): RAM[0m
[0;32mI (730) heap_init: At 3FCF0000 len 00008000 (32 KiB): DRAM[0m
[0;32mI (736) heap_init: At 600FE010 len 00001FD8 (7 KiB): RTCRAM[0m
[0;32mI (743) esp_psram: Adding pool of 7744K of PSRAM memory to heap allocator[0m
[0;32mI (751) spi_flash: detected chip: gd[0m
[0;32mI (754) spi_flash: flash io: qio[0m
[0;33mW (758) i2c: This driver is an old driver, please migrate your application code to adapt `driver/i2c_master.h`[0m
[0;32mI (769) sleep: Configure to isolate all GPIO pins in sleep state[0m
[0;32mI (776) sleep: Enable automatic switching of GPIO sleep configuration[0m
[0;32mI (783) main_task: Started on CPU0[0m
[0;32mI (787) esp_psram: Reserving pool of 32K of internal memory for DMA/internal allocations[0m
[0;32mI (796) main_task: Calling app_main()[0m
[0;32mI (800) example: Install RGB LCD panel driver[0m
[0;32mI (853) example: Initialize RGB LCD panel[0m
[0;32mI (854) example: Initialize I2C bus[0m
[0;32mI (855) example: Initialize GPIO[0m
[0;32mI (855) gpio: GPIO[4]| InputEn: 0| OutputEn: 1| OpenDrain: 0| Pullup: 0| Pulldown: 0| Intr:0 [0m
[0;32mI (864) example: Initialize Touch LCD[0m
[0;32mI (1269) example: Initialize I2C panel IO[0m
[0;32mI (1269) example: Initialize touch controller GT911[0m
[0;33mW (1269) GT911: Unable to initialize the I2C address[0m
[0;32mI (1274) GT911: TouchPad_ID:0x39,0x31,0x31[0m
[0;32mI (1279) GT911: TouchPad_Config_Version:88[0m
[0;32mI (1286) lv_port: Create LVGL task[0m
[0;32mI (1288) example: Display LVGL demos[0m
[Warn]	(0.128, +128)	 lv_palette_main: Invalid palette: 255 	(in lv_color.c line #285)
[Warn]	(0.156, +28)	 lv_palette_main: Invalid palette: 255 	(in lv_color.c line #285)
[0;32mI (1461) gpio: GPIO[19]| InputEn: 1| OutputEn: 0| OpenDrain: 0| Pullup: 0| Pulldown: 0| Intr:0 [0m
[0;32mI (1463) gpio: GPIO[20]| InputEn: 0| OutputEn: 1| OpenDrain: 0| Pullup: 0| Pulldown: 0| Intr:0 [0m
[0;32mI (1470) CAN: Driver initialized
 [0m
[0;32mI (1474) CAN: Driver started
 [0m
[0;32mI (1478) main_task: Returned from app_main()[0m
Guru Meditation Error: Core  / panic'ed (Cache disabled but cached memory region accessed). 
MMU entry fault error occurred while accessing the address 0x3d202974 (invalid mmu entry)


Core  0 register dump:
PC      : 0x40056f62  PS      : 0x00060034  A0      : 0x8037bb67  A1      : 0x3fc9b7c0  
A2      : 0x3fcaf7a0  A3      : 0x3c1ba250  A4      : 0x00003e80  A5      : 0x3fcb2cb0  
A6      : 0xf7bef7be  A7      : 0xf7bef7be  A8      : 0x00000000  A9      : 0x01ffffff  
A10     : 0x3fcab85c  A11     : 0x00000001  A12     : 0x3fca1280  A13     : 0x3fca1260  
A14     : 0x00000000  A15     : 0x00000000  SAR     : 0x0000001e  EXCCAUSE: 0x00000007  
EXCVADDR: 0x00000000  LBEG    : 0x40056f5c  LEND    : 0x40056f72  LCOUNT  : 0x00000096  


Backtrace: 0x40056f5f:0x3fc9b7c0 0x4037bb64:0x3fc9b7d0 0x4037bd8d:0x3fc9b7f0 0x4037e0ae:0x3fc9b810 0x4037c205:0x3fc9b840 0x4037dfd7:0x3fca2b20 0x4200395a:0x3fca2b40 0x4038335d:0x3fca2b60 0x4038245d:0x3fca2b80


Core  1 register dump:
PC      : 0x42009eda  PS      : 0x00060034  A0      : 0x80382460  A1      : 0x3fca2400  
A2      : 0x3c0528b4  A3      : 0x00000000  A4      : 0x3fcb6108  A5      : 0x3fc9e2a0  
A6      : 0x00000000  A7      : 0x3c0528b4  A8      : 0x41200000  A9      : 0x3fcb9c90  
A10     : 0x00060023  A11     : 0x00000003  A12     : 0x00060023  A13     : 0x3fcba0c0  
A14     : 0x3fc9dd74  A15     : 0x00000001  SAR     : 0x00000000  EXCCAUSE: 0x00000007  
EXCVADDR: 0x00000000  LBEG    : 0x00000000  LEND    : 0x00000000  LCOUNT  : 0x00000000  


Backtrace: 0x42009ed7:0x3fca2400 0x4038245d:0x3fca2420




ELF file SHA256: c8ff2e89d

Rebooting...
ESP-ROM:esp32s3-20210327
Build:Mar 27 2021
rst:0xc (RTC_SW_CPU_RST),boot:0x8 (SPI_FAST_FLASH_BOOT)
Saved PC:0x40375d8c
SPIWP:0xee
mode:DIO, clock div:1
load:0x3fce3820,len:0x19fc
load:0x403c9700,len:0x4
load:0x403c9704,len:0xe8c
load:0x403cc700,len:0x313c
entry 0x403c9940
[0;32mI (31) boot: ESP-IDF v5.2.3-dirty 2nd stage bootloader[0m
[0;32mI (31) boot: compile time Mar  5 2025 15:20:07[0m
[0;32mI (31) boot: Multicore bootloader[0m
[0;32mI (35) boot: chip revision: v0.2[0m
[0;32mI (39) boot: efuse block revision: v1.3[0m
[0;32mI (43) qio_mode: Enabling default flash chip QIO[0m
[0;32mI (48) boot.esp32s3: Boot SPI Speed : 80MHz[0m
[0;32mI (53) boot.esp32s3: SPI Mode       : QIO[0m
[0;32mI (58) boot.esp32s3: SPI Flash Size : 8MB[0m
[0;32mI (63) boot: Enabling RNG early entropy source...[0m
[0;32mI (68) boot: Partition Table:[0m
[0;32mI (72) boot: ## Label            Usage          Type ST Offset   Length[0m
[0;32mI (79) boot:  0 nvs              WiFi data        01 02 00009000 00006000[0m
[0;32mI (86) boot:  1 phy_init         RF data          01 01 0000f000 00001000[0m
[0;32mI (94) boot:  2 factory          factory app      00 00 00010000 00100000[0m
[0;32mI (101) boot: End of partition table[0m
[0;32mI (106) esp_image: segment 0: paddr=00010020 vaddr=3c050020 size=608a4h (395428) map[0m
[0;32mI (173) esp_image: segment 1: paddr=000708cc vaddr=3fc9a800 size=031a4h ( 12708) load[0m
[0;32mI (175) esp_image: segment 2: paddr=00073a78 vaddr=40374000 size=0c5a0h ( 50592) load[0m
[0;32mI (188) esp_image: segment 3: paddr=00080020 vaddr=42000020 size=4cf84h (315268) map[0m
[0;32mI (235) esp_image: segment 4: paddr=000ccfac vaddr=403805a0 size=0a194h ( 41364) load[0m
[0;32mI (252) boot: Loaded app from partition at offset 0x10000[0m
[0;32mI (253) boot: Disabling RNG early entropy source...[0m
[0;32mI (264) cpu_start: Multicore app[0m
[0;32mI (265) octal_psram: vendor id    : 0x0d (AP)[0m
[0;32mI (265) octal_psram: dev id       : 0x02 (generation 3)[0m
[0;32mI (268) octal_psram: density      : 0x03 (64 Mbit)[0m
[0;32mI (273) octal_psram: good-die     : 0x01 (Pass)[0m
[0;32mI (278) octal_psram: Latency      : 0x01 (Fixed)[0m
[0;32mI (284) octal_psram: VCC          : 0x01 (3V)[0m
[0;32mI (289) octal_psram: SRF          : 0x01 (Fast Refresh)[0m
[0;32mI (294) octal_psram: BurstType    : 0x01 (Hybrid Wrap)[0m
[0;32mI (300) octal_psram: BurstLen     : 0x01 (32 Byte)[0m
[0;32mI (306) octal_psram: Readlatency  : 0x02 (10 cycles@Fixed)[0m
[0;32mI (312) octal_psram: DriveStrength: 0x00 (1/1)[0m
[0;32mI (318) MSPI Timing: PSRAM timing tuning index: 4[0m
[0;32mI (322) esp_psram: Found 8MB PSRAM device[0m
[0;32mI (327) esp_psram: Speed: 80MHz[0m
[0;32mI (356) mmu_psram: Read only data copied and mapped to SPIRAM[0m
[0;32mI (657) esp_psram: SPI SRAM memory test OK[0m
[0;32mI (666) cpu_start: Pro cpu start user code[0m
[0;32mI (666) cpu_start: cpu freq: 240000000 Hz[0m
[0;32mI (666) cpu_start: Application information:[0m
[0;32mI (669) cpu_start: Project name:     lvgl_porting[0m
[0;32mI (674) cpu_start: App version:      v5.2.3-dirty[0m
[0;32mI (680) cpu_start: Compile time:     Mar  5 2025 15:19:46[0m
[0;32mI (686) cpu_start: ELF file SHA256:  c8ff2e89d...[0m
[0;32mI (691) cpu_start: ESP-IDF:          v5.2.3-dirty[0m
[0;32mI (697) cpu_start: Min chip rev:     v0.0[0m
[0;32mI (701) cpu_start: Max chip rev:     v0.99 [0m
[0;32mI (706) cpu_start: Chip rev:         v0.2[0m
[0;32mI (711) heap_init: Initializing. RAM available for dynamic allocation:[0m
[0;32mI (718) heap_init: At 3FC9E9A8 len 0004AD68 (299 KiB): RAM[0m
[0;32mI (724) heap_init: At 3FCE9710 len 00005724 (21 KiB): RAM[0m
[0;32mI (730) heap_init: At 3FCF0000 len 00008000 (32 KiB): DRAM[0m
[0;32mI (736) heap_init: At 600FE010 len 00001FD8 (7 KiB): RTCRAM[0m
[0;32mI (743) esp_psram: Adding pool of 7744K of PSRAM memory to heap allocator[0m
[0;32mI (751) spi_flash: detected chip: gd[0m
[0;32mI (754) spi_flash: flash io: qio[0m
[0;33mW (758) i2c: This driver is an old driver, please migrate your application code to adapt `driver/i2c_master.h`[0m
[0;32mI (769) sleep: Configure to isolate all GPIO pins in sleep state[0m
[0;32mI (776) sleep: Enable automatic switching of GPIO sleep configuration[0m
[0;32mI (783) main_task: Started on CPU0[0m
[0;32mI (787) esp_psram: Reserving pool of 32K of internal memory for DMA/internal allocations[0m
[0;32mI (796) main_task: Calling app_main()[0m
[0;32mI (800) example: Install RGB LCD panel driver[0m
[0;32mI (853) example: Initialize RGB LCD panel[0m
[0;32mI (854) example: Initialize I2C bus[0m
[0;32mI (855) example: Initialize GPIO[0m
[0;32mI (855) gpio: GPIO[4]| InputEn: 0| OutputEn: 1| OpenDrain: 0| Pullup: 0| Pulldown: 0| Intr:0 [0m
[0;32mI (864) example: Initialize Touch LCD[0m
[0;32mI (1269) example: Initialize I2C panel IO[0m
[0;32mI (1269) example: Initialize touch controller GT911[0m
[0;33mW (1269) GT911: Unable to initialize the I2C address[0m
[0;32mI (1274) GT911: TouchPad_ID:0x39,0x31,0x31[0m
[0;32mI (1279) GT911: TouchPad_Config_Version:88[0m
[0;32mI (1286) lv_port: Create LVGL task[0m
[0;32mI (1288) example: Display LVGL demos[0m
[Warn]	(0.128, +128)	 lv_palette_main: Invalid palette: 255 	(in lv_color.c line #285)
[Warn]	(0.156, +28)	 lv_palette_main: Invalid palette: 255 	(in lv_color.c line #285)
[0;32mI (1462) gpio: GPIO[19]| InputEn: 1| OutputEn: 0| OpenDrain: 0| Pullup: 0| Pulldown: 0| Intr:0 [0m
[0;32mI (1463) gpio: GPIO[20]| InputEn: 0| OutputEn: 1| OpenDrain: 0| Pullup: 0| Pulldown: 0| Intr:0 [0m
[0;32mI (1470) CAN: Driver initialized
 [0m
[0;32mI (1474) CAN: Driver started
 [0m
[0;32mI (1478) main_task: Returned from app_main()[0m
Guru Meditation Error: Core  / panic'ed (Cache disabled but cached memory region accessed). 
MMU entry fault error occurred while accessing the address 0x3d202974 (invalid mmu entry)


Core  0 register dump:
PC      : 0x40056f5e  PS      : 0x00060034  A0      : 0x8037bb67  A1      : 0x3fc9b7c0  
A2      : 0x3fcaf7a0  A3      : 0x3c1b7f40  A4      : 0x00003e80  A5      : 0x3fcb09a0  
A6      : 0x00000000  A7      : 0xf7bef7be  A8      : 0x00000000  A9      : 0x01ffffff  
A10     : 0x3fcab85c  A11     : 0x00000001  A12     : 0x3fca1280  A13     : 0x3fca1260  
A14     : 0x00000000  A15     : 0x00000000  SAR     : 0x0000001e  EXCCAUSE: 0x00000007  
EXCVADDR: 0x00000000  LBEG    : 0x40056f5c  LEND    : 0x40056f72  LCOUNT  : 0x000002c7  


Backtrace: 0x40056f5b:0x3fc9b7c0 0x4037bb64:0x3fc9b7d0 0x4037bd8d:0x3fc9b7f0 0x4037e0ae:0x3fc9b810 0x4037c205:0x3fc9b840 0x4037dfd7:0x3fca2b20 0x4200395a:0x3fca2b40 0x4038335d:0x3fca2b60 0x4038245d:0x3fca2b80


Core  1 register dump:
PC      : 0x42009eda  PS      : 0x00060034  A0      : 0x80382460  A1      : 0x3fca2400  
A2      : 0x3c0528b4  A3      : 0x00000000  A4      : 0x3fcb6108  A5      : 0x3fc9e2a0  
A6      : 0x00000000  A7      : 0x3c0528b4  A8      : 0x41200000  A9      : 0x3fcb9c90  
A10     : 0x00060023  A11     : 0x00000003  A12     : 0x00060023  A13     : 0x3fcba0c0  
A14     : 0x3fc9dd74  A15     : 0x00000001  SAR     : 0x00000000  EXCCAUSE: 0x00000007  
EXCVADDR: 0x00000000  LBEG    : 0x00000000  LEND    : 0x00000000  LCOUNT  : 0x00000000  


Backtrace: 0x42009ed7:0x3fca2400 0x4038245d:0x3fca2420




ELF file SHA256: c8ff2e89d

Rebooting...
ESP-ROM:esp32s3-20210327
Build:Mar 27 2021
rst:0xc (RTC_SW_CPU_RST),boot:0x8 (SPI_FAST_FLASH_BOOT)
Saved PC:0x40375d8c
SPIWP:0xee
mode:DIO, clock div:1
load:0x3fce3820,len:0x19fc
load:0x403c9700,len:0x4
load:0x403c9704,len:0xe8c
load:0x403cc700,len:0x313c
entry 0x403c9940
[0;32mI (31) boot: ESP-IDF v5.2.3-dirty 2nd stage bootloader[0m
[0;32mI (31) boot: compile time Mar  5 2025 15:20:07[0m
[0;32mI (31) boot: Multicore bootloader[0m
[0;32mI (35) boot: chip revision: v0.2[0m
[0;32mI (39) boot: efuse block revision: v1.3[0m
[0;32mI (43) qio_mode: Enabling default flash chip QIO[0m
[0;32mI (48) boot.esp32s3: Boot SPI Speed : 80MHz[0m
[0;32mI (53) boot.esp32s3: SPI Mode       : QIO[0m
[0;32mI (58) boot.esp32s3: SPI Flash Size : 8MB[0m
[0;32mI (63) boot: Enabling RNG early entropy source...[0m
[0;32mI (68) boot: Partition Table:[0m
[0;32mI (72) boot: ## Label            Usage          Type ST Offset   Length[0m
[0;32mI (79) boot:  0 nvs              WiFi data        01 02 00009000 00006000[0m
[0;32mI (86) boot:  1 phy_init         RF data          01 01 0000f000 00001000[0m
[0;32mI (94) boot:  2 factory          factory app      00 00 00010000 00100000[0m
[0;32mI (101) boot: End of partition table[0m
[0;32mI (106) esp_image: segment 0: paddr=00010020 vaddr=3c050020 size=608a4h (395428) map[0m
[0;32mI (173) esp_image: segment 1: paddr=000708cc vaddr=3fc9a800 size=031a4h ( 12708) load[0m
[0;32mI (175) esp_image: segment 2: paddr=00073a78 vaddr=40374000 size=0c5a0h ( 50592) load[0m
[0;32mI (188) esp_image: segment 3: paddr=00080020 vaddr=42000020 size=4cf84h (315268) map[0m
[0;32mI (235) esp_image: segment 4: paddr=000ccfac vaddr=403805a0 size=0a194h ( 41364) load[0m
[0;32mI (252) boot: Loaded app from partition at offset 0x10000[0m
[0;32mI (253) boot: Disabling RNG early entropy source...[0m
[0;32mI (264) cpu_start: Multicore app[0m
[0;32mI (265) octal_psram: vendor id    : 0x0d (AP)[0m
[0;32mI (265) octal_psram: dev id       : 0x02 (generation 3)[0m
[0;32mI (268) octal_psram: density      : 0x03 (64 Mbit)[0m
[0;32mI (273) octal_psram: good-die     : 0x01 (Pass)[0m
[0;32mI (278) octal_psram: Latency      : 0x01 (Fixed)[0m
[0;32mI (284) octal_psram: VCC          : 0x01 (3V)[0m
[0;32mI (289) octal_psram: SRF          : 0x01 (Fast Refresh)[0m
[0;32mI (294) octal_psram: BurstType    : 0x01 (Hybrid Wrap)[0m
[0;32mI (300) octal_psram: BurstLen     : 0x01 (32 Byte)[0m
[0;32mI (306) octal_psram: Readlatency  : 0x02 (10 cycles@Fixed)[0m
[0;32mI (312) octal_psram: DriveStrength: 0x00 (1/1)[0m
[0;32mI (318) MSPI Timing: PSRAM timing tuning index: 4[0m
[0;32mI (322) esp_psram: Found 8MB PSRAM device[0m
[0;32mI (327) esp_psram: Speed: 80MHz[0m
[0;32mI (356) mmu_psram: Read only data copied and mapped to SPIRAM[0m
[0;32mI (657) esp_psram: SPI SRAM memory test OK[0m
[0;32mI (666) cpu_start: Pro cpu start user code[0m
[0;32mI (666) cpu_start: cpu freq: 240000000 Hz[0m
[0;32mI (666) cpu_start: Application information:[0m
[0;32mI (669) cpu_start: Project name:     lvgl_porting[0m
[0;32mI (674) cpu_start: App version:      v5.2.3-dirty[0m
[0;32mI (680) cpu_start: Compile time:     Mar  5 2025 15:19:46[0m
[0;32mI (686) cpu_start: ELF file SHA256:  c8ff2e89d...[0m
[0;32mI (691) cpu_start: ESP-IDF:          v5.2.3-dirty[0m
[0;32mI (697) cpu_start: Min chip rev:     v0.0[0m
[0;32mI (701) cpu_start: Max chip rev:     v0.99 [0m
[0;32mI (706) cpu_start: Chip rev:         v0.2[0m
[0;32mI (711) heap_init: Initializing. RAM available for dynamic allocation:[0m
[0;32mI (718) heap_init: At 3FC9E9A8 len 0004AD68 (299 KiB): RAM[0m
[0;32mI (724) heap_init: At 3FCE9710 len 00005724 (21 KiB): RAM[0m
[0;32mI (730) heap_init: At 3FCF0000 len 00008000 (32 KiB): DRAM[0m
[0;32mI (736) heap_init: At 600FE010 len 00001FD8 (7 KiB): RTCRAM[0m
[0;32mI (743) esp_psram: Adding pool of 7744K of PSRAM memory to heap allocator[0m
[0;32mI (751) spi_flash: detected chip: gd[0m
[0;32mI (754) spi_flash: flash io: qio[0m
[0;33mW (758) i2c: This driver is an old driver, please migrate your application code to adapt `driver/i2c_master.h`[0m
[0;32mI (769) sleep: Configure to isolate all GPIO pins in sleep state[0m
[0;32mI (776) sleep: Enable automatic switching of GPIO sleep configuration[0m
[0;32mI (783) main_task: Started on CPU0[0m
[0;32mI (787) esp_psram: Reserving pool of 32K of internal memory for DMA/internal allocations[0m
[0;32mI (796) main_task: Calling app_main()[0m
[0;32mI (800) example: Install RGB LCD panel driver[0m
[0;32mI (853) example: Initialize RGB LCD panel[0m
[0;32mI (854) example: Initialize I2C bus[0m
[0;32mI (855) example: Initialize GPIO[0m
[0;32mI (855) gpio: GPIO[4]| InputEn: 0| OutputEn: 1| OpenDrain: 0| Pullup: 0| Pulldown: 0| Intr:0 [0m
[0;32mI (864) example: Initialize Touch LCD[0m
[0;32mI (1269) example: Initialize I2C panel IO[0m
[0;32mI (1269) example: Initialize touch controller GT911[0m
[0;33mW (1269) GT911: Unable to initialize the I2C address[0m
[0;32mI (1274) GT911: TouchPad_ID:0x39,0x31,0x31[0m
[0;32mI (1279) GT911: TouchPad_Config_Version:88[0m
[0;32mI (1286) lv_port: Create LVGL task[0m
[0;32mI (1288) example: Display LVGL demos[0m
[Warn]	(0.128, +128)	 lv_palette_main: Invalid palette: 255 	(in lv_color.c line #285)
[Warn]	(0.156, +28)	 lv_palette_main: Invalid palette: 255 	(in lv_color.c line #285)
[0;32mI (1461) gpio: GPIO[19]| InputEn: 1| OutputEn: 0| OpenDrain: 0| Pullup: 0| Pulldown: 0| Intr:0 [0m
[0;32mI (1463) gpio: GPIO[20]| InputEn: 0| OutputEn: 1| OpenDrain: 0| Pullup: 0| Pulldown: 0| Intr:0 [0m
[0;32mI (1470) CAN: Driver initialized
 [0m
[0;32mI (1474) CAN: Driver started
 [0m
[0;32mI (1478) main_task: Returned from app_main()[0m
Guru Meditation Error: Core  / panic'ed (Cache disabled but cached memory region accessed). 
MMU entry fault error occurred while accessing the address 0x3d202974 (invalid mmu entry)


Core  0 register dump:
PC      : 0x40056f62  PS      : 0x00060034  A0      : 0x8037bb67  A1      : 0x3fc9b7c0  
A2      : 0x3fcaf7a0  A3      : 0x3c1ba870  A4      : 0x00003e80  A5      : 0x3fcb32d0  
A6      : 0xf7bef7be  A7      : 0xf7bef7be  A8      : 0x00000000  A9      : 0x01ffffff  
A10     : 0x3fcab85c  A11     : 0x00000001  A12     : 0x3fca1280  A13     : 0x3fca1260  
A14     : 0x00000000  A15     : 0x00000000  SAR     : 0x0000001e  EXCCAUSE: 0x00000007  
EXCVADDR: 0x00000000  LBEG    : 0x40056f5c  LEND    : 0x40056f72  LCOUNT  : 0x00000034  


Backtrace: 0x40056f5f:0x3fc9b7c0 0x4037bb64:0x3fc9b7d0 0x4037bd8d:0x3fc9b7f0 0x4037e0ae:0x3fc9b810 0x4037c205:0x3fc9b840 0x4037dfd7:0x3fca2b20 0x4200395a:0x3fca2b40 0x4038335d:0x3fca2b60 0x4038245d:0x3fca2b80


Core  1 register dump:
PC      : 0x42009eda  PS      : 0x00060034  A0      : 0x80382460  A1      : 0x3fca2400  
A2      : 0x3c0528b4  A3      : 0x00000000  A4      : 0x3fcb6108  A5      : 0x3fc9e2a0  
A6      : 0x00000000  A7      : 0x3c0528b4  A8      : 0x41200000  A9      : 0x3fcb9c90  
A10     : 0x00060023  A11     : 0x00000003  A12     : 0x00060023  A13     : 0x3fcba0c0  
A14     : 0x3fc9dd74  A15     : 0x00000001  SAR     : 0x00000000  EXCCAUSE: 0x00000007  
EXCVADDR: 0x00000000  LBEG    : 0x00000000  LEND    : 0x00000000  LCOUNT  : 0x00000000  


Backtrace: 0x42009ed7:0x3fca2400 0x4038245d:0x3fca2420




ELF file SHA256: c8ff2e89d

Rebooting...
ESP-ROM:esp32s3-20210327
Build:Mar 27 2021
rst:0xc (RTC_SW_CPU_RST),boot:0x8 (SPI_FAST_FLASH_BOOT)
Saved PC:0x40375d8c
SPIWP:0xee
mode:DIO, clock div:1
load:0x3fce3820,len:0x19fc
load:0x403c9700,len:0x4
load:0x403c9704,len:0xe8c
load:0x403cc700,len:0x313c
entry 0x403c9940
[0;32mI (31) boot: ESP-IDF v5.2.3-dirty 2nd stage bootloader[0m
[0;32mI (31) boot: compile time Mar  5 2025 15:20:07[0m
[0;32mI (31) boot: Multicore bootloader[0m
[0;32mI (35) boot: chip revision: v0.2[0m
[0;32mI (39) boot: efuse block revision: v1.3[0m
[0;32mI (43) qio_mode: Enabling default flash chip QIO[0m
[0;32mI (48) boot.esp32s3: Boot SPI Speed : 80MHz[0m
[0;32mI (53) boot.esp32s3: SPI Mode       : QIO[0m
[0;32mI (58) boot.esp32s3: SPI Flash Size : 8MB[0m
[0;32mI (63) boot: Enabling RNG early entropy source...[0m
[0;32mI (68) boot: Partition Table:[0m
[0;32mI (72) boot: ## Label            Usage          Type ST Offset   Length[0m
[0;32mI (79) boot:  0 nvs              WiFi data        01 02 00009000 00006000[0m
[0;32mI (86) boot:  1 phy_init         RF data          01 01 0000f000 00001000[0m
[0;32mI (94) boot:  2 factory          factory app      00 00 00010000 00100000[0m
[0;32mI (101) boot: End of partition table[0m
[0;32mI (106) esp_image: segment 0: paddr=00010020 vaddr=3c050020 size=608a4h (395428) map[0m
[0;32mI (173) esp_image: segment 1: paddr=000708cc vaddr=3fc9a800 size=031a4h ( 12708) load[0m
[0;32mI (175) esp_image: segment 2: paddr=00073a78 vaddr=40374000 size=0c5a0h ( 50592) load[0m
[0;32mI (188) esp_image: segment 3: paddr=00080020 vaddr=42000020 size=4cf84h (315268) map[0m
[0;32mI (235) esp_image: segment 4: paddr=000ccfac vaddr=403805a0 size=0a194h ( 41364) load[0m
[0;32mI (252) boot: Loaded app from partition at offset 0x10000[0m
[0;32mI (253) boot: Disabling RNG early entropy source...[0m
[0;32mI (264) cpu_start: Multicore app[0m
[0;32mI (265) octal_psram: vendor id    : 0x0d (AP)[0m
[0;32mI (265) octal_psram: dev id       : 0x02 (generation 3)[0m
[0;32mI (268) octal_psram: density      : 0x03 (64 Mbit)[0m
[0;32mI (273) octal_psram: good-die     : 0x01 (Pass)[0m
[0;32mI (278) octal_psram: Latency      : 0x01 (Fixed)[0m
[0;32mI (284) octal_psram: VCC          : 0x01 (3V)[0m
[0;32mI (289) octal_psram: SRF          : 0x01 (Fast Refresh)[0m
[0;32mI (294) octal_psram: BurstType    : 0x01 (Hybrid Wrap)[0m
[0;32mI (300) octal_psram: BurstLen     : 0x01 (32 Byte)[0m
[0;32mI (306) octal_psram: Readlatency  : 0x02 (10 cycles@Fixed)[0m
[0;32mI (312) octal_psram: DriveStrength: 0x00 (1/1)[0m
[0;32mI (318) MSPI Timing: PSRAM timing tuning index: 4[0m
[0;32mI (322) esp_psram: Found 8MB PSRAM device[0m
[0;32mI (327) esp_psram: Speed: 80MHz[0m
[0;32mI (356) mmu_psram: Read only data copied and mapped to SPIRAM[0m
[0;32mI (657) esp_psram: SPI SRAM memory test OK[0m
[0;32mI (666) cpu_start: Pro cpu start user code[0m
[0;32mI (666) cpu_start: cpu freq: 240000000 Hz[0m
[0;32mI (666) cpu_start: Application information:[0m
[0;32mI (669) cpu_start: Project name:     lvgl_porting[0m
[0;32mI (674) cpu_start: App version:      v5.2.3-dirty[0m
[0;32mI (680) cpu_start: Compile time:     Mar  5 2025 15:19:46[0m
[0;32mI (686) cpu_start: ELF file SHA256:  c8ff2e89d...[0m
[0;32mI (691) cpu_start: ESP-IDF:          v5.2.3-dirty[0m
[0;32mI (697) cpu_start: Min chip rev:     v0.0[0m
[0;32mI (701) cpu_start: Max chip rev:     v0.99 [0m
[0;32mI (706) cpu_start: Chip rev:         v0.2[0m
[0;32mI (711) heap_init: Initializing. RAM available for dynamic allocation:[0m
[0;32mI (718) heap_init: At 3FC9E9A8 len 0004AD68 (299 KiB): RAM[0m
[0;32mI (724) heap_init: At 3FCE9710 len 00005724 (21 KiB): RAM[0m
[0;32mI (730) heap_init: At 3FCF0000 len 00008000 (32 KiB): DRAM[0m
[0;32mI (736) heap_init: At 600FE010 len 00001FD8 (7 KiB): RTCRAM[0m
[0;32mI (743) esp_psram: Adding pool of 7744K of PSRAM memory to heap allocator[0m
[0;32mI (751) spi_flash: detected chip: gd[0m
[0;32mI (754) spi_flash: flash io: qio[0m
[0;33mW (758) i2c: This driver is an old driver, please migrate your application code to adapt `driver/i2c_master.h`[0m
[0;32mI (769) sleep: Configure to isolate all GPIO pins in sleep state[0m
[0;32mI (776) sleep: Enable automatic switching of GPIO sleep configuration[0m
[0;32mI (783) main_task: Started on CPU0[0m
[0;32mI (787) esp_psram: Reserving pool of 32K of internal memory for DMA/internal allocations[0m
[0;32mI (796) main_task: Calling app_main()[0m
[0;32mI (800) example: Install RGB LCD panel driver[0m
[0;32mI (853) example: Initialize RGB LCD panel[0m
[0;32mI (854) example: Initialize I2C bus[0m
[0;32mI (855) example: Initialize GPIO[0m
[0;32mI (855) gpio: GPIO[4]| InputEn: 0| OutputEn: 1| OpenDrain: 0| Pullup: 0| Pulldown: 0| Intr:0 [0m
[0;32mI (864) example: Initialize Touch LCD[0m
[0;32mI (1269) example: Initialize I2C panel IO[0m
[0;32mI (1269) example: Initialize touch controller GT911[0m
[0;33mW (1269) GT911: Unable to initialize the I2C address[0m
[0;32mI (1274) GT911: TouchPad_ID:0x39,0x31,0x31[0m
[0;32mI (1279) GT911: TouchPad_Config_Version:88[0m
[0;32mI (1286) lv_port: Create LVGL task[0m
[0;32mI (1288) example: Display LVGL demos[0m
[Warn]	(0.128, +128)	 lv_palette_main: Invalid palette: 255 	(in lv_color.c line #285)
[Warn]	(0.156, +28)	 lv_palette_main: Invalid palette: 255 	(in lv_color.c line #285)
[0;32mI (1461) gpio: GPIO[19]| InputEn: 1| OutputEn: 0| OpenDrain: 0| Pullup: 0| Pulldown: 0| Intr:0 [0m
[0;32mI (1463) gpio: GPIO[20]| InputEn: 0| OutputEn: 1| OpenDrain: 0| Pullup: 0| Pulldown: 0| Intr:0 [0m
[0;32mI (1470) CAN: Driver initialized
 [0m
[0;32mI (1474) CAN: Driver started
 [0m
[0;32mI (1478) main_task: Returned from app_main()[0m
Guru Meditation Error: Core  / panic'ed (Cache disabled but cached memory region accessed). 
MMU entry fault error occurred while accessing the address 0x3d202974 (invalid mmu entry)


Core  0 register dump:
PC      : 0x40056f5e  PS      : 0x00060034  A0      : 0x8037bb67  A1      : 0x3fc9b7c0  
A2      : 0x3fcaf7a0  A3      : 0x3c1b8780  A4      : 0x00003e80  A5      : 0x3fcb11e0  
A6      : 0x00000000  A7      : 0xf7bef7be  A8      : 0x00000000  A9      : 0x01ffffff  
A10     : 0x3fcab85c  A11     : 0x00000001  A12     : 0x3fca1280  A13     : 0x3fca1260  
A14     : 0x00000000  A15     : 0x00000000  SAR     : 0x0000001e  EXCCAUSE: 0x00000007  
EXCVADDR: 0x00000000  LBEG    : 0x40056f5c  LEND    : 0x40056f72  LCOUNT  : 0x00000243  


Backtrace: 0x40056f5b:0x3fc9b7c0 0x4037bb64:0x3fc9b7d0 0x4037bd8d:0x3fc9b7f0 0x4037e0ae:0x3fc9b810 0x4037c205:0x3fc9b840 0x4037dfd7:0x3fca2b20 0x4200395a:0x3fca2b40 0x4038335d:0x3fca2b60 0x4038245d:0x3fca2b80


Core  1 register dump:
PC      : 0x42009eda  PS      : 0x00060034  A0      : 0x80382460  A1      : 0x3fca2400  
A2      : 0x3c0528b4  A3      : 0x00000000  A4      : 0x3fcb6108  A5      : 0x3fc9e2a0  
A6      : 0x00000000  A7      : 0x3c0528b4  A8      : 0x41200000  A9      : 0x3fcb9c90  
A10     : 0x00060023  A11     : 0x00000003  A12     : 0x00060023  A13     : 0x3fcba0c0  
A14     : 0x3fc9dd74  A15     : 0x00000001  SAR     : 0x00000000  EXCCAUSE: 0x00000007  
EXCVADDR: 0x00000000  LBEG    : 0x00000000  LEND    : 0x00000000  LCOUNT  : 0x00000000  


Backtrace: 0x42009ed7:0x3fca2400 0x4038245d:0x3fca2420




ELF file SHA256: c8ff2e89d

Rebooting...
ESP-ROM:esp32s3-20210327
Build:Mar 27 2021
rst:0xc (RTC_SW_CPU_RST),boot:0x8 (SPI_FAST_FLASH_BOOT)
Saved PC:0x40375d8c
SPIWP:0xee
mode:DIO, clock div:1
load:0x3fce3820,len:0x19fc
load:0x403c9700,len:0x4
load:0x403c9704,len:0xe8c
load:0x403cc700,len:0x313c
entry 0x403c9940
[0;32mI (31) boot: ESP-IDF v5.2.3-dirty 2nd stage bootloader[0m
[0;32mI (31) boot: compile time Mar  5 2025 15:20:07[0m
[0;32mI (31) boot: Multicore bootloader[0m
[0;32mI (35) boot: chip revision: v0.2[0m
[0;32mI (39) boot: efuse block revision: v1.3[0m
[0;32mI (43) qio_mode: Enabling default flash chip QIO[0m
[0;32mI (48) boot.esp32s3: Boot SPI Speed : 80MHz[0m
[0;32mI (53) boot.esp32s3: SPI Mode       : QIO[0m
[0;32mI (58) boot.esp32s3: SPI Flash Size : 8MB[0m
[0;32mI (63) boot: Enabling RNG early entropy source...[0m
[0;32mI (68) boot: Partition Table:[0m
[0;32mI (72) boot: ## Label            Usage          Type ST Offset   Length[0m
[0;32mI (79) boot:  0 nvs              WiFi data        01 02 00009000 00006000[0m
[0;32mI (86) boot:  1 phy_init         RF data          01 01 0000f000 00001000[0m
[0;32mI (94) boot:  2 factory          factory app      00 00 00010000 00100000[0m
[0;32mI (101) boot: End of partition table[0m
[0;32mI (106) esp_image: segment 0: paddr=00010020 vaddr=3c050020 size=608a4h (395428) map[0m
[0;32mI (173) esp_image: segment 1: paddr=000708cc vaddr=3fc9a800 size=031a4h ( 12708) load[0m
[0;32mI (175) esp_image: segment 2: paddr=00073a78 vaddr=40374000 size=0c5a0h ( 50592) load[0m
[0;32mI (188) esp_image: segment 3: paddr=00080020 vaddr=42000020 size=4cf84h (315268) map[0m
[0;32mI (235) esp_image: segment 4: paddr=000ccfac vaddr=403805a0 size=0a194h ( 41364) load[0m
[0;32mI (252) boot: Loaded app from partition at offset 0x10000[0m
[0;32mI (253) boot: Disabling RNG early entropy source...[0m
[0;32mI (264) cpu_start: Multicore app[0m
[0;32mI (265) octal_psram: vendor id    : 0x0d (AP)[0m
[0;32mI (265) octal_psram: dev id       : 0x02 (generation 3)[0m
[0;32mI (268) octal_psram: density      : 0x03 (64 Mbit)[0m
[0;32mI (273) octal_psram: good-die     : 0x01 (Pass)[0m
[0;32mI (278) octal_psram: Latency      : 0x01 (Fixed)[0m
[0;32mI (284) octal_psram: VCC          : 0x01 (3V)[0m
[0;32mI (289) octal_psram: SRF          : 0x01 (Fast Refresh)[0m
[0;32mI (294) octal_psram: BurstType    : 0x01 (Hybrid Wrap)[0m
[0;32mI (300) octal_psram: BurstLen     : 0x01 (32 Byte)[0m
[0;32mI (306) octal_psram: Readlatency  : 0x02 (10 cycles@Fixed)[0m
[0;32mI (312) octal_psram: DriveStrength: 0x00 (1/1)[0m
[0;32mI (318) MSPI Timing: PSRAM timing tuning index: 4[0m
[0;32mI (322) esp_psram: Found 8MB PSRAM device[0m
[0;32mI (327) esp_psram: Speed: 80MHz[0m
[0;32mI (356) mmu_psram: Read only data copied and mapped to SPIRAM[0m
[0;32mI (657) esp_psram: SPI SRAM memory test OK[0m
[0;32mI (666) cpu_start: Pro cpu start user code[0m
[0;32mI (666) cpu_start: cpu freq: 240000000 Hz[0m
[0;32mI (666) cpu_start: Application information:[0m
[0;32mI (669) cpu_start: Project name:     lvgl_porting[0m
[0;32mI (674) cpu_start: App version:      v5.2.3-dirty[0m
[0;32mI (680) cpu_start: Compile time:     Mar  5 2025 15:19:46[0m
[0;32mI (686) cpu_start: ELF file SHA256:  c8ff2e89d...[0m
[0;32mI (691) cpu_start: ESP-IDF:          v5.2.3-dirty[0m
[0;32mI (697) cpu_start: Min chip rev:     v0.0[0m
[0;32mI (701) cpu_start: Max chip rev:     v0.99 [0m
[0;32mI (706) cpu_start: Chip rev:         v0.2[0m
[0;32mI (711) heap_init: Initializing. RAM available for dynamic allocation:[0m
[0;32mI (718) heap_init: At 3FC9E9A8 len 0004AD68 (299 KiB): RAM[0m
[0;32mI (724) heap_init: At 3FCE9710 len 00005724 (21 KiB): RAM[0m
[0;32mI (730) heap_init: At 3FCF0000 len 00008000 (32 KiB): DRAM[0m
[0;32mI (736) heap_init: At 600FE010 len 00001FD8 (7 KiB): RTCRAM[0m
[0;32mI (743) esp_psram: Adding pool of 7744K of PSRAM memory to heap allocator[0m
[0;32mI (751) spi_flash: detected chip: gd[0m
[0;32mI (754) spi_flash: flash io: qio[0m
[0;33mW (758) i2c: This driver is an old driver, please migrate your application code to adapt `driver/i2c_master.h`[0m
[0;32mI (769) sleep: Configure to isolate all GPIO pins in sleep state[0m
[0;32mI (776) sleep: Enable automatic switching of GPIO sleep configuration[0m
[0;32mI (783) main_task: Started on CPU0[0m
[0;32mI (787) esp_psram: Reserving pool of 32K of internal memory for DMA/internal allocations[0m
[0;32mI (796) main_task: Calling app_main()[0m
[0;32mI (800) example: Install RGB LCD panel driver[0m
[0;32mI (853) example: Initialize RGB LCD panel[0m
[0;32mI (854) example: Initialize I2C bus[0m
[0;32mI (855) example: Initialize GPIO[0m
[0;32mI (855) gpio: GPIO[4]| InputEn: 0| OutputEn: 1| OpenDrain: 0| Pullup: 0| Pulldown: 0| Intr:0 [0m
[0;32mI (864) example: Initialize Touch LCD[0m
[0;32mI (1269) example: Initialize I2C panel IO[0m
[0;32mI (1269) example: Initialize touch controller GT911[0m
[0;33mW (1269) GT911: Unable to initialize the I2C address[0m
[0;32mI (1274) GT911: TouchPad_ID:0x39,0x31,0x31[0m
[0;32mI (1279) GT911: TouchPad_Config_Version:88[0m
[0;32mI (1286) lv_port: Create LVGL task[0m
[0;32mI (1288) example: Display LVGL demos[0m
[Warn]	(0.128, +128)	 lv_palette_main: Invalid palette: 255 	(in lv_color.c line #285)
[Warn]	(0.156, +28)	 lv_palette_main: Invalid palette: 255 	(in lv_color.c line #285)
[0;32mI (1462) gpio: GPIO[19]| InputEn: 1| OutputEn: 0| OpenDrain: 0| Pullup: 0| Pulldown: 0| Intr:0 [0m
[0;32mI (1463) gpio: GPIO[20]| InputEn: 0| OutputEn: 1| OpenDrain: 0| Pullup: 0| Pulldown: 0| Intr:0 [0m
[0;32mI (1470) CAN: Driver initialized
 [0m
[0;32mI (1474) CAN: Driver started
 [0m
[0;32mI (1478) main_task: Returned from app_main()[0m
Guru Meditation Error: Core  / panic'ed (Cache disabled but cached memory region accessed). 
MMU entry fault error occurred while accessing the address 0x3d202974 (invalid mmu entry)


Core  0 register dump:
PC      : 0x40056f62  PS      : 0x00060034  A0      : 0x8037bb67  A1      : 0x3fc9b7c0  
A2      : 0x3fcaf7a0  A3      : 0x3c1ba850  A4      : 0x00003e80  A5      : 0x3fcb32b0  
A6      : 0xf7bef7be  A7      : 0xf7bef7be  A8      : 0x00000000  A9      : 0x01ffffff  
A10     : 0x3fcab85c  A11     : 0x00000001  A12     : 0x3fca1280  A13     : 0x3fca1260  
A14     : 0x00000000  A15     : 0x00000000  SAR     : 0x0000001e  EXCCAUSE: 0x00000007  
EXCVADDR: 0x00000000  LBEG    : 0x40056f5c  LEND    : 0x40056f72  LCOUNT  : 0x00000036  


Backtrace: 0x40056f5f:0x3fc9b7c0 0x4037bb64:0x3fc9b7d0 0x4037bd8d:0x3fc9b7f0 0x4037e0ae:0x3fc9b810 0x4037c205:0x3fc9b840 0x4037dfd7:0x3fca2b20 0x4200395a:0x3fca2b40 0x4038335d:0x3fca2b60 0x4038245d:0x3fca2b80


Core  1 register dump:
PC      : 0x42009eda  PS      : 0x00060034  A0      : 0x80382460  A1      : 0x3fca2400  
A2      : 0x3c0528b4  A3      : 0x00000000  A4      : 0x3fcb6108  A5      : 0x3fc9e2a0  
A6      : 0x00000000  A7      : 0x3c0528b4  A8      : 0x41200000  A9      : 0x3fcb9c90  
A10     : 0x00060023  A11     : 0x00000003  A12     : 0x00060023  A13     : 0x3fcba0c0  
A14     : 0x3fc9dd74  A15     : 0x00000001  SAR     : 0x00000000  EXCCAUSE: 0x00000007  
EXCVADDR: 0x00000000  LBEG    : 0x00000000  LEND    : 0x00000000  LCOUNT  : 0x00000000  


Backtrace: 0x42009ed7:0x3fca2400 0x4038245d:0x3fca2420




ELF file SHA256: c8ff2e89d

Rebooting...
ESP-ROM:esp32s3-20210327
Build:Mar 27 2021
rst:0xc (RTC_SW_CPU_RST),boot:0x8 (SPI_FAST_FLASH_BOOT)
Saved PC:0x40375d8c
SPIWP:0xee
mode:DIO, clock div:1
load:0x3fce3820,len:0x19fc
load:0x403c9700,len:0x4
load:0x403c9704,len:0xe8c
load:0x403cc700,len:0x313c
entry 0x403c9940
[0;32mI (31) boot: ESP-IDF v5.2.3-dirty 2nd stage bootloader[0m
[0;32mI (31) boot: compile time Mar  5 2025 15:20:07[0m
[0;32mI (31) boot: Multicore bootloader[0m
[0;32mI (35) boot: chip revision: v0.2[0m
[0;32mI (39) boot: efuse block revision: v1.3[0m
[0;32mI (43) qio_mode: Enabling default flash chip QIO[0m
[0;32mI (48) boot.esp32s3: Boot SPI Speed : 80MHz[0m
[0;32mI (53) boot.esp32s3: SPI Mode       : QIO[0m
[0;32mI (58) boot.esp32s3: SPI Flash Size : 8MB[0m
[0;32mI (63) boot: Enabling RNG early entropy source...[0m
[0;32mI (68) boot: Partition Table:[0m
[0;32mI (72) boot: ## Label            Usage          Type ST Offset   Length[0m
[0;32mI (79) boot:  0 nvs              WiFi data        01 02 00009000 00006000[0m
[0;32mI (86) boot:  1 phy_init         RF data          01 01 0000f000 00001000[0m
[0;32mI (94) boot:  2 factory          factory app      00 00 00010000 00100000[0m
[0;32mI (101) boot: End of partition table[0m
[0;32mI (106) esp_image: segment 0: paddr=00010020 vaddr=3c050020 size=608a4h (395428) map[0m
[0;32mI (173) esp_image: segment 1: paddr=000708cc vaddr=3fc9a800 size=031a4h ( 12708) load[0m
[0;32mI (175) esp_image: segment 2: paddr=00073a78 vaddr=40374000 size=0c5a0h ( 50592) load[0m
[0;32mI (188) esp_image: segment 3: paddr=00080020 vaddr=42000020 size=4cf84h (315268) map[0m
[0;32mI (235) esp_image: segment 4: paddr=000ccfac vaddr=403805a0 size=0a194h ( 41364) load[0m
[0;32mI (252) boot: Loaded app from partition at offset 0x10000[0m
[0;32mI (253) boot: Disabling RNG early entropy source...[0m
[0;32mI (264) cpu_start: Multicore app[0m
[0;32mI (265) octal_psram: vendor id    : 0x0d (AP)[0m
[0;32mI (265) octal_psram: dev id       : 0x02 (generation 3)[0m
[0;32mI (268) octal_psram: density      : 0x03 (64 Mbit)[0m
[0;32mI (273) octal_psram: good-die     : 0x01 (Pass)[0m
[0;32mI (278) octal_psram: Latency      : 0x01 (Fixed)[0m
[0;32mI (284) octal_psram: VCC          : 0x01 (3V)[0m
[0;32mI (289) octal_psram: SRF          : 0x01 (Fast Refresh)[0m
[0;32mI (294) octal_psram: BurstType    : 0x01 (Hybrid Wrap)[0m
[0;32mI (300) octal_psram: BurstLen     : 0x01 (32 Byte)[0m
[0;32mI (306) octal_psram: Readlatency  : 0x02 (10 cycles@Fixed)[0m
[0;32mI (312) octal_psram: DriveStrength: 0x00 (1/1)[0m
[0;32mI (318) MSPI Timing: PSRAM timing tuning index: 4[0m
[0;32mI (322) esp_psram: Found 8MB PSRAM device[0m
[0;32mI (327) esp_psram: Speed: 80MHz[0m
[0;32mI (356) mmu_psram: Read only data copied and mapped to SPIRAM[0m
[0;32mI (657) esp_psram: SPI SRAM memory test OK[0m
[0;32mI (666) cpu_start: Pro cpu start user code[0m
[0;32mI (666) cpu_start: cpu freq: 240000000 Hz[0m
[0;32mI (666) cpu_start: Application information:[0m
[0;32mI (669) cpu_start: Project name:     lvgl_porting[0m
[0;32mI (674) cpu_start: App version:      v5.2.3-dirty[0m
[0;32mI (680) cpu_start: Compile time:     Mar  5 2025 15:19:46[0m
[0;32mI (686) cpu_start: ELF file SHA256:  c8ff2e89d...[0m
[0;32mI (691) cpu_start: ESP-IDF:          v5.2.3-dirty[0m
[0;32mI (697) cpu_start: Min chip rev:     v0.0[0m
[0;32mI (701) cpu_start: Max chip rev:     v0.99 [0m
[0;32mI (706) cpu_start: Chip rev:         v0.2[0m
[0;32mI (711) heap_init: Initializing. RAM available for dynamic allocation:[0m
[0;32mI (718) heap_init: At 3FC9E9A8 len 0004AD68 (299 KiB): RAM[0m
[0;32mI (724) heap_init: At 3FCE9710 len 00005724 (21 KiB): RAM[0m
[0;32mI (730) heap_init: At 3FCF0000 len 00008000 (32 KiB): DRAM[0m
[0;32mI (736) heap_init: At 600FE010 len 00001FD8 (7 KiB): RTCRAM[0m
[0;32mI (743) esp_psram: Adding pool of 7744K of PSRAM memory to heap allocator[0m
[0;32mI (751) spi_flash: detected chip: gd[0m
[0;32mI (754) spi_flash: flash io: qio[0m
[0;33mW (758) i2c: This driver is an old driver, please migrate your application code to adapt `driver/i2c_master.h`[0m
[0;32mI (769) sleep: Configure to isolate all GPIO pins in sleep state[0m
[0;32mI (776) sleep: Enable automatic switching of GPIO sleep configuration[0m
[0;32mI (783) main_task: Started on CPU0[0m
[0;32mI (787) esp_psram: Reserving pool of 32K of internal memory for DMA/internal allocations[0m
[0;32mI (796) main_task: Calling app_main()[0m
[0;32mI (800) example: Install RGB LCD panel driver[0m
[0;32mI (853) example: Initialize RGB LCD panel[0m
[0;32mI (854) example: Initialize I2C bus[0m
[0;32mI (855) example: Initialize GPIO[0m
[0;32mI (855) gpio: GPIO[4]| InputEn: 0| OutputEn: 1| OpenDrain: 0| Pullup: 0| Pulldown: 0| Intr:0 [0m
[0;32mI (864) example: Initialize Touch LCD[0m
[0;32mI (1269) example: Initialize I2C panel IO[0m
[0;32mI (1269) example: Initialize touch controller GT911[0m
[0;33mW (1269) GT911: Unable to initialize the I2C address[0m
[0;32mI (1274) GT911: TouchPad_ID:0x39,0x31,0x31[0m
[0;32mI (1279) GT911: TouchPad_Config_Version:88[0m
[0;32mI (1286) lv_port: Create LVGL task[0m
[0;32mI (1288) example: Display LVGL demos[0m
[Warn]	(0.128, +128)	 lv_palette_main: Invalid palette: 255 	(in lv_color.c line #285)
[Warn]	(0.156, +28)	 lv_palette_main: Invalid palette: 255 	(in lv_color.c line #285)
[0;32mI (1461) gpio: GPIO[19]| InputEn: 1| OutputEn: 0| OpenDrain: 0| Pullup: 0| Pulldown: 0| Intr:0 [0m
[0;32mI (1463) gpio: GPIO[20]| InputEn: 0| OutputEn: 1| OpenDrain: 0| Pullup: 0| Pulldown: 0| Intr:0 [0m
[0;32mI (1470) CAN: Driver initialized
 [0m
[0;32mI (1474) CAN: Driver started
 [0m
[0;32mI (1478) main_task: Returned from app_main()[0m
Guru Meditation Error: Core  / panic'ed (Cache disabled but cached memory region accessed). 
MMU entry fault error occurred while accessing the address 0x3d202974 (invalid mmu entry)


Core  0 register dump:
PC      : 0x40056f62  PS      : 0x00060034  A0      : 0x8037bb67  A1      : 0x3fc9b7c0  
A2      : 0x3fcaf7a0  A3      : 0x3c1ba420  A4      : 0x00003e80  A5      : 0x3fcb2e80  
A6      : 0xf7bef7be  A7      : 0xf7bef7be  A8      : 0x00000000  A9      : 0x01ffffff  
A10     : 0x3fcab85c  A11     : 0x00000001  A12     : 0x3fca1280  A13     : 0x3fca1260  
A14     : 0x00000000  A15     : 0x00000000  SAR     : 0x0000001e  EXCCAUSE: 0x00000007  
EXCVADDR: 0x00000000  LBEG    : 0x40056f5c  LEND    : 0x40056f72  LCOUNT  : 0x00000079  


Backtrace: 0x40056f5f:0x3fc9b7c0 0x4037bb64:0x3fc9b7d0 0x4037bd8d:0x3fc9b7f0 0x4037e0ae:0x3fc9b810 0x4037c205:0x3fc9b840 0x4037dfd7:0x3fca2b20 0x4200395a:0x3fca2b40 0x4038335d:0x3fca2b60 0x4038245d:0x3fca2b80


Core  1 register dump:
PC      : 0x42009eda  PS      : 0x00060034  A0      : 0x80382460  A1      : 0x3fca2400  
A2      : 0x3c0528b4  A3      : 0x00000000  A4      : 0x3fcb6108  A5      : 0x3fc9e2a0  
A6      : 0x00000000  A7      : 0x3c0528b4  A8      : 0x41200000  A9      : 0x3fcb9c90  
A10     : 0x00060023  A11     : 0x00000003  A12     : 0x00060023  A13     : 0x3fcba0c0  
A14     : 0x3fc9dd74  A15     : 0x00000001  SAR     : 0x00000000  EXCCAUSE: 0x00000007  
EXCVADDR: 0x00000000  LBEG    : 0x00000000  LEND    : 0x00000000  LCOUNT  : 0x00000000  


Backtrace: 0x42009ed7:0x3fca2400 0x4038245d:0x3fca2420




ELF file SHA256: c8ff2e89d

Rebooting...
ESP-ROM:esp32s3-20210327
Build:Mar 27 2021
rst:0xc (RTC_SW_CPU_RST),boot:0x8 (SPI_FAST_FLASH_BOOT)
Saved PC:0x40375d8c
SPIWP:0xee
mode:DIO, clock div:1
load:0x3fce3820,len:0x19fc
load:0x403c9700,len:0x4
load:0x403c9704,len:0xe8c
load:0x403cc700,len:0x313c
entry 0x403c9940
[0;32mI (31) boot: ESP-IDF v5.2.3-dirty 2nd stage bootloader[0m
[0;32mI (31) boot: compile time Mar  5 2025 15:20:07[0m
[0;32mI (31) boot: Multicore bootloader[0m
[0;32mI (35) boot: chip revision: v0.2[0m
[0;32mI (39) boot: efuse block revision: v1.3[0m
[0;32mI (43) qio_mode: Enabling default flash chip QIO[0m
[0;32mI (48) boot.esp32s3: Boot SPI Speed : 80MHz[0m
[0;32mI (53) boot.esp32s3: SPI Mode       : QIO[0m
[0;32mI (58) boot.esp32s3: SPI Flash Size : 8MB[0m
[0;32mI (63) boot: Enabling RNG early entropy source...[0m
[0;32mI (68) boot: Partition Table:[0m
[0;32mI (72) boot: ## Label            Usage          Type ST Offset   Length[0m
[0;32mI (79) boot:  0 nvs              WiFi data        01 02 00009000 00006000[0m
[0;32mI (86) boot:  1 phy_init         RF data          01 01 0000f000 00001000[0m
[0;32mI (94) boot:  2 factory          factory app      00 00 00010000 00100000[0m
[0;32mI (101) boot: End of partition table[0m
[0;32mI (106) esp_image: segment 0: paddr=00010020 vaddr=3c050020 size=608a4h (395428) map[0m
[0;32mI (173) esp_image: segment 1: paddr=000708cc vaddr=3fc9a800 size=031a4h ( 12708) load[0m
[0;32mI (175) esp_image: segment 2: paddr=00073a78 vaddr=40374000 size=0c5a0h ( 50592) load[0m
[0;32mI (188) esp_image: segment 3: paddr=00080020 vaddr=42000020 size=4cf84h (315268) map[0m
[0;32mI (235) esp_image: segment 4: paddr=000ccfac vaddr=403805a0 size=0a194h ( 41364) load[0m
[0;32mI (252) boot: Loaded app from partition at offset 0x10000[0m
[0;32mI (253) boot: Disabling RNG early entropy source...[0m
[0;32mI (264) cpu_start: Multicore app[0m
[0;32mI (265) octal_psram: vendor id    : 0x0d (AP)[0m
[0;32mI (265) octal_psram: dev id       : 0x02 (generation 3)[0m
[0;32mI (268) octal_psram: density      : 0x03 (64 Mbit)[0m
[0;32mI (273) octal_psram: good-die     : 0x01 (Pass)[0m
[0;32mI (278) octal_psram: Latency      : 0x01 (Fixed)[0m
[0;32mI (284) octal_psram: VCC          : 0x01 (3V)[0m
[0;32mI (289) octal_psram: SRF          : 0x01 (Fast Refresh)[0m
[0;32mI (294) octal_psram: BurstType    : 0x01 (Hybrid Wrap)[0m
[0;32mI (300) octal_psram: BurstLen     : 0x01 (32 Byte)[0m
[0;32mI (306) octal_psram: Readlatency  : 0x02 (10 cycles@Fixed)[0m
[0;32mI (312) octal_psram: DriveStrength: 0x00 (1/1)[0m
[0;32mI (318) MSPI Timing: PSRAM timing tuning index: 4[0m
[0;32mI (322) esp_psram: Found 8MB PSRAM device[0m
[0;32mI (327) esp_psram: Speed: 80MHz[0m
[0;32mI (356) mmu_psram: Read only data copied and mapped to SPIRAM[0m
[0;32mI (657) esp_psram: SPI SRAM memory test OK[0m
[0;32mI (666) cpu_start: Pro cpu start user code[0m
[0;32mI (666) cpu_start: cpu freq: 240000000 Hz[0m
[0;32mI (666) cpu_start: Application information:[0m
[0;32mI (669) cpu_start: Project name:     lvgl_porting[0m
[0;32mI (674) cpu_start: App version:      v5.2.3-dirty[0m
[0;32mI (680) cpu_start: Compile time:     Mar  5 2025 15:19:46[0m
[0;32mI (686) cpu_start: ELF file SHA256:  c8ff2e89d...[0m
[0;32mI (691) cpu_start: ESP-IDF:          v5.2.3-dirty[0m
[0;32mI (697) cpu_start: Min chip rev:     v0.0[0m
[0;32mI (701) cpu_start: Max chip rev:     v0.99 [0m
[0;32mI (706) cpu_start: Chip rev:         v0.2[0m
[0;32mI (711) heap_init: Initializing. RAM available for dynamic allocation:[0m
[0;32mI (718) heap_init: At 3FC9E9A8 len 0004AD68 (299 KiB): RAM[0m
[0;32mI (724) heap_init: At 3FCE9710 len 00005724 (21 KiB): RAM[0m
[0;32mI (730) heap_init: At 3FCF0000 len 00008000 (32 KiB): DRAM[0m
[0;32mI (736) heap_init: At 600FE010 len 00001FD8 (7 KiB): RTCRAM[0m
[0;32mI (743) esp_psram: Adding pool of 7744K of PSRAM memory to heap allocator[0m
[0;32mI (751) spi_flash: detected chip: gd[0m
[0;32mI (754) spi_flash: flash io: qio[0m
[0;33mW (758) i2c: This driver is an old driver, please migrate your application code to adapt `driver/i2c_master.h`[0m
[0;32mI (769) sleep: Configure to isolate all GPIO pins in sleep state[0m
[0;32mI (776) sleep: Enable automatic switching of GPIO sleep configuration[0m
[0;32mI (783) main_task: Started on CPU0[0m
[0;32mI (787) esp_psram: Reserving pool of 32K of internal memory for DMA/internal allocations[0m
[0;32mI (796) main_task: Calling app_main()[0m
[0;32mI (800) example: Install RGB LCD panel driver[0m
[0;32mI (853) example: Initialize RGB LCD panel[0m
[0;32mI (854) example: Initialize I2C bus[0m
[0;32mI (855) example: Initialize GPIO[0m
[0;32mI (855) gpio: GPIO[4]| InputEn: 0| OutputEn: 1| OpenDrain: 0| Pullup: 0| Pulldown: 0| Intr:0 [0m
[0;32mI (864) example: Initialize Touch LCD[0m
[0;32mI (1269) example: Initialize I2C panel IO[0m
[0;32mI (1269) example: Initialize touch controller GT911[0m
[0;33mW (1269) GT911: Unable to initialize the I2C address[0m
[0;32mI (1274) GT911: TouchPad_ID:0x39,0x31,0x31[0m
[0;32mI (1279) GT911: TouchPad_Config_Version:88[0m
[0;32mI (1286) lv_port: Create LVGL task[0m
[0;32mI (1288) example: Display LVGL demos[0m
[Warn]	(0.128, +128)	 lv_palette_main: Invalid palette: 255 	(in lv_color.c line #285)
[Warn]	(0.156, +28)	 lv_palette_main: Invalid palette: 255 	(in lv_color.c line #285)
[0;32mI (1462) gpio: GPIO[19]| InputEn: 1| OutputEn: 0| OpenDrain: 0| Pullup: 0| Pulldown: 0| Intr:0 [0m
[0;32mI (1463) gpio: GPIO[20]| InputEn: 0| OutputEn: 1| OpenDrain: 0| Pullup: 0| Pulldown: 0| Intr:0 [0m
[0;32mI (1470) CAN: Driver initialized
 [0m
[0;32mI (1474) CAN: Driver started
 [0m
[0;32mI (1478) main_task: Returned from app_main()[0m
Guru Meditation Error: Core  / panic'ed (Cache disabled but cached memory region accessed). 
MMU entry fault error occurred while accessing the address 0x3d202974 (invalid mmu entry)


Core  0 register dump:
PC      : 0x40056f5e  PS      : 0x00060034  A0      : 0x8037bb67  A1      : 0x3fc9b7c0  
A2      : 0x3fcaf7a0  A3      : 0x3c1b7e80  A4      : 0x00003e80  A5      : 0x3fcb08e0  
A6      : 0x00000000  A7      : 0xf7bef7be  A8      : 0x00000000  A9      : 0x01ffffff  
A10     : 0x3fcab85c  A11     : 0x00000001  A12     : 0x3fca1280  A13     : 0x3fca1260  
A14     : 0x00000000  A15     : 0x00000000  SAR     : 0x0000001e  EXCCAUSE: 0x00000007  
EXCVADDR: 0x00000000  LBEG    : 0x40056f5c  LEND    : 0x40056f72  LCOUNT  : 0x000002d3  


Backtrace: 0x40056f5b:0x3fc9b7c0 0x4037bb64:0x3fc9b7d0 0x4037bd8d:0x3fc9b7f0 0x4037e0ae:0x3fc9b810 0x4037c205:0x3fc9b840 0x4037dfd7:0x3fca2b20 0x4200395a:0x3fca2b40 0x4038335d:0x3fca2b60 0x4038245d:0x3fca2b80


Core  1 register dump:
PC      : 0x42009eda  PS      : 0x00060034  A0      : 0x80382460  A1      : 0x3fca2400  
A2      : 0x3c0528b4  A3      : 0x00000000  A4      : 0x3fcb6108  A5      : 0x3fc9e2a0  
A6      : 0x00000000  A7      : 0x3c0528b4  A8      : 0x41200000  A9      : 0x3fcb9c90  
A10     : 0x00060023  A11     : 0x00000003  A12     : 0x00060023  A13     : 0x3fcba0c0  
A14     : 0x3fc9dd74  A15     : 0x00000001  SAR     : 0x00000000  EXCCAUSE: 0x00000007  
EXCVADDR: 0x00000000  LBEG    : 0x00000000  LEND    : 0x00000000  LCOUNT  : 0x00000000  


Backtrace: 0x42009ed7:0x3fca2400 0x4038245d:0x3fca2420




ELF file SHA256: c8ff2e89d

Rebooting...
ESP-ROM:esp32s3-20210327
Build:Mar 27 2021
rst:0xc (RTC_SW_CPU_RST),boot:0x8 (SPI_FAST_FLASH_BOOT)
Saved PC:0x40375d8c
SPIWP:0xee
mode:DIO, clock div:1
load:0x3fce3820,len:0x19fc
load:0x403c9700,len:0x4
load:0x403c9704,len:0xe8c
load:0x403cc700,len:0x313c
entry 0x403c9940
[0;32mI (31) boot: ESP-IDF v5.2.3-dirty 2nd stage bootloader[0m
[0;32mI (31) boot: compile time Mar  5 2025 15:20:07[0m
[0;32mI (31) boot: Multicore bootloader[0m
[0;32mI (35) boot: chip revision: v0.2[0m
[0;32mI (39) boot: efuse block revision: v1.3[0m
[0;32mI (43) qio_mode: Enabling default flash chip QIO[0m
[0;32mI (48) boot.esp32s3: Boot SPI Speed : 80MHz[0m
[0;32mI (53) boot.esp32s3: SPI Mode       : QIO[0m
[0;32mI (58) boot.esp32s3: SPI Flash Size : 8MB[0m
[0;32mI (63) boot: Enabling RNG early entropy source...[0m
[0;32mI (68) boot: Partition Table:[0m
[0;32mI (72) boot: ## Label            Usage          Type ST Offset   Length[0m
[0;32mI (79) boot:  0 nvs              WiFi data        01 02 00009000 00006000[0m
[0;32mI (86) boot:  1 phy_init         RF data          01 01 0000f000 00001000[0m
[0;32mI (94) boot:  2 factory          factory app      00 00 00010000 00100000[0m
[0;32mI (101) boot: End of partition table[0m
[0;32mI (106) esp_image: segment 0: paddr=00010020 vaddr=3c050020 size=608a4h (395428) map[0m
[0;32mI (173) esp_image: segment 1: paddr=000708cc vaddr=3fc9a800 size=031a4h ( 12708) load[0m
[0;32mI (175) esp_image: segment 2: paddr=00073a78 vaddr=40374000 size=0c5a0h ( 50592) load[0m
[0;32mI (188) esp_image: segment 3: paddr=00080020 vaddr=42000020 size=4cf84h (315268) map[0m
[0;32mI (235) esp_image: segment 4: paddr=000ccfac vaddr=403805a0 size=0a194h ( 41364) load[0m
[0;32mI (252) boot: Loaded app from partition at offset 0x10000[0m
[0;32mI (253) boot: Disabling RNG early entropy source...[0m
[0;32mI (264) cpu_start: Multicore app[0m
[0;32mI (265) octal_psram: vendor id    : 0x0d (AP)[0m
[0;32mI (265) octal_psram: dev id       : 0x02 (generation 3)[0m
[0;32mI (268) octal_psram: density      : 0x03 (64 Mbit)[0m
[0;32mI (273) octal_psram: good-die     : 0x01 (Pass)[0m
[0;32mI (278) octal_psram: Latency      : 0x01 (Fixed)[0m
[0;32mI (284) octal_psram: VCC          : 0x01 (3V)[0m
[0;32mI (289) octal_psram: SRF          : 0x01 (Fast Refresh)[0m
[0;32mI (294) octal_psram: BurstType    : 0x01 (Hybrid Wrap)[0m
[0;32mI (300) octal_psram: BurstLen     : 0x01 (32 Byte)[0m
[0;32mI (306) octal_psram: Readlatency  : 0x02 (10 cycles@Fixed)[0m
[0;32mI (312) octal_psram: DriveStrength: 0x00 (1/1)[0m
[0;32mI (318) MSPI Timing: PSRAM timing tuning index: 4[0m
[0;32mI (322) esp_psram: Found 8MB PSRAM device[0m
[0;32mI (327) esp_psram: Speed: 80MHz[0m
[0;32mI (356) mmu_psram: Read only data copied and mapped to SPIRAM[0m
[0;32mI (657) esp_psram: SPI SRAM memory test OK[0m
[0;32mI (666) cpu_start: Pro cpu start user code[0m
[0;32mI (666) cpu_start: cpu freq: 240000000 Hz[0m
[0;32mI (666) cpu_start: Application information:[0m
[0;32mI (669) cpu_start: Project name:     lvgl_porting[0m
[0;32mI (674) cpu_start: App version:      v5.2.3-dirty[0m
[0;32mI (680) cpu_start: Compile time:     Mar  5 2025 15:19:46[0m
[0;32mI (686) cpu_start: ELF file SHA256:  c8ff2e89d...[0m
[0;32mI (691) cpu_start: ESP-IDF:          v5.2.3-dirty[0m
[0;32mI (697) cpu_start: Min chip rev:     v0.0[0m
[0;32mI (701) cpu_start: Max chip rev:     v0.99 [0m
[0;32mI (706) cpu_start: Chip rev:         v0.2[0m
[0;32mI (711) heap_init: Initializing. RAM available for dynamic allocation:[0m
[0;32mI (718) heap_init: At 3FC9E9A8 len 0004AD68 (299 KiB): RAM[0m
[0;32mI (724) heap_init: At 3FCE9710 len 00005724 (21 KiB): RAM[0m
[0;32mI (730) heap_init: At 3FCF0000 len 00008000 (32 KiB): DRAM[0m
[0;32mI (736) heap_init: At 600FE010 len 00001FD8 (7 KiB): RTCRAM[0m
[0;32mI (743) esp_psram: Adding pool of 7744K of PSRAM memory to heap allocator[0m
[0;32mI (751) spi_flash: detected chip: gd[0m
[0;32mI (754) spi_flash: flash io: qio[0m
[0;33mW (758) i2c: This driver is an old driver, please migrate your application code to adapt `driver/i2c_master.h`[0m
[0;32mI (769) sleep: Configure to isolate all GPIO pins in sleep state[0m
[0;32mI (776) sleep: Enable automatic switching of GPIO sleep configuration[0m
[0;32mI (783) main_task: Started on CPU0[0m
[0;32mI (787) esp_psram: Reserving pool of 32K of internal memory for DMA/internal allocations[0m
[0;32mI (796) main_task: Calling app_main()[0m
[0;32mI (800) example: Install RGB LCD panel driver[0m
[0;32mI (853) example: Initialize RGB LCD panel[0m
[0;32mI (854) example: Initialize I2C bus[0m
[0;32mI (855) example: Initialize GPIO[0m
[0;32mI (855) gpio: GPIO[4]| InputEn: 0| OutputEn: 1| OpenDrain: 0| Pullup: 0| Pulldown: 0| Intr:0 [0m
[0;32mI (864) example: Initialize Touch LCD[0m
[0;32mI (1269) example: Initialize I2C panel IO[0m
[0;32mI (1269) example: Initialize touch controller GT911[0m
[0;33mW (1269) GT911: Unable to initialize the I2C address[0m
[0;32mI (1274) GT911: TouchPad_ID:0x39,0x31,0x31[0m
[0;32mI (1279) GT911: TouchPad_Config_Version:88[0m
[0;32mI (1286) lv_port: Create LVGL task[0m
[0;32mI (1288) example: Display LVGL demos[0m
[Warn]	(0.128, +128)	 lv_palette_main: Invalid palette: 255 	(in lv_color.c line #285)
[Warn]	(0.156, +28)	 lv_palette_main: Invalid palette: 255 	(in lv_color.c line #285)
[0;32mI (1461) gpio: GPIO[19]| InputEn: 1| OutputEn: 0| OpenDrain: 0| Pullup: 0| Pulldown: 0| Intr:0 [0m
[0;32mI (1463) gpio: GPIO[20]| InputEn: 0| OutputEn: 1| OpenDrain: 0| Pullup: 0| Pulldown: 0| Intr:0 [0m
[0;32mI (1470) CAN: Driver initialized
 [0m
[0;32mI (1474) CAN: Driver started
 [0m
[0;32mI (1478) main_task: Returned from app_main()[0m
Guru Meditation Error: Core  / panic'ed (Cache disabled but cached memory region accessed). 
MMU entry fault error occurred while accessing the address 0x3d202974 (invalid mmu entry)


Core  0 register dump:
PC      : 0x40056f62  PS      : 0x00060034  A0      : 0x8037bb67  A1      : 0x3fc9b7c0  
A2      : 0x3fcaf7a0  A3      : 0x3c1baad0  A4      : 0x00003e80  A5      : 0x3fcb3530  
A6      : 0xf7bef7be  A7      : 0xf7bef7be  A8      : 0x00000000  A9      : 0x01ffffff  
A10     : 0x3fcab85c  A11     : 0x00000001  A12     : 0x3fca1280  A13     : 0x3fca1260  
A14     : 0x00000000  A15     : 0x00000000  SAR     : 0x0000001e  EXCCAUSE: 0x00000007  
EXCVADDR: 0x00000000  LBEG    : 0x40056f5c  LEND    : 0x40056f72  LCOUNT  : 0x0000000e  


Backtrace: 0x40056f5f:0x3fc9b7c0 0x4037bb64:0x3fc9b7d0 0x4037bd8d:0x3fc9b7f0 0x4037e0ae:0x3fc9b810 0x4037c205:0x3fc9b840 0x4037dfd7:0x3fca2b20 0x4200395a:0x3fca2b40 0x4038335d:0x3fca2b60 0x4038245d:0x3fca2b80


Core  1 register dump:
PC      : 0x42009eda  PS      : 0x00060034  A0      : 0x80382460  A1      : 0x3fca2400  
A2      : 0x3c0528b4  A3      : 0x00000000  A4      : 0x3fcb6108  A5      : 0x3fc9e2a0  
A6      : 0x00000000  A7      : 0x3c0528b4  A8      : 0x41200000  A9      : 0x3fcb9c90  
A10     : 0x00060023  A11     : 0x00000003  A12     : 0x00060023  A13     : 0x3fcba0c0  
A14     : 0x3fc9dd74  A15     : 0x00000001  SAR     : 0x00000000  EXCCAUSE: 0x00000007  
EXCVADDR: 0x00000000  LBEG    : 0x00000000  LEND    : 0x00000000  LCOUNT  : 0x00000000  


Backtrace: 0x42009ed7:0x3fca2400 0x4038245d:0x3fca2420




ELF file SHA256: c8ff2e89d

Rebooting...
ESP-ROM:esp32s3-20210327
Build:Mar 27 2021
rst:0xc (RTC_SW_CPU_RST),boot:0x8 (SPI_FAST_FLASH_BOOT)
Saved PC:0x40375d8c
SPIWP:0xee
mode:DIO, clock div:1
load:0x3fce3820,len:0x19fc
load:0x403c9700,len:0x4
load:0x403c9704,len:0xe8c
load:0x403cc700,len:0x313c
entry 0x403c9940
[0;32mI (31) boot: ESP-IDF v5.2.3-dirty 2nd stage bootloader[0m
[0;32mI (31) boot: compile time Mar  5 2025 15:20:07[0m
[0;32mI (31) boot: Multicore bootloader[0m
[0;32mI (35) boot: chip revision: v0.2[0m
[0;32mI (39) boot: efuse block revision: v1.3[0m
[0;32mI (43) qio_mode: Enabling default flash chip QIO[0m
[0;32mI (48) boot.esp32s3: Boot SPI Speed : 80MHz[0m
[0;32mI (53) boot.esp32s3: SPI Mode       : QIO[0m
[0;32mI (58) boot.esp32s3: SPI Flash Size : 8MB[0m
[0;32mI (63) boot: Enabling RNG early entropy source...[0m
[0;32mI (68) boot: Partition Table:[0m
[0;32mI (72) boot: ## Label            Usage          Type ST Offset   Length[0m
[0;32mI (79) boot:  0 nvs              WiFi data        01 02 00009000 00006000[0m
[0;32mI (86) boot:  1 phy_init         RF data          01 01 0000f000 00001000[0m
[0;32mI (94) boot:  2 factory          factory app      00 00 00010000 00100000[0m
[0;32mI (101) boot: End of partition table[0m
[0;32mI (106) esp_image: segment 0: paddr=00010020 vaddr=3c050020 size=608a4h (395428) map[0m
[0;32mI (173) esp_image: segment 1: paddr=000708cc vaddr=3fc9a800 size=031a4h ( 12708) load[0m
[0;32mI (175) esp_image: segment 2: paddr=00073a78 vaddr=40374000 size=0c5a0h ( 50592) load[0m
[0;32mI (188) esp_image: segment 3: paddr=00080020 vaddr=42000020 size=4cf84h (315268) map[0m
[0;32mI (235) esp_image: segment 4: paddr=000ccfac vaddr=403805a0 size=0a194h ( 41364) load[0m
[0;32mI (252) boot: Loaded app from partition at offset 0x10000[0m
[0;32mI (253) boot: Disabling RNG early entropy source...[0m
[0;32mI (264) cpu_start: Multicore app[0m
[0;32mI (265) octal_psram: vendor id    : 0x0d (AP)[0m
[0;32mI (265) octal_psram: dev id       : 0x02 (generation 3)[0m
[0;32mI (268) octal_psram: density      : 0x03 (64 Mbit)[0m
[0;32mI (273) octal_psram: good-die     : 0x01 (Pass)[0m
[0;32mI (278) octal_psram: Latency      : 0x01 (Fixed)[0m
[0;32mI (284) octal_psram: VCC          : 0x01 (3V)[0m
[0;32mI (289) octal_psram: SRF          : 0x01 (Fast Refresh)[0m
[0;32mI (294) octal_psram: BurstType    : 0x01 (Hybrid Wrap)[0m
[0;32mI (300) octal_psram: BurstLen     : 0x01 (32 Byte)[0m
[0;32mI (306) octal_psram: Readlatency  : 0x02 (10 cycles@Fixed)[0m
[0;32mI (312) octal_psram: DriveStrength: 0x00 (1/1)[0m
[0;32mI (318) MSPI Timing: PSRAM timing tuning index: 4[0m
[0;32mI (322) esp_psram: Found 8MB PSRAM device[0m
[0;32mI (327) esp_psram: Speed: 80MHz[0m
[0;32mI (356) mmu_psram: Read only data copied and mapped to SPIRAM[0m
[0;32mI (657) esp_psram: SPI SRAM memory test OK[0m
[0;32mI (666) cpu_start: Pro cpu start user code[0m
[0;32mI (666) cpu_start: cpu freq: 240000000 Hz[0m
[0;32mI (666) cpu_start: Application information:[0m
[0;32mI (669) cpu_start: Project name:     lvgl_porting[0m
[0;32mI (674) cpu_start: App version:      v5.2.3-dirty[0m
[0;32mI (680) cpu_start: Compile time:     Mar  5 2025 15:19:46[0m
[0;32mI (686) cpu_start: ELF file SHA256:  c8ff2e89d...[0m
[0;32mI (691) cpu_start: ESP-IDF:          v5.2.3-dirty[0m
[0;32mI (697) cpu_start: Min chip rev:     v0.0[0m
[0;32mI (701) cpu_start: Max chip rev:     v0.99 [0m
[0;32mI (706) cpu_start: Chip rev:         v0.2[0m
[0;32mI (711) heap_init: Initializing. RAM available for dynamic allocation:[0m
[0;32mI (718) heap_init: At 3FC9E9A8 len 0004AD68 (299 KiB): RAM[0m
[0;32mI (724) heap_init: At 3FCE9710 len 00005724 (21 KiB): RAM[0m
[0;32mI (730) heap_init: At 3FCF0000 len 00008000 (32 KiB): DRAM[0m
[0;32mI (736) heap_init: At 600FE010 len 00001FD8 (7 KiB): RTCRAM[0m
[0;32mI (743) esp_psram: Adding pool of 7744K of PSRAM memory to heap allocator[0m
[0;32mI (751) spi_flash: detected chip: gd[0m
[0;32mI (754) spi_flash: flash io: qio[0m
[0;33mW (758) i2c: This driver is an old driver, please migrate your application code to adapt `driver/i2c_master.h`[0m
[0;32mI (769) sleep: Configure to isolate all GPIO pins in sleep state[0m
[0;32mI (776) sleep: Enable automatic switching of GPIO sleep configuration[0m
[0;32mI (783) main_task: Started on CPU0[0m
[0;32mI (787) esp_psram: Reserving pool of 32K of internal memory for DMA/internal allocations[0m
[0;32mI (796) main_task: Calling app_main()[0m
[0;32mI (800) example: Install RGB LCD panel driver[0m
[0;32mI (853) example: Initialize RGB LCD panel[0m
[0;32mI (854) example: Initialize I2C bus[0m
[0;32mI (855) example: Initialize GPIO[0m
[0;32mI (855) gpio: GPIO[4]| InputEn: 0| OutputEn: 1| OpenDrain: 0| Pullup: 0| Pulldown: 0| Intr:0 [0m
[0;32mI (864) example: Initialize Touch LCD[0m
[0;32mI (1269) example: Initialize I2C panel IO[0m
[0;32mI (1269) example: Initialize touch controller GT911[0m
[0;33mW (1269) GT911: Unable to initialize the I2C address[0m
[0;32mI (1274) GT911: TouchPad_ID:0x39,0x31,0x31[0m
[0;32mI (1279) GT911: TouchPad_Config_Version:88[0m
[0;32mI (1286) lv_port: Create LVGL task[0m
[0;32mI (1288) example: Display LVGL demos[0m
[Warn]	(0.128, +128)	 lv_palette_main: Invalid palette: 255 	(in lv_color.c line #285)
[Warn]	(0.156, +28)	 lv_palette_main: Invalid palette: 255 	(in lv_color.c line #285)
[0;32mI (1461) gpio: GPIO[19]| InputEn: 1| OutputEn: 0| OpenDrain: 0| Pullup: 0| Pulldown: 0| Intr:0 [0m
[0;32mI (1463) gpio: GPIO[20]| InputEn: 0| OutputEn: 1| OpenDrain: 0| Pullup: 0| Pulldown: 0| Intr:0 [0m
[0;32mI (1470) CAN: Driver initialized
 [0m
[0;32mI (1474) CAN: Driver started
 [0m
[0;32mI (1478) main_task: Returned from app_main()[0m
Guru Meditation Error: Core  / panic'ed (Cache disabled but cached memory region accessed). 
MMU entry fault error occurred while accessing the address 0x3d202974 (invalid mmu entry)


Core  0 register dump:
PC      : 0x40056f62  PS      : 0x00060034  A0      : 0x8037bb67  A1      : 0x3fc9b7c0  
A2      : 0x3fcaf7a0  A3      : 0x3c1ba400  A4      : 0x00003e80  A5      : 0x3fcb2e60  
A6      : 0xf7bef7be  A7      : 0xf7bef7be  A8      : 0x00000000  A9      : 0x01ffffff  
A10     : 0x3fcab85c  A11     : 0x00000001  A12     : 0x3fca1280  A13     : 0x3fca1260  
A14     : 0x00000000  A15     : 0x00000000  SAR     : 0x0000001e  EXCCAUSE: 0x00000007  
EXCVADDR: 0x00000000  LBEG    : 0x40056f5c  LEND    : 0x40056f72  LCOUNT  : 0x0000007b  


Backtrace: 0x40056f5f:0x3fc9b7c0 0x4037bb64:0x3fc9b7d0 0x4037bd8d:0x3fc9b7f0 0x4037e0ae:0x3fc9b810 0x4037c205:0x3fc9b840 0x4037dfd7:0x3fca2b20 0x4200395a:0x3fca2b40 0x4038335d:0x3fca2b60 0x4038245d:0x3fca2b80


Core  1 register dump:
PC      : 0x42009eda  PS      : 0x00060034  A0      : 0x80382460  A1      : 0x3fca2400  
A2      : 0x3c0528b4  A3      : 0x00000000  A4      : 0x3fcb6108  A5      : 0x3fc9e2a0  
A6      : 0x00000000  A7      : 0x3c0528b4  A8      : 0x41200000  A9      : 0x3fcb9c90  
A10     : 0x00060023  A11     : 0x00000003  A12     : 0x00060023  A13     : 0x3fcba0c0  
A14     : 0x3fc9dd74  A15     : 0x00000001  SAR     : 0x00000000  EXCCAUSE: 0x00000007  
EXCVADDR: 0x00000000  LBEG    : 0x00000000  LEND    : 0x00000000  LCOUNT  : 0x00000000  


Backtrace: 0x42009ed7:0x3fca2400 0x4038245d:0x3fca2420




ELF file SHA256: c8ff2e89d

Rebooting...
ESP-ROM:esp32s3-20210327
Build:Mar 27 2021
rst:0xc (RTC_SW_CPU_RST),boot:0x8 (SPI_FAST_FLASH_BOOT)
Saved PC:0x40375d8c
SPIWP:0xee
mode:DIO, clock div:1
load:0x3fce3820,len:0x19fc
load:0x403c9700,len:0x4
load:0x403c9704,len:0xe8c
load:0x403cc700,len:0x313c
entry 0x403c9940
[0;32mI (31) boot: ESP-IDF v5.2.3-dirty 2nd stage bootloader[0m
[0;32mI (31) boot: compile time Mar  5 2025 15:20:07[0m
[0;32mI (31) boot: Multicore bootloader[0m
[0;32mI (35) boot: chip revision: v0.2[0m
[0;32mI (39) boot: efuse block revision: v1.3[0m
[0;32mI (43) qio_mode: Enabling default flash chip QIO[0m
[0;32mI (48) boot.esp32s3: Boot SPI Speed : 80MHz[0m
[0;32mI (53) boot.esp32s3: SPI Mode       : QIO[0m
[0;32mI (58) boot.esp32s3: SPI Flash Size : 8MB[0m
[0;32mI (63) boot: Enabling RNG early entropy source...[0m
[0;32mI (68) boot: Partition Table:[0m
[0;32mI (72) boot: ## Label            Usage          Type ST Offset   Length[0m
[0;32mI (79) boot:  0 nvs              WiFi data        01 02 00009000 00006000[0m
[0;32mI (86) boot:  1 phy_init         RF data          01 01 0000f000 00001000[0m
[0;32mI (94) boot:  2 factory          factory app      00 00 00010000 00100000[0m
[0;32mI (101) boot: End of partition table[0m
[0;32mI (106) esp_image: segment 0: paddr=00010020 vaddr=3c050020 size=608a4h (395428) map[0m
[0;32mI (173) esp_image: segment 1: paddr=000708cc vaddr=3fc9a800 size=031a4h ( 12708) load[0m
[0;32mI (175) esp_image: segment 2: paddr=00073a78 vaddr=40374000 size=0c5a0h ( 50592) load[0m
[0;32mI (188) esp_image: segment 3: paddr=00080020 vaddr=42000020 size=4cf84h (315268) map[0m
[0;32mI (235) esp_image: segment 4: paddr=000ccfac vaddr=403805a0 size=0a194h ( 41364) load[0m
[0;32mI (252) boot: Loaded app from partition at offset 0x10000[0m
[0;32mI (253) boot: Disabling RNG early entropy source...[0m
[0;32mI (264) cpu_start: Multicore app[0m
[0;32mI (265) octal_psram: vendor id    : 0x0d (AP)[0m
[0;32mI (265) octal_psram: dev id       : 0x02 (generation 3)[0m
[0;32mI (268) octal_psram: density      : 0x03 (64 Mbit)[0m
[0;32mI (273) octal_psram: good-die     : 0x01 (Pass)[0m
[0;32mI (278) octal_psram: Latency      : 0x01 (Fixed)[0m
[0;32mI (284) octal_psram: VCC          : 0x01 (3V)[0m
[0;32mI (289) octal_psram: SRF          : 0x01 (Fast Refresh)[0m
[0;32mI (294) octal_psram: BurstType    : 0x01 (Hybrid Wrap)[0m
[0;32mI (300) octal_psram: BurstLen     : 0x01 (32 Byte)[0m
[0;32mI (306) octal_psram: Readlatency  : 0x02 (10 cycles@Fixed)[0m
[0;32mI (312) octal_psram: DriveStrength: 0x00 (1/1)[0m
[0;32mI (318) MSPI Timing: PSRAM timing tuning index: 4[0m
[0;32mI (322) esp_psram: Found 8MB PSRAM device[0m
[0;32mI (327) esp_psram: Speed: 80MHz[0m
[0;32mI (356) mmu_psram: Read only data copied and mapped to SPIRAM[0m
[0;32mI (657) esp_psram: SPI SRAM memory test OK[0m
[0;32mI (666) cpu_start: Pro cpu start user code[0m
[0;32mI (666) cpu_start: cpu freq: 240000000 Hz[0m
[0;32mI (666) cpu_start: Application information:[0m
[0;32mI (669) cpu_start: Project name:     lvgl_porting[0m
[0;32mI (674) cpu_start: App version:      v5.2.3-dirty[0m
[0;32mI (680) cpu_start: Compile time:     Mar  5 2025 15:19:46[0m
[0;32mI (686) cpu_start: ELF file SHA256:  c8ff2e89d...[0m
[0;32mI (691) cpu_start: ESP-IDF:          v5.2.3-dirty[0m
[0;32mI (697) cpu_start: Min chip rev:     v0.0[0m
[0;32mI (701) cpu_start: Max chip rev:     v0.99 [0m
[0;32mI (706) cpu_start: Chip rev:         v0.2[0m
[0;32mI (711) heap_init: Initializing. RAM available for dynamic allocation:[0m
[0;32mI (718) heap_init: At 3FC9E9A8 len 0004AD68 (299 KiB): RAM[0m
[0;32mI (724) heap_init: At 3FCE9710 len 00005724 (21 KiB): RAM[0m
[0;32mI (730) heap_init: At 3FCF0000 len 00008000 (32 KiB): DRAM[0m
[0;32mI (736) heap_init: At 600FE010 len 00001FD8 (7 KiB): RTCRAM[0m
[0;32mI (743) esp_psram: Adding pool of 7744K of PSRAM memory to heap allocator[0m
[0;32mI (751) spi_flash: detected chip: gd[0m
[0;32mI (754) spi_flash: flash io: qio[0m
[0;33mW (758) i2c: This driver is an old driver, please migrate your application code to adapt `driver/i2c_master.h`[0m
[0;32mI (769) sleep: Configure to isolate all GPIO pins in sleep state[0m
[0;32mI (776) sleep: Enable automatic switching of GPIO sleep configuration[0m
[0;32mI (783) main_task: Started on CPU0[0m
[0;32mI (787) esp_psram: Reserving pool of 32K of internal memory for DMA/internal allocations[0m
[0;32mI (796) main_task: Calling app_main()[0m
[0;32mI (800) example: Install RGB LCD panel driver[0m
[0;32mI (853) example: Initialize RGB LCD panel[0m
[0;32mI (854) example: Initialize I2C bus[0m
[0;32mI (855) example: Initialize GPIO[0m
[0;32mI (855) gpio: GPIO[4]| InputEn: 0| OutputEn: 1| OpenDrain: 0| Pullup: 0| Pulldown: 0| Intr:0 [0m
[0;32mI (864) example: Initialize Touch LCD[0m
[0;32mI (1269) example: Initialize I2C panel IO[0m
[0;32mI (1269) example: Initialize touch controller GT911[0m
[0;33mW (1269) GT911: Unable to initialize the I2C address[0m
[0;32mI (1274) GT911: TouchPad_ID:0x39,0x31,0x31[0m
[0;32mI (1279) GT911: TouchPad_Config_Version:88[0m
[0;32mI (1286) lv_port: Create LVGL task[0m
[0;32mI (1288) example: Display LVGL demos[0m
[Warn]	(0.128, +128)	 lv_palette_main: Invalid palette: 255 	(in lv_color.c line #285)
[Warn]	(0.156, +28)	 lv_palette_main: Invalid palette: 255 	(in lv_color.c line #285)
[0;32mI (1461) gpio: GPIO[19]| InputEn: 1| OutputEn: 0| OpenDrain: 0| Pullup: 0| Pulldown: 0| Intr:0 [0m
[0;32mI (1463) gpio: GPIO[20]| InputEn: 0| OutputEn: 1| OpenDrain: 0| Pullup: 0| Pulldown: 0| Intr:0 [0m
[0;32mI (1470) CAN: Driver initialized
 [0m
[0;32mI (1474) CAN: Driver started
 [0m
[0;32mI (1478) main_task: Returned from app_main()[0m
Guru Meditation Error: Core  / panic'ed (Cache disabled but cached memory region accessed). 
MMU entry fault error occurred while accessing the address 0x3d202974 (invalid mmu entry)


Core  0 register dump:
PC      : 0x40056f5e  PS      : 0x00060034  A0      : 0x8037bb67  A1      : 0x3fc9b7c0  
A2      : 0x3fcaf7a0  A3      : 0x3c1b8600  A4      : 0x00003e80  A5      : 0x3fcb1060  
A6      : 0x00000000  A7      : 0xf7bef7be  A8      : 0x00000000  A9      : 0x01ffffff  
A10     : 0x3fcab85c  A11     : 0x00000001  A12     : 0x3fca1280  A13     : 0x3fca1260  
A14     : 0x00000000  A15     : 0x00000000  SAR     : 0x0000001e  EXCCAUSE: 0x00000007  
EXCVADDR: 0x00000000  LBEG    : 0x40056f5c  LEND    : 0x40056f72  LCOUNT  : 0x0000025b  


Backtrace: 0x40056f5b:0x3fc9b7c0 0x4037bb64:0x3fc9b7d0 0x4037bd8d:0x3fc9b7f0 0x4037e0ae:0x3fc9b810 0x4037c205:0x3fc9b840 0x4037dfd7:0x3fca2b20 0x4200395a:0x3fca2b40 0x4038335d:0x3fca2b60 0x4038245d:0x3fca2b80


Core  1 register dump:
PC      : 0x42009eda  PS      : 0x00060034  A0      : 0x80382460  A1      : 0x3fca2400  
A2      : 0x3c0528b4  A3      : 0x00000000  A4      : 0x3fcb6108  A5      : 0x3fc9e2a0  
A6      : 0x00000000  A7      : 0x3c0528b4  A8      : 0x41200000  A9      : 0x3fcb9c90  
A10     : 0x00060023  A11     : 0x00000003  A12     : 0x00060023  A13     : 0x3fcba0c0  
A14     : 0x3fc9dd74  A15     : 0x00000001  SAR     : 0x00000000  EXCCAUSE: 0x00000007  
EXCVADDR: 0x00000000  LBEG    : 0x00000000  LEND    : 0x00000000  LCOUNT  : 0x00000000  


Backtrace: 0x42009ed7:0x3fca2400 0x4038245d:0x3fca2420




ELF file SHA256: c8ff2e89d

Rebooting...
ESP-ROM:esp32s3-20210327
Build:Mar 27 2021
rst:0xc (RTC_SW_CPU_RST),boot:0x8 (SPI_FAST_FLASH_BOOT)
Saved PC:0x40375d8c
SPIWP:0xee
mode:DIO, clock div:1
load:0x3fce3820,len:0x19fc
load:0x403c9700,len:0x4
load:0x403c9704,len:0xe8c
load:0x403cc700,len:0x313c
entry 0x403c9940
[0;32mI (31) boot: ESP-IDF v5.2.3-dirty 2nd stage bootloader[0m
[0;32mI (31) boot: compile time Mar  5 2025 15:20:07[0m
[0;32mI (31) boot: Multicore bootloader[0m
[0;32mI (35) boot: chip revision: v0.2[0m
[0;32mI (39) boot: efuse block revision: v1.3[0m
[0;32mI (43) qio_mode: Enabling default flash chip QIO[0m
[0;32mI (48) boot.esp32s3: Boot SPI Speed : 80MHz[0m
[0;32mI (53) boot.esp32s3: SPI Mode       : QIO[0m
[0;32mI (58) boot.esp32s3: SPI Flash Size : 8MB[0m
[0;32mI (63) boot: Enabling RNG early entropy source...[0m
[0;32mI (68) boot: Partition Table:[0m
[0;32mI (72) boot: ## Label            Usage          Type ST Offset   Length[0m
[0;32mI (79) boot:  0 nvs              WiFi data        01 02 00009000 00006000[0m
[0;32mI (86) boot:  1 phy_init         RF data          01 01 0000f000 00001000[0m
[0;32mI (94) boot:  2 factory          factory app      00 00 00010000 00100000[0m
[0;32mI (101) boot: End of partition table[0m
[0;32mI (106) esp_image: segment 0: paddr=00010020 vaddr=3c050020 size=608a4h (395428) map[0m
[0;32mI (173) esp_image: segment 1: paddr=000708cc vaddr=3fc9a800 size=031a4h ( 12708) load[0m
[0;32mI (175) esp_image: segment 2: paddr=00073a78 vaddr=40374000 size=0c5a0h ( 50592) load[0m
[0;32mI (188) esp_image: segment 3: paddr=00080020 vaddr=42000020 size=4cf84h (315268) map[0m
[0;32mI (235) esp_image: segment 4: paddr=000ccfac vaddr=403805a0 size=0a194h ( 41364) load[0m
[0;32mI (252) boot: Loaded app from partition at offset 0x10000[0m
[0;32mI (253) boot: Disabling RNG early entropy source...[0m
[0;32mI (264) cpu_start: Multicore app[0m
[0;32mI (265) octal_psram: vendor id    : 0x0d (AP)[0m
[0;32mI (265) octal_psram: dev id       : 0x02 (generation 3)[0m
[0;32mI (268) octal_psram: density      : 0x03 (64 Mbit)[0m
[0;32mI (273) octal_psram: good-die     : 0x01 (Pass)[0m
[0;32mI (278) octal_psram: Latency      : 0x01 (Fixed)[0m
[0;32mI (284) octal_psram: VCC          : 0x01 (3V)[0m
[0;32mI (289) octal_psram: SRF          : 0x01 (Fast Refresh)[0m
[0;32mI (294) octal_psram: BurstType    : 0x01 (Hybrid Wrap)[0m
[0;32mI (300) octal_psram: BurstLen     : 0x01 (32 Byte)[0m
[0;32mI (306) octal_psram: Readlatency  : 0x02 (10 cycles@Fixed)[0m
[0;32mI (312) octal_psram: DriveStrength: 0x00 (1/1)[0m
[0;32mI (318) MSPI Timing: PSRAM timing tuning index: 4[0m
[0;32mI (322) esp_psram: Found 8MB PSRAM device[0m
[0;32mI (327) esp_psram: Speed: 80MHz[0m
[0;32mI (356) mmu_psram: Read only data copied and mapped to SPIRAM[0m
[0;32mI (657) esp_psram: SPI SRAM memory test OK[0m
[0;32mI (666) cpu_start: Pro cpu start user code[0m
[0;32mI (666) cpu_start: cpu freq: 240000000 Hz[0m
[0;32mI (666) cpu_start: Application information:[0m
[0;32mI (669) cpu_start: Project name:     lvgl_porting[0m
[0;32mI (674) cpu_start: App version:      v5.2.3-dirty[0m
[0;32mI (680) cpu_start: Compile time:     Mar  5 2025 15:19:46[0m
[0;32mI (686) cpu_start: ELF file SHA256:  c8ff2e89d...[0m
[0;32mI (691) cpu_start: ESP-IDF:          v5.2.3-dirty[0m
[0;32mI (697) cpu_start: Min chip rev:     v0.0[0m
[0;32mI (701) cpu_start: Max chip rev:     v0.99 [0m
[0;32mI (706) cpu_start: Chip rev:         v0.2[0m
[0;32mI (711) heap_init: Initializing. RAM available for dynamic allocation:[0m
[0;32mI (718) heap_init: At 3FC9E9A8 len 0004AD68 (299 KiB): RAM[0m
[0;32mI (724) heap_init: At 3FCE9710 len 00005724 (21 KiB): RAM[0m
[0;32mI (730) heap_init: At 3FCF0000 len 00008000 (32 KiB): DRAM[0m
[0;32mI (736) heap_init: At 600FE010 len 00001FD8 (7 KiB): RTCRAM[0m
[0;32mI (743) esp_psram: Adding pool of 7744K of PSRAM memory to heap allocator[0m
[0;32mI (751) spi_flash: detected chip: gd[0m
[0;32mI (754) spi_flash: flash io: qio[0m
[0;33mW (758) i2c: This driver is an old driver, please migrate your application code to adapt `driver/i2c_master.h`[0m
[0;32mI (769) sleep: Configure to isolate all GPIO pins in sleep state[0m
[0;32mI (776) sleep: Enable automatic switching of GPIO sleep configuration[0m
[0;32mI (783) main_task: Started on CPU0[0m
[0;32mI (787) esp_psram: Reserving pool of 32K of internal memory for DMA/internal allocations[0m
[0;32mI (796) main_task: Calling app_main()[0m
[0;32mI (800) example: Install RGB LCD panel driver[0m
[0;32mI (853) example: Initialize RGB LCD panel[0m
[0;32mI (854) example: Initialize I2C bus[0m
[0;32mI (855) example: Initialize GPIO[0m
[0;32mI (855) gpio: GPIO[4]| InputEn: 0| OutputEn: 1| OpenDrain: 0| Pullup: 0| Pulldown: 0| Intr:0 [0m
[0;32mI (864) example: Initialize Touch LCD[0m
[0;32mI (1269) example: Initialize I2C panel IO[0m
[0;32mI (1269) example: Initialize touch controller GT911[0m
[0;33mW (1269) GT911: Unable to initialize the I2C address[0m
[0;32mI (1274) GT911: TouchPad_ID:0x39,0x31,0x31[0m
[0;32mI (1279) GT911: TouchPad_Config_Version:88[0m
[0;32mI (1286) lv_port: Create LVGL task[0m
[0;32mI (1288) example: Display LVGL demos[0m
[Warn]	(0.128, +128)	 lv_palette_main: Invalid palette: 255 	(in lv_color.c line #285)
[Warn]	(0.156, +28)	 lv_palette_main: Invalid palette: 255 	(in lv_color.c line #285)
[0;32mI (1462) gpio: GPIO[19]| InputEn: 1| OutputEn: 0| OpenDrain: 0| Pullup: 0| Pulldown: 0| Intr:0 [0m
[0;32mI (1463) gpio: GPIO[20]| InputEn: 0| OutputEn: 1| OpenDrain: 0| Pullup: 0| Pulldown: 0| Intr:0 [0m
[0;32mI (1470) CAN: Driver initialized
 [0m
[0;32mI (1474) CAN: Driver started
 [0m
[0;32mI (1478) main_task: Returned from app_main()[0m
Guru Meditation Error: Core  / panic'ed (Cache disabled but cached memory region accessed). 
MMU entry fault error occurred while accessing the address 0x3d202974 (invalid mmu entry)


Core  0 register dump:
PC      : 0x40056f5e  PS      : 0x00060034  A0      : 0x8037bb67  A1      : 0x3fc9b7c0  
A2      : 0x3fcaf7a0  A3      : 0x3c1b8580  A4      : 0x00003e80  A5      : 0x3fcb0fe0  
A6      : 0x00000000  A7      : 0xf7bef7be  A8      : 0x00000000  A9      : 0x01ffffff  
A10     : 0x3fcab85c  A11     : 0x00000001  A12     : 0x3fca1280  A13     : 0x3fca1260  
A14     : 0x00000000  A15     : 0x00000000  SAR     : 0x0000001e  EXCCAUSE: 0x00000007  
EXCVADDR: 0x00000000  LBEG    : 0x40056f5c  LEND    : 0x40056f72  LCOUNT  : 0x00000263  


Backtrace: 0x40056f5b:0x3fc9b7c0 0x4037bb64:0x3fc9b7d0 0x4037bd8d:0x3fc9b7f0 0x4037e0ae:0x3fc9b810 0x4037c205:0x3fc9b840 0x4037dfd7:0x3fca2b20 0x4200395a:0x3fca2b40 0x4038335d:0x3fca2b60 0x4038245d:0x3fca2b80


Core  1 register dump:
PC      : 0x42009eda  PS      : 0x00060034  A0      : 0x80382460  A1      : 0x3fca2400  
A2      : 0x3c0528b4  A3      : 0x00000000  A4      : 0x3fcb6108  A5      : 0x3fc9e2a0  
A6      : 0x00000000  A7      : 0x3c0528b4  A8      : 0x41200000  A9      : 0x3fcb9c90  
A10     : 0x00060023  A11     : 0x00000003  A12     : 0x00060023  A13     : 0x3fcba0c0  
A14     : 0x3fc9dd74  A15     : 0x00000001  SAR     : 0x00000000  EXCCAUSE: 0x00000007  
EXCVADDR: 0x00000000  LBEG    : 0x00000000  LEND    : 0x00000000  LCOUNT  : 0x00000000  


Backtrace: 0x42009ed7:0x3fca2400 0x4038245d:0x3fca2420




ELF file SHA256: c8ff2e89d

Rebooting...
ESP-ROM:esp32s3-20210327
Build:Mar 27 2021
rst:0xc (RTC_SW_CPU_RST),boot:0x8 (SPI_FAST_FLASH_BOOT)
Saved PC:0x40375d8c
SPIWP:0xee
mode:DIO, clock div:1
load:0x3fce3820,len:0x19fc
load:0x403c9700,len:0x4
load:0x403c9704,len:0xe8c
load:0x403cc700,len:0x313c
entry 0x403c9940
[0;32mI (31) boot: ESP-IDF v5.2.3-dirty 2nd stage bootloader[0m
[0;32mI (31) boot: compile time Mar  5 2025 15:20:07[0m
[0;32mI (31) boot: Multicore bootloader[0m
[0;32mI (35) boot: chip revision: v0.2[0m
[0;32mI (39) boot: efuse block revision: v1.3[0m
[0;32mI (43) qio_mode: Enabling default flash chip QIO[0m
[0;32mI (48) boot.esp32s3: Boot SPI Speed : 80MHz[0m
[0;32mI (53) boot.esp32s3: SPI Mode       : QIO[0m
[0;32mI (58) boot.esp32s3: SPI Flash Size : 8MB[0m
[0;32mI (63) boot: Enabling RNG early entropy source...[0m
[0;32mI (68) boot: Partition Table:[0m
[0;32mI (72) boot: ## Label            Usage          Type ST Offset   Length[0m
[0;32mI (79) boot:  0 nvs              WiFi data        01 02 00009000 00006000[0m
[0;32mI (86) boot:  1 phy_init         RF data          01 01 0000f000 00001000[0m
[0;32mI (94) boot:  2 factory          factory app      00 00 00010000 00100000[0m
[0;32mI (101) boot: End of partition table[0m
[0;32mI (106) esp_image: segment 0: paddr=00010020 vaddr=3c050020 size=608a4h (395428) map[0m
[0;32mI (173) esp_image: segment 1: paddr=000708cc vaddr=3fc9a800 size=031a4h ( 12708) load[0m
[0;32mI (175) esp_image: segment 2: paddr=00073a78 vaddr=40374000 size=0c5a0h ( 50592) load[0m
[0;32mI (188) esp_image: segment 3: paddr=00080020 vaddr=42000020 size=4cf84h (315268) map[0m
[0;32mI (235) esp_image: segment 4: paddr=000ccfac vaddr=403805a0 size=0a194h ( 41364) load[0m
[0;32mI (252) boot: Loaded app from partition at offset 0x10000[0m
[0;32mI (253) boot: Disabling RNG early entropy source...[0m
[0;32mI (264) cpu_start: Multicore app[0m
[0;32mI (265) octal_psram: vendor id    : 0x0d (AP)[0m
[0;32mI (265) octal_psram: dev id       : 0x02 (generation 3)[0m
[0;32mI (268) octal_psram: density      : 0x03 (64 Mbit)[0m
[0;32mI (273) octal_psram: good-die     : 0x01 (Pass)[0m
[0;32mI (278) octal_psram: Latency      : 0x01 (Fixed)[0m
[0;32mI (284) octal_psram: VCC          : 0x01 (3V)[0m
[0;32mI (289) octal_psram: SRF          : 0x01 (Fast Refresh)[0m
[0;32mI (294) octal_psram: BurstType    : 0x01 (Hybrid Wrap)[0m
[0;32mI (300) octal_psram: BurstLen     : 0x01 (32 Byte)[0m
[0;32mI (306) octal_psram: Readlatency  : 0x02 (10 cycles@Fixed)[0m
[0;32mI (312) octal_psram: DriveStrength: 0x00 (1/1)[0m
[0;32mI (318) MSPI Timing: PSRAM timing tuning index: 4[0m
[0;32mI (322) esp_psram: Found 8MB PSRAM device[0m
[0;32mI (327) esp_psram: Speed: 80MHz[0m
[0;32mI (356) mmu_psram: Read only data copied and mapped to SPIRAM[0m
[0;32mI (657) esp_psram: SPI SRAM memory test OK[0m
[0;32mI (666) cpu_start: Pro cpu start user code[0m
[0;32mI (666) cpu_start: cpu freq: 240000000 Hz[0m
[0;32mI (666) cpu_start: Application information:[0m
[0;32mI (669) cpu_start: Project name:     lvgl_porting[0m
[0;32mI (674) cpu_start: App version:      v5.2.3-dirty[0m
[0;32mI (680) cpu_start: Compile time:     Mar  5 2025 15:19:46[0m
[0;32mI (686) cpu_start: ELF file SHA256:  c8ff2e89d...[0m
[0;32mI (691) cpu_start: ESP-IDF:          v5.2.3-dirty[0m
[0;32mI (697) cpu_start: Min chip rev:     v0.0[0m
[0;32mI (701) cpu_start: Max chip rev:     v0.99 [0m
[0;32mI (706) cpu_start: Chip rev:         v0.2[0m
[0;32mI (711) heap_init: Initializing. RAM available for dynamic allocation:[0m
[0;32mI (718) heap_init: At 3FC9E9A8 len 0004AD68 (299 KiB): RAM[0m
[0;32mI (724) heap_init: At 3FCE9710 len 00005724 (21 KiB): RAM[0m
[0;32mI (730) heap_init: At 3FCF0000 len 00008000 (32 KiB): DRAM[0m
[0;32mI (736) heap_init: At 600FE010 len 00001FD8 (7 KiB): RTCRAM[0m
[0;32mI (743) esp_psram: Adding pool of 7744K of PSRAM memory to heap allocator[0m
[0;32mI (751) spi_flash: detected chip: gd[0m
[0;32mI (754) spi_flash: flash io: qio[0m
[0;33mW (758) i2c: This driver is an old driver, please migrate your application code to adapt `driver/i2c_master.h`[0m
[0;32mI (769) sleep: Configure to isolate all GPIO pins in sleep state[0m
[0;32mI (776) sleep: Enable automatic switching of GPIO sleep configuration[0m
[0;32mI (783) main_task: Started on CPU0[0m
[0;32mI (787) esp_psram: Reserving pool of 32K of internal memory for DMA/internal allocations[0m
[0;32mI (796) main_task: Calling app_main()[0m
[0;32mI (800) example: Install RGB LCD panel driver[0m
[0;32mI (853) example: Initialize RGB LCD panel[0m
[0;32mI (854) example: Initialize I2C bus[0m
[0;32mI (855) example: Initialize GPIO[0m
[0;32mI (855) gpio: GPIO[4]| InputEn: 0| OutputEn: 1| OpenDrain: 0| Pullup: 0| Pulldown: 0| Intr:0 [0m
[0;32mI (864) example: Initialize Touch LCD[0m
[0;32mI (1269) example: Initialize I2C panel IO[0m
[0;32mI (1269) example: Initialize touch controller GT911[0m
[0;33mW (1269) GT911: Unable to initialize the I2C address[0m
[0;32mI (1274) GT911: TouchPad_ID:0x39,0x31,0x31[0m
[0;32mI (1279) GT911: TouchPad_Config_Version:88[0m
[0;32mI (1286) lv_port: Create LVGL task[0m
[0;32mI (1288) example: Display LVGL demos[0m
[Warn]	(0.128, +128)	 lv_palette_main: Invalid palette: 255 	(in lv_color.c line #285)
[Warn]	(0.156, +28)	 lv_palette_main: Invalid palette: 255 	(in lv_color.c line #285)
[0;32mI (1461) gpio: GPIO[19]| InputEn: 1| OutputEn: 0| OpenDrain: 0| Pullup: 0| Pulldown: 0| Intr:0 [0m
[0;32mI (1463) gpio: GPIO[20]| InputEn: 0| OutputEn: 1| OpenDrain: 0| Pullup: 0| Pulldown: 0| Intr:0 [0m
[0;32mI (1470) CAN: Driver initialized
 [0m
[0;32mI (1474) CAN: Driver started
 [0m
[0;32mI (1478) main_task: Returned from app_main()[0m
Guru Meditation Error: Core  / panic'ed (Cache disabled but cached memory region accessed). 
MMU entry fault error occurred while accessing the address 0x3d202974 (invalid mmu entry)


Core  0 register dump:
PC      : 0x40056f62  PS      : 0x00060034  A0      : 0x8037bb67  A1      : 0x3fc9b7c0  
A2      : 0x3fcaf7a0  A3      : 0x3c1ba760  A4      : 0x00003e80  A5      : 0x3fcb31c0  
A6      : 0xf7bef7be  A7      : 0xf7bef7be  A8      : 0x00000000  A9      : 0x01ffffff  
A10     : 0x3fcab85c  A11     : 0x00000001  A12     : 0x3fca1280  A13     : 0x3fca1260  
A14     : 0x00000000  A15     : 0x00000000  SAR     : 0x0000001e  EXCCAUSE: 0x00000007  
EXCVADDR: 0x00000000  LBEG    : 0x40056f5c  LEND    : 0x40056f72  LCOUNT  : 0x00000045  


Backtrace: 0x40056f5f:0x3fc9b7c0 0x4037bb64:0x3fc9b7d0 0x4037bd8d:0x3fc9b7f0 0x4037e0ae:0x3fc9b810 0x4037c205:0x3fc9b840 0x4037dfd7:0x3fca2b20 0x4200395a:0x3fca2b40 0x4038335d:0x3fca2b60 0x4038245d:0x3fca2b80


Core  1 register dump:
PC      : 0x42009eda  PS      : 0x00060034  A0      : 0x80382460  A1      : 0x3fca2400  
A2      : 0x3c0528b4  A3      : 0x00000000  A4      : 0x3fcb6108  A5      : 0x3fc9e2a0  
A6      : 0x00000000  A7      : 0x3c0528b4  A8      : 0x41200000  A9      : 0x3fcb9c90  
A10     : 0x00060023  A11     : 0x00000003  A12     : 0x00060023  A13     : 0x3fcba0c0  
A14     : 0x3fc9dd74  A15     : 0x00000001  SAR     : 0x00000000  EXCCAUSE: 0x00000007  
EXCVADDR: 0x00000000  LBEG    : 0x00000000  LEND    : 0x00000000  LCOUNT  : 0x00000000  


Backtrace: 0x42009ed7:0x3fca2400 0x4038245d:0x3fca2420




ELF file SHA256: c8ff2e89d

Rebooting...
ESP-ROM:esp32s3-20210327
Build:Mar 27 2021
rst:0xc (RTC_SW_CPU_RST),boot:0x8 (SPI_FAST_FLASH_BOOT)
Saved PC:0x40375d8c
SPIWP:0xee
mode:DIO, clock div:1
load:0x3fce3820,len:0x19fc
load:0x403c9700,len:0x4
load:0x403c9704,len:0xe8c
load:0x403cc700,len:0x313c
entry 0x403c9940
[0;32mI (31) boot: ESP-IDF v5.2.3-dirty 2nd stage bootloader[0m
[0;32mI (31) boot: compile time Mar  5 2025 15:20:07[0m
[0;32mI (31) boot: Multicore bootloader[0m
[0;32mI (35) boot: chip revision: v0.2[0m
[0;32mI (39) boot: efuse block revision: v1.3[0m
[0;32mI (43) qio_mode: Enabling default flash chip QIO[0m
[0;32mI (48) boot.esp32s3: Boot SPI Speed : 80MHz[0m
[0;32mI (53) boot.esp32s3: SPI Mode       : QIO[0m
[0;32mI (58) boot.esp32s3: SPI Flash Size : 8MB[0m
[0;32mI (63) boot: Enabling RNG early entropy source...[0m
[0;32mI (68) boot: Partition Table:[0m
[0;32mI (72) boot: ## Label            Usage          Type ST Offset   Length[0m
[0;32mI (79) boot:  0 nvs              WiFi data        01 02 00009000 00006000[0m
[0;32mI (86) boot:  1 phy_init         RF data          01 01 0000f000 00001000[0m
[0;32mI (94) boot:  2 factory          factory app      00 00 00010000 00100000[0m
[0;32mI (101) boot: End of partition table[0m
[0;32mI (106) esp_image: segment 0: paddr=00010020 vaddr=3c050020 size=608a4h (395428) map[0m
[0;32mI (173) esp_image: segment 1: paddr=000708cc vaddr=3fc9a800 size=031a4h ( 12708) load[0m
[0;32mI (175) esp_image: segment 2: paddr=00073a78 vaddr=40374000 size=0c5a0h ( 50592) load[0m
[0;32mI (188) esp_image: segment 3: paddr=00080020 vaddr=42000020 size=4cf84h (315268) map[0m
[0;32mI (235) esp_image: segment 4: paddr=000ccfac vaddr=403805a0 size=0a194h ( 41364) load[0m
[0;32mI (252) boot: Loaded app from partition at offset 0x10000[0m
[0;32mI (253) boot: Disabling RNG early entropy source...[0m
[0;32mI (264) cpu_start: Multicore app[0m
[0;32mI (265) octal_psram: vendor id    : 0x0d (AP)[0m
[0;32mI (265) octal_psram: dev id       : 0x02 (generation 3)[0m
[0;32mI (268) octal_psram: density      : 0x03 (64 Mbit)[0m
[0;32mI (273) octal_psram: good-die     : 0x01 (Pass)[0m
[0;32mI (278) octal_psram: Latency      : 0x01 (Fixed)[0m
[0;32mI (284) octal_psram: VCC          : 0x01 (3V)[0m
[0;32mI (289) octal_psram: SRF          : 0x01 (Fast Refresh)[0m
[0;32mI (294) octal_psram: BurstType    : 0x01 (Hybrid Wrap)[0m
[0;32mI (300) octal_psram: BurstLen     : 0x01 (32 Byte)[0m
[0;32mI (306) octal_psram: Readlatency  : 0x02 (10 cycles@Fixed)[0m
[0;32mI (312) octal_psram: DriveStrength: 0x00 (1/1)[0m
[0;32mI (318) MSPI Timing: PSRAM timing tuning index: 4[0m
[0;32mI (322) esp_psram: Found 8MB PSRAM device[0m
[0;32mI (327) esp_psram: Speed: 80MHz[0m
[0;32mI (356) mmu_psram: Read only data copied and mapped to SPIRAM[0m
[0;32mI (657) esp_psram: SPI SRAM memory test OK[0m
[0;32mI (666) cpu_start: Pro cpu start user code[0m
[0;32mI (666) cpu_start: cpu freq: 240000000 Hz[0m
[0;32mI (666) cpu_start: Application information:[0m
[0;32mI (669) cpu_start: Project name:     lvgl_porting[0m
[0;32mI (674) cpu_start: App version:      v5.2.3-dirty[0m
[0;32mI (680) cpu_start: Compile time:     Mar  5 2025 15:19:46[0m
[0;32mI (686) cpu_start: ELF file SHA256:  c8ff2e89d...[0m
[0;32mI (691) cpu_start: ESP-IDF:          v5.2.3-dirty[0m
[0;32mI (697) cpu_start: Min chip rev:     v0.0[0m
[0;32mI (701) cpu_start: Max chip rev:     v0.99 [0m
[0;32mI (706) cpu_start: Chip rev:         v0.2[0m
[0;32mI (711) heap_init: Initializing. RAM available for dynamic allocation:[0m
[0;32mI (718) heap_init: At 3FC9E9A8 len 0004AD68 (299 KiB): RAM[0m
[0;32mI (724) heap_init: At 3FCE9710 len 00005724 (21 KiB): RAM[0m
