ESP-ROM:esp32s3-20210327
Build:Mar 27 2021
rst:0x1 (POWERON),boot:0x8 (SPI_FAST_FLASH_BOOT)
SPIWP:0xee
mode:DIO, clock div:1
load:0x3fce3820,len:0x19fc
load:0x403c9700,len:0x4
load:0x403c9704,len:0xe8c
load:0x403cc700,len:0x313c
entry 0x403c9940
[0;32mI (27) boot: ESP-IDF v5.2.3 2nd stage bootloader[0m
[0;32mI (27) boot: compile time Feb 22 2025 15:17:39[0m
[0;32mI (27) boot: Multicore bootloader[0m
[0;32mI (30) boot: chip revision: v0.2[0m
[0;32mI (34) boot: efuse block revision: v1.3[0m
[0;32mI (38) qio_mode: Enabling default flash chip QIO[0m
[0;32mI (43) boot.esp32s3: Boot SPI Speed : 80MHz[0m
[0;32mI (48) boot.esp32s3: SPI Mode       : QIO[0m
[0;32mI (53) boot.esp32s3: SPI Flash Size : 8MB[0m
[0;32mI (58) boot: Enabling RNG early entropy source...[0m
[0;32mI (63) boot: Partition Table:[0m
[0;32mI (67) boot: ## Label            Usage          Type ST Offset   Length[0m
[0;32mI (74) boot:  0 nvs              WiFi data        01 02 00009000 00006000[0m
[0;32mI (81) boot:  1 phy_init         RF data          01 01 0000f000 00001000[0m
[0;32mI (89) boot:  2 factory          factory app      00 00 00010000 00100000[0m
[0;32mI (96) boot: End of partition table[0m
[0;32mI (101) esp_image: segment 0: paddr=00010020 vaddr=3c050020 size=3500ch (217100) map[0m
[0;32mI (141) esp_image: segment 1: paddr=00045034 vaddr=3fc9a700 size=031a4h ( 12708) load[0m
[0;32mI (144) esp_image: segment 2: paddr=000481e0 vaddr=40374000 size=07e38h ( 32312) load[0m
[0;32mI (153) esp_image: segment 3: paddr=00050020 vaddr=42000020 size=48310h (295696) map[0m
[0;32mI (199) esp_image: segment 4: paddr=00098338 vaddr=4037be38 size=0e7e4h ( 59364) load[0m
[0;32mI (220) boot: Loaded app from partition at offset 0x10000[0m
[0;32mI (220) boot: Disabling RNG early entropy source...[0m
[0;32mI (231) cpu_start: Multicore app[0m
[0;32mI (232) octal_psram: vendor id    : 0x0d (AP)[0m
[0;32mI (232) octal_psram: dev id       : 0x02 (generation 3)[0m
[0;32mI (235) octal_psram: density      : 0x03 (64 Mbit)[0m
[0;32mI (240) octal_psram: good-die     : 0x01 (Pass)[0m
[0;32mI (246) octal_psram: Latency      : 0x01 (Fixed)[0m
[0;32mI (251) octal_psram: VCC          : 0x01 (3V)[0m
[0;32mI (256) octal_psram: SRF          : 0x01 (Fast Refresh)[0m
[0;32mI (262) octal_psram: BurstType    : 0x01 (Hybrid Wrap)[0m
[0;32mI (268) octal_psram: BurstLen     : 0x01 (32 Byte)[0m
[0;32mI (273) octal_psram: Readlatency  : 0x02 (10 cycles@Fixed)[0m
[0;32mI (279) octal_psram: DriveStrength: 0x00 (1/1)[0m
[0;32mI (285) MSPI Timing: PSRAM timing tuning index: 4[0m
[0;32mI (290) esp_psram: Found 8MB PSRAM device[0m
[0;32mI (295) esp_psram: Speed: 80MHz[0m
[0;32mI (313) mmu_psram: Read only data copied and mapped to SPIRAM[0m
[0;32mI (621) esp_psram: SPI SRAM memory test OK[0m
[0;32mI (630) cpu_start: Pro cpu start user code[0m
[0;32mI (630) cpu_start: cpu freq: 240000000 Hz[0m
[0;32mI (630) cpu_start: Application information:[0m
[0;32mI (633) cpu_start: Project name:     lvgl_porting[0m
[0;32mI (638) cpu_start: App version:      v5.2.3-dirty[0m
[0;32mI (644) cpu_start: Compile time:     Feb 23 2025 17:01:51[0m
[0;32mI (650) cpu_start: ELF file SHA256:  556148727...[0m
[0;32mI (655) cpu_start: ESP-IDF:          v5.2.3-dirty[0m
[0;32mI (661) cpu_start: Min chip rev:     v0.0[0m
[0;32mI (665) cpu_start: Max chip rev:     v0.99 [0m
[0;32mI (670) cpu_start: Chip rev:         v0.2[0m
[0;32mI (675) heap_init: Initializing. RAM available for dynamic allocation:[0m
[0;32mI (682) heap_init: At 3FC9E768 len 0004AFA8 (299 KiB): RAM[0m
[0;32mI (688) heap_init: At 3FCE9710 len 00005724 (21 KiB): RAM[0m
[0;32mI (694) heap_init: At 3FCF0000 len 00008000 (32 KiB): DRAM[0m
[0;32mI (700) heap_init: At 600FE010 len 00001FD8 (7 KiB): RTCRAM[0m
[0;32mI (707) esp_psram: Adding pool of 7936K of PSRAM memory to heap allocator[0m
[0;32mI (715) spi_flash: detected chip: gd[0m
[0;32mI (718) spi_flash: flash io: qio[0m
[0;33mW (722) i2c: This driver is an old driver, please migrate your application code to adapt `driver/i2c_master.h`[0m
[0;32mI (733) sleep: Configure to isolate all GPIO pins in sleep state[0m
[0;32mI (740) sleep: Enable automatic switching of GPIO sleep configuration[0m
[0;32mI (747) main_task: Started on CPU0[0m
[0;32mI (751) esp_psram: Reserving pool of 32K of internal memory for DMA/internal allocations[0m
[0;32mI (760) main_task: Calling app_main()[0m
[0;32mI (764) example: Install RGB LCD panel driver[0m
[0;32mI (801) example: Initialize RGB LCD panel[0m
[0;32mI (802) example: Initialize I2C bus[0m
[0;32mI (803) example: Initialize GPIO[0m
[0;32mI (803) gpio: GPIO[4]| InputEn: 0| OutputEn: 1| OpenDrain: 0| Pullup: 0| Pulldown: 0| Intr:0 [0m
[0;32mI (813) example: Initialize Touch LCD[0m
[0;32mI (1217) example: Initialize I2C panel IO[0m
[0;32mI (1217) example: Initialize touch controller GT911[0m
[0;33mW (1218) GT911: Unable to initialize the I2C address[0m
[0;32mI (1223) GT911: TouchPad_ID:0x39,0x31,0x31[0m
[0;32mI (1227) GT911: TouchPad_Config_Version:88[0m
[0;32mI (1235) lv_port: Create LVGL task[0m
[0;32mI (1236) example: Display LVGL demos[0m
Guru Meditation Error: Core  0 panic'ed (InstrFetchProhibited). Exception was unhandled.

Core  0 register dump:
PC      : 0x00000000  PS      : 0x00060330  A0      : 0x820096b6  A1      : 0x3fca1ff0  
A2      : 0x3fcb429c  A3      : 0x00000001  A4      : 0x00000000  A5      : 0x000004d4  
A6      : 0x3c055558  A7      : 0x3c055558  A8      : 0x8203004d  A9      : 0x3fca1fe0  
A10     : 0x3fcb429c  A11     : 0x00000001  A12     : 0x00000000  A13     : 0x3fca2000  
A14     : 0x3fca1fe0  A15     : 0x3fcb442c  SAR     : 0x00000004  EXCCAUSE: 0x00000014  
EXCVADDR: 0x00000000  LBEG    : 0x400556d5  LEND    : 0x400556e5  LCOUNT  : 0xfffffffd  


Backtrace: 0xfffffffd:0x3fca1ff0 0x420096b3:0x3fca2020 0x42047367:0x3fca21b0 0x40382345:0x3fca21e0




ELF file SHA256: 556148727

Rebooting...
ESP-ROM:esp32s3-20210327
Build:Mar 27 2021
rst:0xc (RTC_SW_CPU_RST),boot:0x8 (SPI_FAST_FLASH_BOOT)
Saved PC:0x40375d84
SPIWP:0xee
mode:DIO, clock div:1
load:0x3fce3820,len:0x19fc
load:0x403c9700,len:0x4
load:0x403c9704,len:0xe8c
load:0x403cc700,len:0x313c
entry 0x403c9940
[0;32mI (31) boot: ESP-IDF v5.2.3 2nd stage bootloader[0m
[0;32mI (31) boot: compile time Feb 22 2025 15:17:39[0m
[0;32mI (31) boot: Multicore bootloader[0m
[0;32mI (34) boot: chip revision: v0.2[0m
[0;32mI (38) boot: efuse block revision: v1.3[0m
[0;32mI (43) qio_mode: Enabling default flash chip QIO[0m
[0;32mI (48) boot.esp32s3: Boot SPI Speed : 80MHz[0m
[0;32mI (53) boot.esp32s3: SPI Mode       : QIO[0m
[0;32mI (57) boot.esp32s3: SPI Flash Size : 8MB[0m
[0;32mI (62) boot: Enabling RNG early entropy source...[0m
[0;32mI (68) boot: Partition Table:[0m
[0;32mI (71) boot: ## Label            Usage          Type ST Offset   Length[0m
[0;32mI (78) boot:  0 nvs              WiFi data        01 02 00009000 00006000[0m
[0;32mI (86) boot:  1 phy_init         RF data          01 01 0000f000 00001000[0m
[0;32mI (93) boot:  2 factory          factory app      00 00 00010000 00100000[0m
[0;32mI (101) boot: End of partition table[0m
[0;32mI (105) esp_image: segment 0: paddr=00010020 vaddr=3c050020 size=3500ch (217100) map[0m
[0;32mI (146) esp_image: segment 1: paddr=00045034 vaddr=3fc9a700 size=031a4h ( 12708) load[0m
[0;32mI (148) esp_image: segment 2: paddr=000481e0 vaddr=40374000 size=07e38h ( 32312) load[0m
[0;32mI (158) esp_image: segment 3: paddr=00050020 vaddr=42000020 size=48310h (295696) map[0m
[0;32mI (204) esp_image: segment 4: paddr=00098338 vaddr=4037be38 size=0e7e4h ( 59364) load[0m
[0;32mI (224) boot: Loaded app from partition at offset 0x10000[0m
[0;32mI (225) boot: Disabling RNG early entropy source...[0m
[0;32mI (236) cpu_start: Multicore app[0m
[0;32mI (237) octal_psram: vendor id    : 0x0d (AP)[0m
[0;32mI (237) octal_psram: dev id       : 0x02 (generation 3)[0m
[0;32mI (240) octal_psram: density      : 0x03 (64 Mbit)[0m
[0;32mI (245) octal_psram: good-die     : 0x01 (Pass)[0m
[0;32mI (250) octal_psram: Latency      : 0x01 (Fixed)[0m
[0;32mI (256) octal_psram: VCC          : 0x01 (3V)[0m
[0;32mI (261) octal_psram: SRF          : 0x01 (Fast Refresh)[0m
[0;32mI (266) octal_psram: BurstType    : 0x01 (Hybrid Wrap)[0m
[0;32mI (272) octal_psram: BurstLen     : 0x01 (32 Byte)[0m
[0;32mI (278) octal_psram: Readlatency  : 0x02 (10 cycles@Fixed)[0m
[0;32mI (284) octal_psram: DriveStrength: 0x00 (1/1)[0m
[0;32mI (290) MSPI Timing: PSRAM timing tuning index: 4[0m
[0;32mI (294) esp_psram: Found 8MB PSRAM device[0m
[0;32mI (299) esp_psram: Speed: 80MHz[0m
[0;32mI (318) mmu_psram: Read only data copied and mapped to SPIRAM[0m
[0;32mI (626) esp_psram: SPI SRAM memory test OK[0m
[0;32mI (634) cpu_start: Pro cpu start user code[0m
[0;32mI (634) cpu_start: cpu freq: 240000000 Hz[0m
[0;32mI (635) cpu_start: Application information:[0m
[0;32mI (638) cpu_start: Project name:     lvgl_porting[0m
[0;32mI (643) cpu_start: App version:      v5.2.3-dirty[0m
[0;32mI (648) cpu_start: Compile time:     Feb 23 2025 17:01:51[0m
[0;32mI (654) cpu_start: ELF file SHA256:  556148727...[0m
[0;32mI (660) cpu_start: ESP-IDF:          v5.2.3-dirty[0m
[0;32mI (665) cpu_start: Min chip rev:     v0.0[0m
[0;32mI (670) cpu_start: Max chip rev:     v0.99 [0m
[0;32mI (675) cpu_start: Chip rev:         v0.2[0m
[0;32mI (679) heap_init: Initializing. RAM available for dynamic allocation:[0m
[0;32mI (687) heap_init: At 3FC9E768 len 0004AFA8 (299 KiB): RAM[0m
[0;32mI (693) heap_init: At 3FCE9710 len 00005724 (21 KiB): RAM[0m
[0;32mI (699) heap_init: At 3FCF0000 len 00008000 (32 KiB): DRAM[0m
[0;32mI (705) heap_init: At 600FE010 len 00001FD8 (7 KiB): RTCRAM[0m
[0;32mI (711) esp_psram: Adding pool of 7936K of PSRAM memory to heap allocator[0m
[0;32mI (719) spi_flash: detected chip: gd[0m
[0;32mI (723) spi_flash: flash io: qio[0m
[0;33mW (727) i2c: This driver is an old driver, please migrate your application code to adapt `driver/i2c_master.h`[0m
[0;32mI (738) sleep: Configure to isolate all GPIO pins in sleep state[0m
[0;32mI (744) sleep: Enable automatic switching of GPIO sleep configuration[0m
[0;32mI (752) main_task: Started on CPU0[0m
[0;32mI (756) esp_psram: Reserving pool of 32K of internal memory for DMA/internal allocations[0m
[0;32mI (765) main_task: Calling app_main()[0m
[0;32mI (769) example: Install RGB LCD panel driver[0m
[0;32mI (806) example: Initialize RGB LCD panel[0m
[0;32mI (807) example: Initialize I2C bus[0m
[0;32mI (808) example: Initialize GPIO[0m
[0;32mI (808) gpio: GPIO[4]| InputEn: 0| OutputEn: 1| OpenDrain: 0| Pullup: 0| Pulldown: 0| Intr:0 [0m
[0;32mI (818) example: Initialize Touch LCD[0m
[0;32mI (1222) example: Initialize I2C panel IO[0m
[0;32mI (1222) example: Initialize touch controller GT911[0m
[0;33mW (1223) GT911: Unable to initialize the I2C address[0m
[0;32mI (1228) GT911: TouchPad_ID:0x39,0x31,0x31[0m
[0;32mI (1232) GT911: TouchPad_Config_Version:88[0m
[0;32mI (1239) lv_port: Create LVGL task[0m
[0;32mI (1241) example: Display LVGL demos[0m
Guru Meditation Error: Core  0 panic'ed (InstrFetchProhibited). Exception was unhandled.

Core  0 register dump:
PC      : 0x00000000  PS      : 0x00060330  A0      : 0x820096b6  A1      : 0x3fca1ff0  
A2      : 0x3fcb429c  A3      : 0x00000001  A4      : 0x00000000  A5      : 0x000004d9  
A6      : 0x3c055558  A7      : 0x3c055558  A8      : 0x8203004d  A9      : 0x3fca1fe0  
A10     : 0x3fcb429c  A11     : 0x00000001  A12     : 0x00000000  A13     : 0x3fca2000  
A14     : 0x3fca1fe0  A15     : 0x3fcb442c  SAR     : 0x00000004  EXCCAUSE: 0x00000014  
EXCVADDR: 0x00000000  LBEG    : 0x400556d5  LEND    : 0x400556e5  LCOUNT  : 0xfffffffd  


Backtrace: 0xfffffffd:0x3fca1ff0 0x420096b3:0x3fca2020 0x42047367:0x3fca21b0 0x40382345:0x3fca21e0




ELF file SHA256: 556148727

Rebooting...
ï¿½ï¿½ï¿½ESP-ROM:esp32s3-20210327
Build:Mar 27 2021
rst:0xc (RTC_SW_CPU_RST),boot:0x8 (SPI_FAST_FLASH_BOOT)
Saved PC:0x40375d84
SPIWP:0xee
mode:DIO, clock div:1
load:0x3fce3820,len:0x19fc
load:0x403c9700,len:0x4
load:0x403c9704,len:0xe8c
load:0x403cc700,len:0x313c
entry 0x403c9940
[0;32mI (31) boot: ESP-IDF v5.2.3 2nd stage bootloader[0m
[0;32mI (31) boot: compile time Feb 22 2025 15:17:39[0m
[0;32mI (31) boot: Multicore bootloader[0m
[0;32mI (34) boot: chip revision: v0.2[0m
[0;32mI (38) boot: efuse block revision: v1.3[0m
[0;32mI (43) qio_mode: Enabling default flash chip QIO[0m
[0;32mI (48) boot.esp32s3: Boot SPI Speed : 80MHz[0m
[0;32mI (53) boot.esp32s3: SPI Mode       : QIO[0m
[0;32mI (57) boot.esp32s3: SPI Flash Size : 8MB[0m
[0;32mI (62) boot: Enabling RNG early entropy source...[0m
[0;32mI (68) boot: Partition Table:[0m
[0;32mI (71) boot: ## Label            Usage          Type ST Offset   Length[0m
[0;32mI (78) boot:  0 nvs              WiFi data        01 02 00009000 00006000[0m
[0;32mI (86) boot:  1 phy_init         RF data          01 01 0000f000 00001000[0m
[0;32mI (93) boot:  2 factory          factory app      00 00 00010000 00100000[0m
[0;32mI (101) boot: End of partition table[0m
[0;32mI (105) esp_image: segment 0: paddr=00010020 vaddr=3c050020 size=3500ch (217100) map[0m
[0;32mI (146) esp_image: segment 1: paddr=00045034 vaddr=3fc9a700 size=031a4h ( 12708) load[0m
[0;32mI (148) esp_image: segment 2: paddr=000481e0 vaddr=40374000 size=07e38h ( 32312) load[0m
[0;32mI (158) esp_image: segment 3: paddr=00050020 vaddr=42000020 size=48310h (295696) map[0m
[0;32mI (204) esp_image: segment 4: paddr=00098338 vaddr=4037be38 size=0e7e4h ( 59364) load[0m
[0;32mI (224) boot: Loaded app from partition at offset 0x10000[0m
[0;32mI (225) boot: Disabling RNG early entropy source...[0m
[0;32mI (236) cpu_start: Multicore app[0m
[0;32mI (237) octal_psram: vendor id    : 0x0d (AP)[0m
[0;32mI (237) octal_psram: dev id       : 0x02 (generation 3)[0m
[0;32mI (240) octal_psram: density      : 0x03 (64 Mbit)[0m
[0;32mI (245) octal_psram: good-die     : 0x01 (Pass)[0m
[0;32mI (250) octal_psram: Latency      : 0x01 (Fixed)[0m
[0;32mI (256) octal_psram: VCC          : 0x01 (3V)[0m
[0;32mI (261) octal_psram: SRF          : 0x01 (Fast Refresh)[0m
[0;32mI (266) octal_psram: BurstType    : 0x01 (Hybrid Wrap)[0m
[0;32mI (272) octal_psram: BurstLen     : 0x01 (32 Byte)[0m
[0;32mI (278) octal_psram: Readlatency  : 0x02 (10 cycles@Fixed)[0m
[0;32mI (284) octal_psram: DriveStrength: 0x00 (1/1)[0m
[0;32mI (290) MSPI Timing: PSRAM timing tuning index: 4[0m
[0;32mI (294) esp_psram: Found 8MB PSRAM device[0m
[0;32mI (299) esp_psram: Speed: 80MHz[0m
[0;32mI (318) mmu_psram: Read only data copied and mapped to SPIRAM[0m
[0;32mI (626) esp_psram: SPI SRAM memory test OK[0m
[0;32mI (634) cpu_start: Pro cpu start user code[0m
[0;32mI (634) cpu_start: cpu freq: 240000000 Hz[0m
[0;32mI (635) cpu_start: Application information:[0m
[0;32mI (638) cpu_start: Project name:     lvgl_porting[0m
[0;32mI (643) cpu_start: App version:      v5.2.3-dirty[0m
[0;32mI (648) cpu_start: Compile time:     Feb 23 2025 17:01:51[0m
[0;32mI (654) cpu_start: ELF file SHA256:  556148727...[0m
[0;32mI (660) cpu_start: ESP-IDF:          v5.2.3-dirty[0m
[0;32mI (665) cpu_start: Min chip rev:     v0.0[0m
[0;32mI (670) cpu_start: Max chip rev:     v0.99 [0m
[0;32mI (675) cpu_start: Chip rev:         v0.2[0m
[0;32mI (679) heap_init: Initializing. RAM available for dynamic allocation:[0m
[0;32mI (687) heap_init: At 3FC9E768 len 0004AFA8 (299 KiB): RAM[0m
[0;32mI (693) heap_init: At 3FCE9710 len 00005724 (21 KiB): RAM[0m
[0;32mI (699) heap_init: At 3FCF0000 len 00008000 (32 KiB): DRAM[0m
[0;32mI (705) heap_init: At 600FE010 len 00001FD8 (7 KiB): RTCRAM[0m
[0;32mI (711) esp_psram: Adding pool of 7936K of PSRAM memory to heap allocator[0m
[0;32mI (719) spi_flash: detected chip: gd[0m
[0;32mI (723) spi_flash: flash io: qio[0m
[0;33mW (727) i2c: This driver is an old driver, please migrate your application code to adapt `driver/i2c_master.h`[0m
[0;32mI (738) sleep: Configure to isolate all GPIO pins in sleep state[0m
[0;32mI (744) sleep: Enable automatic switching of GPIO sleep configuration[0m
[0;32mI (752) main_task: Started on CPU0[0m
[0;32mI (756) esp_psram: Reserving pool of 32K of internal memory for DMA/internal allocations[0m
[0;32mI (765) main_task: Calling app_main()[0m
[0;32mI (769) example: Install RGB LCD panel driver[0m
[0;32mI (806) example: Initialize RGB LCD panel[0m
[0;32mI (807) example: Initialize I2C bus[0m
[0;32mI (808) example: Initialize GPIO[0m
[0;32mI (808) gpio: GPIO[4]| InputEn: 0| OutputEn: 1| OpenDrain: 0| Pullup: 0| Pulldown: 0| Intr:0 [0m
[0;32mI (818) example: Initialize Touch LCD[0m
[0;32mI (1222) example: Initialize I2C panel IO[0m
[0;32mI (1222) example: Initialize touch controller GT911[0m
[0;33mW (1223) GT911: Unable to initialize the I2C address[0m
[0;32mI (1228) GT911: TouchPad_ID:0x39,0x31,0x31[0m
[0;32mI (1232) GT911: TouchPad_Config_Version:88[0m
[0;32mI (1239) lv_port: Create LVGL task[0m
[0;32mI (1241) example: Display LVGL demos[0m
Guru Meditation Error: Core  0 panic'ed (InstrFetchProhibited). Exception was unhandled.

Core  0 register dump:
PC      : 0x00000000  PS      : 0x00060330  A0      : 0x820096b6  A1      : 0x3fca1ff0  
A2      : 0x3fcb429c  A3      : 0x00000001  A4      : 0x00000000  A5      : 0x000004d9  
A6      : 0x3c055558  A7      : 0x3c055558  A8      : 0x8203004d  A9      : 0x3fca1fe0  
A10     : 0x3fcb429c  A11     : 0x00000001  A12     : 0x00000000  A13     : 0x3fca2000  
A14     : 0x3fca1fe0  A15     : 0x3fcb442c  SAR     : 0x00000004  EXCCAUSE: 0x00000014  
EXCVADDR: 0x00000000  LBEG    : 0x400556d5  LEND    : 0x400556e5  LCOUNT  : 0xfffffffd  


Backtrace: 0xfffffffd:0x3fca1ff0 0x420096b3:0x3fca2020 0x42047367:0x3fca21b0 0x40382345:0x3fca21e0




ELF file SHA256: 556148727

Rebooting...
ï¿½ï¿½ï¿½ESP-ROM:esp32s3-20210327
Build:Mar 27 2021
rst:0xc (RTC_SW_CPU_RST),boot:0x8 (SPI_FAST_FLASH_BOOT)
Saved PC:0x40375d84
SPIWP:0xee
mode:DIO, clock div:1
load:0x3fce3820,len:0x19fc
load:0x403c9700,len:0x4
load:0x403c9704,len:0xe8c
load:0x403cc700,len:0x313c
entry 0x403c9940
[0;32mI (31) boot: ESP-IDF v5.2.3 2nd stage bootloader[0m
[0;32mI (31) boot: compile time Feb 22 2025 15:17:39[0m
[0;32mI (31) boot: Multicore bootloader[0m
[0;32mI (34) boot: chip revision: v0.2[0m
[0;32mI (38) boot: efuse block revision: v1.3[0m
[0;32mI (43) qio_mode: Enabling default flash chip QIO[0m
[0;32mI (48) boot.esp32s3: Boot SPI Speed : 80MHz[0m
[0;32mI (53) boot.esp32s3: SPI Mode       : QIO[0m
[0;32mI (57) boot.esp32s3: SPI Flash Size : 8MB[0m
[0;32mI (62) boot: Enabling RNG early entropy source...[0m
[0;32mI (68) boot: Partition Table:[0m
[0;32mI (71) boot: ## Label            Usage          Type ST Offset   Length[0m
[0;32mI (78) boot:  0 nvs              WiFi data        01 02 00009000 00006000[0m
[0;32mI (86) boot:  1 phy_init         RF data          01 01 0000f000 00001000[0m
[0;32mI (93) boot:  2 factory          factory app      00 00 00010000 00100000[0m
[0;32mI (101) boot: End of partition table[0m
[0;32mI (105) esp_image: segment 0: paddr=00010020 vaddr=3c050020 size=3500ch (217100) map[0m
[0;32mI (146) esp_image: segment 1: paddr=00045034 vaddr=3fc9a700 size=031a4h ( 12708) load[0m
[0;32mI (148) esp_image: segment 2: paddr=000481e0 vaddr=40374000 size=07e38h ( 32312) load[0m
[0;32mI (158) esp_image: segment 3: paddr=00050020 vaddr=42000020 size=48310h (295696) map[0m
[0;32mI (204) esp_image: segment 4: paddr=00098338 vaddr=4037be38 size=0e7e4h ( 59364) load[0m
[0;32mI (224) boot: Loaded app from partition at offset 0x10000[0m
[0;32mI (225) boot: Disabling RNG early entropy source...[0m
[0;32mI (236) cpu_start: Multicore app[0m
[0;32mI (237) octal_psram: vendor id    : 0x0d (AP)[0m
[0;32mI (237) octal_psram: dev id       : 0x02 (generation 3)[0m
[0;32mI (240) octal_psram: density      : 0x03 (64 Mbit)[0m
[0;32mI (245) octal_psram: good-die     : 0x01 (Pass)[0m
[0;32mI (250) octal_psram: Latency      : 0x01 (Fixed)[0m
[0;32mI (256) octal_psram: VCC          : 0x01 (3V)[0m
[0;32mI (261) octal_psram: SRF          : 0x01 (Fast Refresh)[0m
[0;32mI (266) octal_psram: BurstType    : 0x01 (Hybrid Wrap)[0m
[0;32mI (272) octal_psram: BurstLen     : 0x01 (32 Byte)[0m
[0;32mI (278) octal_psram: Readlatency  : 0x02 (10 cycles@Fixed)[0m
[0;32mI (284) octal_psram: DriveStrength: 0x00 (1/1)[0m
[0;32mI (290) MSPI Timing: PSRAM timing tuning index: 4[0m
[0;32mI (294) esp_psram: Found 8MB PSRAM device[0m
[0;32mI (299) esp_psram: Speed: 80MHz[0m
[0;32mI (318) mmu_psram: Read only data copied and mapped to SPIRAM[0m
[0;32mI (626) esp_psram: SPI SRAM memory test OK[0m
[0;32mI (634) cpu_start: Pro cpu start user code[0m
[0;32mI (634) cpu_start: cpu freq: 240000000 Hz[0m
[0;32mI (635) cpu_start: Application information:[0m
[0;32mI (638) cpu_start: Project name:     lvgl_porting[0m
[0;32mI (643) cpu_start: App version:      v5.2.3-dirty[0m
[0;32mI (648) cpu_start: Compile time:     Feb 23 2025 17:01:51[0m
[0;32mI (654) cpu_start: ELF file SHA256:  556148727...[0m
[0;32mI (660) cpu_start: ESP-IDF:          v5.2.3-dirty[0m
[0;32mI (665) cpu_start: Min chip rev:     v0.0[0m
[0;32mI (670) cpu_start: Max chip rev:     v0.99 [0m
[0;32mI (675) cpu_start: Chip rev:         v0.2[0m
[0;32mI (679) heap_init: Initializing. RAM available for dynamic allocation:[0m
[0;32mI (687) heap_init: At 3FC9E768 len 0004AFA8 (299 KiB): RAM[0m
[0;32mI (693) heap_init: At 3FCE9710 len 00005724 (21 KiB): RAM[0m
[0;32mI (699) heap_init: At 3FCF0000 len 00008000 (32 KiB): DRAM[0m
[0;32mI (705) heap_init: At 600FE010 len 00001FD8 (7 KiB): RTCRAM[0m
[0;32mI (711) esp_psram: Adding pool of 7936K of PSRAM memory to heap allocator[0m
[0;32mI (719) spi_flash: detected chip: gd[0m
[0;32mI (723) spi_flash: flash io: qio[0m
[0;33mW (727) i2c: This driver is an old driver, please migrate your application code to adapt `driver/i2c_master.h`[0m
[0;32mI (738) sleep: Configure to isolate all GPIO pins in sleep state[0m
[0;32mI (744) sleep: Enable automatic switching of GPIO sleep configuration[0m
[0;32mI (752) main_task: Started on CPU0[0m
[0;32mI (756) esp_psram: Reserving pool of 32K of internal memory for DMA/internal allocations[0m
[0;32mI (765) main_task: Calling app_main()[0m
[0;32mI (769) example: Install RGB LCD panel driver[0m
[0;32mI (806) example: Initialize RGB LCD panel[0m
[0;32mI (807) example: Initialize I2C bus[0m
[0;32mI (808) example: Initialize GPIO[0m
[0;32mI (808) gpio: GPIO[4]| InputEn: 0| OutputEn: 1| OpenDrain: 0| Pullup: 0| Pulldown: 0| Intr:0 [0m
[0;32mI (818) example: Initialize Touch LCD[0m
[0;32mI (1222) example: Initialize I2C panel IO[0m
[0;32mI (1222) example: Initialize touch controller GT911[0m
[0;33mW (1223) GT911: Unable to initialize the I2C address[0m
[0;32mI (1228) GT911: TouchPad_ID:0x39,0x31,0x31[0m
[0;32mI (1232) GT911: TouchPad_Config_Version:88[0m
[0;32mI (1240) lv_port: Create LVGL task[0m
[0;32mI (1241) example: Display LVGL demos[0m
Guru Meditation Error: Core  0 panic'ed (InstrFetchProhibited). Exception was unhandled.

Core  0 register dump:
PC      : 0x00000000  PS      : 0x00060330  A0      : 0x820096b6  A1      : 0x3fca1ff0  
A2      : 0x3fcb429c  A3      : 0x00000001  A4      : 0x00000000  A5      : 0x000004d9  
A6      : 0x3c055558  A7      : 0x3c055558  A8      : 0x8203004d  A9      : 0x3fca1fe0  
A10     : 0x3fcb429c  A11     : 0x00000001  A12     : 0x00000000  A13     : 0x3fca2000  
A14     : 0x3fca1fe0  A15     : 0x3fcb442c  SAR     : 0x00000004  EXCCAUSE: 0x00000014  
EXCVADDR: 0x00000000  LBEG    : 0x400556d5  LEND    : 0x400556e5  LCOUNT  : 0xfffffffd  


Backtrace: 0xfffffffd:0x3fca1ff0 0x420096b3:0x3fca2020 0x42047367:0x3fca21b0 0x40382345:0x3fca21e0




ELF file SHA256: 556148727

Rebooting...
ï¿½ï¿½ï¿½ESP-ROM:esp32s3-20210327
Build:Mar 27 2021
rst:0xc (RTC_SW_CPU_RST),boot:0x8 (SPI_FAST_FLASH_BOOT)
Saved PC:0x40375d84
SPIWP:0xee
mode:DIO, clock div:1
load:0x3fce3820,len:0x19fc
load:0x403c9700,len:0x4
load:0x403c9704,len:0xe8c
load:0x403cc700,len:0x313c
entry 0x403c9940
[0;32mI (31) boot: ESP-IDF v5.2.3 2nd stage bootloader[0m
[0;32mI (31) boot: compile time Feb 22 2025 15:17:39[0m
[0;32mI (31) boot: Multicore bootloader[0m
[0;32mI (34) boot: chip revision: v0.2[0m
[0;32mI (38) boot: efuse block revision: v1.3[0m
[0;32mI (43) qio_mode: Enabling default flash chip QIO[0m
[0;32mI (48) boot.esp32s3: Boot SPI Speed : 80MHz[0m
[0;32mI (53) boot.esp32s3: SPI Mode       : QIO[0m
[0;32mI (57) boot.esp32s3: SPI Flash Size : 8MB[0m
[0;32mI (62) boot: Enabling RNG early entropy source...[0m
[0;32mI (68) boot: Partition Table:[0m
[0;32mI (71) boot: ## Label            Usage          Type ST Offset   Length[0m
[0;32mI (78) boot:  0 nvs              WiFi data        01 02 00009000 00006000[0m
[0;32mI (86) boot:  1 phy_init         RF data          01 01 0000f000 00001000[0m
[0;32mI (93) boot:  2 factory          factory app      00 00 00010000 00100000[0m
[0;32mI (101) boot: End of partition table[0m
[0;32mI (105) esp_image: segment 0: paddr=00010020 vaddr=3c050020 size=3500ch (217100) map[0m
[0;32mI (146) esp_image: segment 1: paddr=00045034 vaddr=3fc9a700 size=031a4h ( 12708) load[0m
[0;32mI (148) esp_image: segment 2: paddr=000481e0 vaddr=40374000 size=07e38h ( 32312) load[0m
[0;32mI (158) esp_image: segment 3: paddr=00050020 vaddr=42000020 size=48310h (295696) map[0m
[0;32mI (204) esp_image: segment 4: paddr=00098338 vaddr=4037be38 size=0e7e4h ( 59364) load[0m
[0;32mI (224) boot: Loaded app from partition at offset 0x10000[0m
[0;32mI (225) boot: Disabling RNG early entropy source...[0m
[0;32mI (236) cpu_start: Multicore app[0m
[0;32mI (237) octal_psram: vendor id    : 0x0d (AP)[0m
[0;32mI (237) octal_psram: dev id       : 0x02 (generation 3)[0m
[0;32mI (240) octal_psram: density      : 0x03 (64 Mbit)[0m
[0;32mI (245) octal_psram: good-die     : 0x01 (Pass)[0m
[0;32mI (250) octal_psram: Latency      : 0x01 (Fixed)[0m
[0;32mI (256) octal_psram: VCC          : 0x01 (3V)[0m
[0;32mI (261) octal_psram: SRF          : 0x01 (Fast Refresh)[0m
[0;32mI (266) octal_psram: BurstType    : 0x01 (Hybrid Wrap)[0m
[0;32mI (272) octal_psram: BurstLen     : 0x01 (32 Byte)[0m
[0;32mI (278) octal_psram: Readlatency  : 0x02 (10 cycles@Fixed)[0m
[0;32mI (284) octal_psram: DriveStrength: 0x00 (1/1)[0m
[0;32mI (290) MSPI Timing: PSRAM timing tuning index: 4[0m
[0;32mI (294) esp_psram: Found 8MB PSRAM device[0m
[0;32mI (299) esp_psram: Speed: 80MHz[0m
[0;32mI (318) mmu_psram: Read only data copied and mapped to SPIRAM[0m
[0;32mI (626) esp_psram: SPI SRAM memory test OK[0m
[0;32mI (634) cpu_start: Pro cpu start user code[0m
[0;32mI (634) cpu_start: cpu freq: 240000000 Hz[0m
[0;32mI (635) cpu_start: Application information:[0m
[0;32mI (638) cpu_start: Project name:     lvgl_porting[0m
[0;32mI (643) cpu_start: App version:      v5.2.3-dirty[0m
[0;32mI (648) cpu_start: Compile time:     Feb 23 2025 17:01:51[0m
[0;32mI (654) cpu_start: ELF file SHA256:  556148727...[0m
[0;32mI (660) cpu_start: ESP-IDF:          v5.2.3-dirty[0m
[0;32mI (665) cpu_start: Min chip rev:     v0.0[0m
[0;32mI (670) cpu_start: Max chip rev:     v0.99 [0m
[0;32mI (675) cpu_start: Chip rev:         v0.2[0m
[0;32mI (679) heap_init: Initializing. RAM available for dynamic allocation:[0m
[0;32mI (687) heap_init: At 3FC9E768 len 0004AFA8 (299 KiB): RAM[0m
[0;32mI (693) heap_init: At 3FCE9710 len 00005724 (21 KiB): RAM[0m
[0;32mI (699) heap_init: At 3FCF0000 len 00008000 (32 KiB): DRAM[0m
[0;32mI (705) heap_init: At 600FE010 len 00001FD8 (7 KiB): RTCRAM[0m
[0;32mI (711) esp_psram: Adding pool of 7936K of PSRAM memory to heap allocator[0m
[0;32mI (719) spi_flash: detected chip: gd[0m
[0;32mI (723) spi_flash: flash io: qio[0m
[0;33mW (727) i2c: This driver is an old driver, please migrate your application code to adapt `driver/i2c_master.h`[0m
[0;32mI (738) sleep: Configure to isolate all GPIO pins in sleep state[0m
[0;32mI (744) sleep: Enable automatic switching of GPIO sleep configuration[0m
[0;32mI (752) main_task: Started on CPU0[0m
[0;32mI (756) esp_psram: Reserving pool of 32K of internal memory for DMA/internal allocations[0m
[0;32mI (765) main_task: Calling app_main()[0m
[0;32mI (769) example: Install RGB LCD panel driver[0m
[0;32mI (806) example: Initialize RGB LCD panel[0m
[0;32mI (807) example: Initialize I2C bus[0m
[0;32mI (808) example: Initialize GPIO[0m
[0;32mI (808) gpio: GPIO[4]| InputEn: 0| OutputEn: 1| OpenDrain: 0| Pullup: 0| Pulldown: 0| Intr:0 [0m
[0;32mI (818) example: Initialize Touch LCD[0m
[0;32mI (1222) example: Initialize I2C panel IO[0m
[0;32mI (1222) example: Initialize touch controller GT911[0m
[0;33mW (1223) GT911: Unable to initialize the I2C address[0m
[0;32mI (1228) GT911: TouchPad_ID:0x39,0x31,0x31[0m
[0;32mI (1232) GT911: TouchPad_Config_Version:88[0m
[0;32mI (1240) lv_port: Create LVGL task[0m
[0;32mI (1241) example: Display LVGL demos[0m
Guru Meditation Error: Core  0 panic'ed (InstrFetchProhibited). Exception was unhandled.

Core  0 register dump:
PC      : 0x00000000  PS      : 0x00060330  A0      : 0x820096b6  A1      : 0x3fca1ff0  
A2      : 0x3fcb429c  A3      : 0x00000001  A4      : 0x00000000  A5      : 0x000004d9  
A6      : 0x3c055558  A7      : 0x3c055558  A8      : 0x8203004d  A9      : 0x3fca1fe0  
A10     : 0x3fcb429c  A11     : 0x00000001  A12     : 0x00000000  A13     : 0x3fca2000  
A14     : 0x3fca1fe0  A15     : 0x3fcb442c  SAR     : 0x00000004  EXCCAUSE: 0x00000014  
EXCVADDR: 0x00000000  LBEG    : 0x400556d5  LEND    : 0x400556e5  LCOUNT  : 0xfffffffd  


Backtrace: 0xfffffffd:0x3fca1ff0 0x420096b3:0x3fca2020 0x42047367:0x3fca21b0 0x40382345:0x3fca21e0




ELF file SHA256: 556148727

Rebooting...
ï¿½ï¿½ï¿½ESP-ROM:esp32s3-20210327
Build:Mar 27 2021
rst:0xc (RTC_SW_CPU_RST),boot:0x8 (SPI_FAST_FLASH_BOOT)
Saved PC:0x40375d84
SPIWP:0xee
mode:DIO, clock div:1
load:0x3fce3820,len:0x19fc
load:0x403c9700,len:0x4
load:0x403c9704,len:0xe8c
load:0x403cc700,len:0x313c
entry 0x403c9940
[0;32mI (31) boot: ESP-IDF v5.2.3 2nd stage bootloader[0m
[0;32mI (31) boot: compile time Feb 22 2025 15:17:39[0m
[0;32mI (31) boot: Multicore bootloader[0m
[0;32mI (34) boot: chip revision: v0.2[0m
[0;32mI (38) boot: efuse block revision: v1.3[0m
[0;32mI (43) qio_mode: Enabling default flash chip QIO[0m
[0;32mI (48) boot.esp32s3: Boot SPI Speed : 80MHz[0m
[0;32mI (53) boot.esp32s3: SPI Mode       : QIO[0m
[0;32mI (57) boot.esp32s3: SPI Flash Size : 8MB[0m
[0;32mI (62) boot: Enabling RNG early entropy source...[0m
[0;32mI (68) boot: Partition Table:[0m
[0;32mI (71) boot: ## Label            Usage          Type ST Offset   Length[0m
[0;32mI (78) boot:  0 nvs              WiFi data        01 02 00009000 00006000[0m
[0;32mI (86) boot:  1 phy_init         RF data          01 01 0000f000 00001000[0m
[0;32mI (93) boot:  2 factory          factory app      00 00 00010000 00100000[0m
[0;32mI (101) boot: End of partition table[0m
[0;32mI (105) esp_image: segment 0: paddr=00010020 vaddr=3c050020 size=3500ch (217100) map[0m
[0;32mI (146) esp_image: segment 1: paddr=00045034 vaddr=3fc9a700 size=031a4h ( 12708) load[0m
[0;32mI (148) esp_image: segment 2: paddr=000481e0 vaddr=40374000 size=07e38h ( 32312) load[0m
[0;32mI (158) esp_image: segment 3: paddr=00050020 vaddr=42000020 size=48310h (295696) map[0m
[0;32mI (204) esp_image: segment 4: paddr=00098338 vaddr=4037be38 size=0e7e4h ( 59364) load[0m
[0;32mI (224) boot: Loaded app from partition at offset 0x10000[0m
[0;32mI (225) boot: Disabling RNG early entropy source...[0m
[0;32mI (236) cpu_start: Multicore app[0m
[0;32mI (237) octal_psram: vendor id    : 0x0d (AP)[0m
[0;32mI (237) octal_psram: dev id       : 0x02 (generation 3)[0m
[0;32mI (240) octal_psram: density      : 0x03 (64 Mbit)[0m
[0;32mI (245) octal_psram: good-die     : 0x01 (Pass)[0m
[0;32mI (250) octal_psram: Latency      : 0x01 (Fixed)[0m
[0;32mI (256) octal_psram: VCC          : 0x01 (3V)[0m
[0;32mI (261) octal_psram: SRF          : 0x01 (Fast Refresh)[0m
[0;32mI (266) octal_psram: BurstType    : 0x01 (Hybrid Wrap)[0m
[0;32mI (272) octal_psram: BurstLen     : 0x01 (32 Byte)[0m
[0;32mI (278) octal_psram: Readlatency  : 0x02 (10 cycles@Fixed)[0m
[0;32mI (284) octal_psram: DriveStrength: 0x00 (1/1)[0m
[0;32mI (290) MSPI Timing: PSRAM timing tuning index: 4[0m
[0;32mI (294) esp_psram: Found 8MB PSRAM device[0m
[0;32mI (299) esp_psram: Speed: 80MHz[0m
[0;32mI (318) mmu_psram: Read only data copied and mapped to SPIRAM[0m
[0;32mI (626) esp_psram: SPI SRAM memory test OK[0m
[0;32mI (634) cpu_start: Pro cpu start user code[0m
[0;32mI (634) cpu_start: cpu freq: 240000000 Hz[0m
[0;32mI (635) cpu_start: Application information:[0m
[0;32mI (638) cpu_start: Project name:     lvgl_porting[0m
[0;32mI (643) cpu_start: App version:      v5.2.3-dirty[0m
[0;32mI (648) cpu_start: Compile time:     Feb 23 2025 17:01:51[0m
[0;32mI (654) cpu_start: ELF file SHA256:  556148727...[0m
[0;32mI (660) cpu_start: ESP-IDF:          v5.2.3-dirty[0m
[0;32mI (665) cpu_start: Min chip rev:     v0.0[0m
[0;32mI (670) cpu_start: Max chip rev:     v0.99 [0m
[0;32mI (675) cpu_start: Chip rev:         v0.2[0m
[0;32mI (679) heap_init: Initializing. RAM available for dynamic allocation:[0m
[0;32mI (687) heap_init: At 3FC9E768 len 0004AFA8 (299 KiB): RAM[0m
[0;32mI (693) heap_init: At 3FCE9710 len 00005724 (21 KiB): RAM[0m
[0;32mI (699) heap_init: At 3FCF0000 len 00008000 (32 KiB): DRAM[0m
[0;32mI (705) heap_init: At 600FE010 len 00001FD8 (7 KiB): RTCRAM[0m
[0;32mI (711) esp_psram: Adding pool of 7936K of PSRAM memory to heap allocator[0m
[0;32mI (719) spi_flash: detected chip: gd[0m
[0;32mI (723) spi_flash: flash io: qio[0m
[0;33mW (727) i2c: This driver is an old driver, please migrate your application code to adapt `driver/i2c_master.h`[0m
[0;32mI (738) sleep: Configure to isolate all GPIO pins in sleep state[0m
[0;32mI (744) sleep: Enable automatic switching of GPIO sleep configuration[0m
[0;32mI (752) main_task: Started on CPU0[0m
[0;32mI (756) esp_psram: Reserving pool of 32K of internal memory for DMA/internal allocations[0m
[0;32mI (765) main_task: Calling app_main()[0m
[0;32mI (769) example: Install RGB LCD panel driver[0m
[0;32mI (806) example: Initialize RGB LCD panel[0m
[0;32mI (807) example: Initialize I2C bus[0m
[0;32mI (808) example: Initialize GPIO[0m
[0;32mI (808) gpio: GPIO[4]| InputEn: 0| OutputEn: 1| OpenDrain: 0| Pullup: 0| Pulldown: 0| Intr:0 [0m
[0;32mI (818) example: Initialize Touch LCD[0m
[0;32mI (1222) example: Initialize I2C panel IO[0m
[0;32mI (1222) example: Initialize touch controller GT911[0m
[0;33mW (1223) GT911: Unable to initialize the I2C address[0m
[0;32mI (1228) GT911: TouchPad_ID:0x39,0x31,0x31[0m
[0;32mI (1232) GT911: TouchPad_Config_Version:88[0m
[0;32mI (1239) lv_port: Create LVGL task[0m
[0;32mI (1241) example: Display LVGL demos[0m
Guru Meditation Error: Core  0 panic'ed (InstrFetchProhibited). Exception was unhandled.

Core  0 register dump:
PC      : 0x00000000  PS      : 0x00060330  A0      : 0x820096b6  A1      : 0x3fca1ff0  
A2      : 0x3fcb429c  A3      : 0x00000001  A4      : 0x00000000  A5      : 0x000004d9  
A6      : 0x3c055558  A7      : 0x3c055558  A8      : 0x8203004d  A9      : 0x3fca1fe0  
A10     : 0x3fcb429c  A11     : 0x00000001  A12     : 0x00000000  A13     : 0x3fca2000  
A14     : 0x3fca1fe0  A15     : 0x3fcb442c  SAR     : 0x00000004  EXCCAUSE: 0x00000014  
EXCVADDR: 0x00000000  LBEG    : 0x400556d5  LEND    : 0x400556e5  LCOUNT  : 0xfffffffd  


Backtrace: 0xfffffffd:0x3fca1ff0 0x420096b3:0x3fca2020 0x42047367:0x3fca21b0 0x40382345:0x3fca21e0




ELF file SHA256: 556148727

Rebooting...
ï¿½ï¿½ï¿½ESP-ROM:esp32s3-20210327
Build:Mar 27 2021
rst:0xc (RTC_SW_CPU_RST),boot:0x8 (SPI_FAST_FLASH_BOOT)
Saved PC:0x40375d84
SPIWP:0xee
mode:DIO, clock div:1
load:0x3fce3820,len:0x19fc
load:0x403c9700,len:0x4
load:0x403c9704,len:0xe8c
load:0x403cc700,len:0x313c
entry 0x403c9940
[0;32mI (31) boot: ESP-IDF v5.2.3 2nd stage bootloader[0m
[0;32mI (31) boot: compile time Feb 22 2025 15:17:39[0m
[0;32mI (31) boot: Multicore bootloader[0m
[0;32mI (34) boot: chip revision: v0.2[0m
[0;32mI (38) boot: efuse block revision: v1.3[0m
[0;32mI (43) qio_mode: Enabling default flash chip QIO[0m
[0;32mI (48) boot.esp32s3: Boot SPI Speed : 80MHz[0m
[0;32mI (53) boot.esp32s3: SPI Mode       : QIO[0m
[0;32mI (57) boot.esp32s3: SPI Flash Size : 8MB[0m
[0;32mI (62) boot: Enabling RNG early entropy source...[0m
[0;32mI (68) boot: Partition Table:[0m
[0;32mI (71) boot: ## Label            Usage          Type ST Offset   Length[0m
[0;32mI (78) boot:  0 nvs              WiFi data        01 02 00009000 00006000[0m
[0;32mI (86) boot:  1 phy_init         RF data          01 01 0000f000 00001000[0m
[0;32mI (93) boot:  2 factory          factory app      00 00 00010000 00100000[0m
[0;32mI (101) boot: End of partition table[0m
[0;32mI (105) esp_image: segment 0: paddr=00010020 vaddr=3c050020 size=3500ch (217100) map[0m
[0;32mI (146) esp_image: segment 1: paddr=00045034 vaddr=3fc9a700 size=031a4h ( 12708) load[0m
[0;32mI (148) esp_image: segment 2: paddr=000481e0 vaddr=40374000 size=07e38h ( 32312) load[0m
[0;32mI (158) esp_image: segment 3: paddr=00050020 vaddr=42000020 size=48310h (295696) map[0m
[0;32mI (204) esp_image: segment 4: paddr=00098338 vaddr=4037be38 size=0e7e4h ( 59364) load[0m
[0;32mI (224) boot: Loaded app from partition at offset 0x10000[0m
[0;32mI (225) boot: Disabling RNG early entropy source...[0m
[0;32mI (236) cpu_start: Multicore app[0m
[0;32mI (237) octal_psram: vendor id    : 0x0d (AP)[0m
[0;32mI (237) octal_psram: dev id       : 0x02 (generation 3)[0m
[0;32mI (240) octal_psram: density      : 0x03 (64 Mbit)[0m
[0;32mI (245) octal_psram: good-die     : 0x01 (Pass)[0m
[0;32mI (250) octal_psram: Latency      : 0x01 (Fixed)[0m
[0;32mI (256) octal_psram: VCC          : 0x01 (3V)[0m
[0;32mI (261) octal_psram: SRF          : 0x01 (Fast Refresh)[0m
[0;32mI (266) octal_psram: BurstType    : 0x01 (Hybrid Wrap)[0m
[0;32mI (272) octal_psram: BurstLen     : 0x01 (32 Byte)[0m
[0;32mI (278) octal_psram: Readlatency  : 0x02 (10 cycles@Fixed)[0m
[0;32mI (284) octal_psram: DriveStrength: 0x00 (1/1)[0m
[0;32mI (290) MSPI Timing: PSRAM timing tuning index: 4[0m
[0;32mI (294) esp_psram: Found 8MB PSRAM device[0m
[0;32mI (299) esp_psram: Speed: 80MHz[0m
[0;32mI (318) mmu_psram: Read only data copied and mapped to SPIRAM[0m
[0;32mI (626) esp_psram: SPI SRAM memory test OK[0m
[0;32mI (634) cpu_start: Pro cpu start user code[0m
[0;32mI (634) cpu_start: cpu freq: 240000000 Hz[0m
[0;32mI (635) cpu_start: Application information:[0m
[0;32mI (638) cpu_start: Project name:     lvgl_porting[0m
[0;32mI (643) cpu_start: App version:      v5.2.3-dirty[0m
[0;32mI (648) cpu_start: Compile time:     Feb 23 2025 17:01:51[0m
[0;32mI (654) cpu_start: ELF file SHA256:  556148727...[0m
[0;32mI (660) cpu_start: ESP-IDF:          v5.2.3-dirty[0m
[0;32mI (665) cpu_start: Min chip rev:     v0.0[0m
[0;32mI (670) cpu_start: Max chip rev:     v0.99 [0m
[0;32mI (675) cpu_start: Chip rev:         v0.2[0m
[0;32mI (679) heap_init: Initializing. RAM available for dynamic allocation:[0m
[0;32mI (687) heap_init: At 3FC9E768 len 0004AFA8 (299 KiB): RAM[0m
[0;32mI (693) heap_init: At 3FCE9710 len 00005724 (21 KiB): RAM[0m
[0;32mI (699) heap_init: At 3FCF0000 len 00008000 (32 KiB): DRAM[0m
[0;32mI (705) heap_init: At 600FE010 len 00001FD8 (7 KiB): RTCRAM[0m
[0;32mI (711) esp_psram: Adding pool of 7936K of PSRAM memory to heap allocator[0m
[0;32mI (719) spi_flash: detected chip: gd[0m
[0;32mI (723) spi_flash: flash io: qio[0m
[0;33mW (727) i2c: This driver is an old driver, please migrate your application code to adapt `driver/i2c_master.h`[0m
[0;32mI (738) sleep: Configure to isolate all GPIO pins in sleep state[0m
[0;32mI (744) sleep: Enable automatic switching of GPIO sleep configuration[0m
[0;32mI (752) main_task: Started on CPU0[0m
[0;32mI (756) esp_psram: Reserving pool of 32K of internal memory for DMA/internal allocations[0m
[0;32mI (765) main_task: Calling app_main()[0m
[0;32mI (769) example: Install RGB LCD panel driver[0m
[0;32mI (806) example: Initialize RGB LCD panel[0m
[0;32mI (807) example: Initialize I2C bus[0m
[0;32mI (808) example: Initialize GPIO[0m
[0;32mI (808) gpio: GPIO[4]| InputEn: 0| OutputEn: 1| OpenDrain: 0| Pullup: 0| Pulldown: 0| Intr:0 [0m
[0;32mI (818) example: Initialize Touch LCD[0m
[0;32mI (1222) example: Initialize I2C panel IO[0m
[0;32mI (1222) example: Initialize touch controller GT911[0m
[0;33mW (1223) GT911: Unable to initialize the I2C address[0m
[0;32mI (1228) GT911: TouchPad_ID:0x39,0x31,0x31[0m
[0;32mI (1232) GT911: TouchPad_Config_Version:88[0m
[0;32mI (1239) lv_port: Create LVGL task[0m
[0;32mI (1241) example: Display LVGL demos[0m
Guru Meditation Error: Core  0 panic'ed (InstrFetchProhibited). Exception was unhandled.

Core  0 register dump:
PC      : 0x00000000  PS      : 0x00060330  A0      : 0x820096b6  A1      : 0x3fca1ff0  
A2      : 0x3fcb429c  A3      : 0x00000001  A4      : 0x00000000  A5      : 0x000004d9  
A6      : 0x3c055558  A7      : 0x3c055558  A8      : 0x8203004d  A9      : 0x3fca1fe0  
A10     : 0x3fcb429c  A11     : 0x00000001  A12     : 0x00000000  A13     : 0x3fca0ec0  
A14     : 0x00060023  A15     : 0x3fcb442c  SAR     : 0x00000004  EXCCAUSE: 0x00000014  
EXCVADDR: 0x00000000  LBEG    : 0x400556d5  LEND    : 0x400556e5  LCOUNT  : 0xfffffffd  


Backtrace: 0xfffffffd:0x3fca1ff0 0x420096b3:0x3fca2020 0x42047367:0x3fca21b0 0x40382345:0x3fca21e0




ELF file SHA256: 556148727

Rebooting...
ï¿½ï¿½ï¿½ESP-ROM:esp32s3-20210327
Build:Mar 27 2021
rst:0xc (RTC_SW_CPU_RST),boot:0x8 (SPI_FAST_FLASH_BOOT)
Saved PC:0x40375d84
SPIWP:0xee
mode:DIO, clock div:1
load:0x3fce3820,len:0x19fc
load:0x403c9700,len:0x4
load:0x403c9704,len:0xe8c
load:0x403cc700,len:0x313c
entry 0x403c9940
[0;32mI (31) boot: ESP-IDF v5.2.3 2nd stage bootloader[0m
[0;32mI (31) boot: compile time Feb 22 2025 15:17:39[0m
[0;32mI (31) boot: Multicore bootloader[0m
[0;32mI (34) boot: chip revision: v0.2[0m
[0;32mI (38) boot: efuse block revision: v1.3[0m
[0;32mI (43) qio_mode: Enabling default flash chip QIO[0m
[0;32mI (48) boot.esp32s3: Boot SPI Speed : 80MHz[0m
[0;32mI (53) boot.esp32s3: SPI Mode       : QIO[0m
[0;32mI (57) boot.esp32s3: SPI Flash Size : 8MB[0m
[0;32mI (62) boot: Enabling RNG early entropy source...[0m
[0;32mI (68) boot: Partition Table:[0m
[0;32mI (71) boot: ## Label            Usage          Type ST Offset   Length[0m
[0;32mI (78) boot:  0 nvs              WiFi data        01 02 00009000 00006000[0m
[0;32mI (86) boot:  1 phy_init         RF data          01 01 0000f000 00001000[0m
[0;32mI (93) boot:  2 factory          factory app      00 00 00010000 00100000[0m
[0;32mI (101) boot: End of partition table[0m
[0;32mI (105) esp_image: segment 0: paddr=00010020 vaddr=3c050020 size=3500ch (217100) map[0m
[0;32mI (146) esp_image: segment 1: paddr=00045034 vaddr=3fc9a700 size=031a4h ( 12708) load[0m
[0;32mI (148) esp_image: segment 2: paddr=000481e0 vaddr=40374000 size=07e38h ( 32312) load[0m
[0;32mI (158) esp_image: segment 3: paddr=00050020 vaddr=42000020 size=48310h (295696) map[0m
[0;32mI (204) esp_image: segment 4: paddr=00098338 vaddr=4037be38 size=0e7e4h ( 59364) load[0m
[0;32mI (224) boot: Loaded app from partition at offset 0x10000[0m
[0;32mI (225) boot: Disabling RNG early entropy source...[0m
[0;32mI (236) cpu_start: Multicore app[0m
[0;32mI (237) octal_psram: vendor id    : 0x0d (AP)[0m
[0;32mI (237) octal_psram: dev id       : 0x02 (generation 3)[0m
[0;32mI (240) octal_psram: density      : 0x03 (64 Mbit)[0m
[0;32mI (245) octal_psram: good-die     : 0x01 (Pass)[0m
[0;32mI (250) octal_psram: Latency      : 0x01 (Fixed)[0m
[0;32mI (256) octal_psram: VCC          : 0x01 (3V)[0m
[0;32mI (261) octal_psram: SRF          : 0x01 (Fast Refresh)[0m
[0;32mI (266) octal_psram: BurstType    : 0x01 (Hybrid Wrap)[0m
[0;32mI (272) octal_psram: BurstLen     : 0x01 (32 Byte)[0m
[0;32mI (278) octal_psram: Readlatency  : 0x02 (10 cycles@Fixed)[0m
[0;32mI (284) octal_psram: DriveStrength: 0x00 (1/1)[0m
[0;32mI (290) MSPI Timing: PSRAM timing tuning index: 4[0m
[0;32mI (294) esp_psram: Found 8MB PSRAM device[0m
[0;32mI (299) esp_psram: Speed: 80MHz[0m
[0;32mI (318) mmu_psram: Read only data copied and mapped to SPIRAM[0m
[0;32mI (626) esp_psram: SPI SRAM memory test OK[0m
[0;32mI (634) cpu_start: Pro cpu start user code[0m
[0;32mI (634) cpu_start: cpu freq: 240000000 Hz[0m
[0;32mI (635) cpu_start: Application information:[0m
[0;32mI (638) cpu_start: Project name:     lvgl_porting[0m
[0;32mI (643) cpu_start: App version:      v5.2.3-dirty[0m
[0;32mI (648) cpu_start: Compile time:     Feb 23 2025 17:01:51[0m
[0;32mI (654) cpu_start: ELF file SHA256:  556148727...[0m
[0;32mI (660) cpu_start: ESP-IDF:          v5.2.3-dirty[0m
[0;32mI (665) cpu_start: Min chip rev:     v0.0[0m
[0;32mI (670) cpu_start: Max chip rev:     v0.99 [0m
[0;32mI (675) cpu_start: Chip rev:         v0.2[0m
[0;32mI (679) heap_init: Initializing. RAM available for dynamic allocation:[0m
[0;32mI (687) heap_init: At 3FC9E768 len 0004AFA8 (299 KiB): RAM[0m
[0;32mI (693) heap_init: At 3FCE9710 len 00005724 (21 KiB): RAM[0m
[0;32mI (699) heap_init: At 3FCF0000 len 00008000 (32 KiB): DRAM[0m
[0;32mI (705) heap_init: At 600FE010 len 00001FD8 (7 KiB): RTCRAM[0m
[0;32mI (711) esp_psram: Adding pool of 7936K of PSRAM memory to heap allocator[0m
[0;32mI (719) spi_flash: detected chip: gd[0m
[0;32mI (723) spi_flash: flash io: qio[0m
[0;33mW (727) i2c: This driver is an old driver, please migrate your application code to adapt `driver/i2c_master.h`[0m
[0;32mI (738) sleep: Configure to isolate all GPIO pins in sleep state[0m
[0;32mI (744) sleep: Enable automatic switching of GPIO sleep configuration[0m
[0;32mI (752) main_task: Started on CPU0[0m
[0;32mI (756) esp_psram: Reserving pool of 32K of internal memory for DMA/internal allocations[0m
[0;32mI (765) main_task: Calling app_main()[0m
[0;32mI (769) example: Install RGB LCD panel driver[0m
[0;32mI (806) example: Initialize RGB LCD panel[0m
[0;32mI (807) example: Initialize I2C bus[0m
[0;32mI (808) example: Initialize GPIO[0m
[0;32mI (808) gpio: GPIO[4]| InputEn: 0| OutputEn: 1| OpenDrain: 0| Pullup: 0| Pulldown: 0| Intr:0 [0m
[0;32mI (818) example: Initialize Touch LCD[0m
[0;32mI (1222) example: Initialize I2C panel IO[0m
[0;32mI (1222) example: Initialize touch controller GT911[0m
[0;33mW (1223) GT911: Unable to initialize the I2C address[0m
[0;32mI (1228) GT911: TouchPad_ID:0x39,0x31,0x31[0m
[0;32mI (1232) GT911: TouchPad_Config_Version:88[0m
[0;32mI (1239) lv_port: Create LVGL task[0m
[0;32mI (1241) example: Display LVGL demos[0m
Guru Meditation Error: Core  0 panic'ed (InstrFetchProhibited). Exception was unhandled.

Core  0 register dump:
PC      : 0x00000000  PS      : 0x00060330  A0      : 0x820096b6  A1      : 0x3fca1ff0  
A2      : 0x3fcb429c  A3      : 0x00000001  A4      : 0x00000000  A5      : 0x000004d9  
A6      : 0x3c055558  A7      : 0x3c055558  A8      : 0x8203004d  A9      : 0x3fca1fe0  
A10     : 0x3fcb429c  A11     : 0x00000001  A12     : 0x00000000  A13     : 0x3fca0ec0  
A14     : 0x00060023  A15     : 0x3fcb442c  SAR     : 0x00000004  EXCCAUSE: 0x00000014  
EXCVADDR: 0x00000000  LBEG    : 0x400556d5  LEND    : 0x400556e5  LCOUNT  : 0xfffffffd  


Backtrace: 0xfffffffd:0x3fca1ff0 0x420096b3:0x3fca2020 0x42047367:0x3fca21b0 0x40382345:0x3fca21e0




ELF file SHA256: 556148727

Rebooting...
ï¿½ï¿½ï¿½ESP-ROM:esp32s3-20210327
Build:Mar 27 2021
rst:0xc (RTC_SW_CPU_RST),boot:0x8 (SPI_FAST_FLASH_BOOT)
Saved PC:0x40375d84
SPIWP:0xee
mode:DIO, clock div:1
load:0x3fce3820,len:0x19fc
load:0x403c9700,len:0x4
load:0x403c9704,len:0xe8c
load:0x403cc700,len:0x313c
entry 0x403c9940
[0;32mI (31) boot: ESP-IDF v5.2.3 2nd stage bootloader[0m
[0;32mI (31) boot: compile time Feb 22 2025 15:17:39[0m
[0;32mI (31) boot: Multicore bootloader[0m
[0;32mI (34) boot: chip revision: v0.2[0m
[0;32mI (38) boot: efuse block revision: v1.3[0m
[0;32mI (43) qio_mode: Enabling default flash chip QIO[0m
[0;32mI (48) boot.esp32s3: Boot SPI Speed : 80MHz[0m
[0;32mI (53) boot.esp32s3: SPI Mode       : QIO[0m
[0;32mI (57) boot.esp32s3: SPI Flash Size : 8MB[0m
[0;32mI (62) boot: Enabling RNG early entropy source...[0m
[0;32mI (68) boot: Partition Table:[0m
[0;32mI (71) boot: ## Label            Usage          Type ST Offset   Length[0m
[0;32mI (78) boot:  0 nvs              WiFi data        01 02 00009000 00006000[0m
[0;32mI (86) boot:  1 phy_init         RF data          01 01 0000f000 00001000[0m
[0;32mI (93) boot:  2 factory          factory app      00 00 00010000 00100000[0m
[0;32mI (101) boot: End of partition table[0m
[0;32mI (105) esp_image: segment 0: paddr=00010020 vaddr=3c050020 size=3500ch (217100) map[0m
[0;32mI (146) esp_image: segment 1: paddr=00045034 vaddr=3fc9a700 size=031a4h ( 12708) load[0m
[0;32mI (148) esp_image: segment 2: paddr=000481e0 vaddr=40374000 size=07e38h ( 32312) load[0m
[0;32mI (158) esp_image: segment 3: paddr=00050020 vaddr=42000020 size=48310h (295696) map[0m
[0;32mI (204) esp_image: segment 4: paddr=00098338 vaddr=4037be38 size=0e7e4h ( 59364) load[0m
[0;32mI (224) boot: Loaded app from partition at offset 0x10000[0m
[0;32mI (225) boot: Disabling RNG early entropy source...[0m
[0;32mI (236) cpu_start: Multicore app[0m
[0;32mI (237) octal_psram: vendor id    : 0x0d (AP)[0m
[0;32mI (237) octal_psram: dev id       : 0x02 (generation 3)[0m
[0;32mI (240) octal_psram: density      : 0x03 (64 Mbit)[0m
[0;32mI (245) octal_psram: good-die     : 0x01 (Pass)[0m
[0;32mI (250) octal_psram: Latency      : 0x01 (Fixed)[0m
[0;32mI (256) octal_psram: VCC          : 0x01 (3V)[0m
[0;32mI (261) octal_psram: SRF          : 0x01 (Fast Refresh)[0m
[0;32mI (266) octal_psram: BurstType    : 0x01 (Hybrid Wrap)[0m
[0;32mI (272) octal_psram: BurstLen     : 0x01 (32 Byte)[0m
[0;32mI (278) octal_psram: Readlatency  : 0x02 (10 cycles@Fixed)[0m
[0;32mI (284) octal_psram: DriveStrength: 0x00 (1/1)[0m
[0;32mI (290) MSPI Timing: PSRAM timing tuning index: 4[0m
[0;32mI (294) esp_psram: Found 8MB PSRAM device[0m
[0;32mI (299) esp_psram: Speed: 80MHz[0m
[0;32mI (318) mmu_psram: Read only data copied and mapped to SPIRAM[0m
[0;32mI (626) esp_psram: SPI SRAM memory test OK[0m
[0;32mI (634) cpu_start: Pro cpu start user code[0m
[0;32mI (635) cpu_start: cpu freq: 240000000 Hz[0m
[0;32mI (635) cpu_start: Application information:[0m
[0;32mI (638) cpu_start: Project name:     lvgl_porting[0m
[0;32mI (643) cpu_start: App version:      v5.2.3-dirty[0m
[0;32mI (648) cpu_start: Compile time:     Feb 23 2025 17:01:51[0m
[0;32mI (654) cpu_start: ELF file SHA256:  556148727...[0m
[0;32mI (660) cpu_start: ESP-IDF:          v5.2.3-dirty[0m
[0;32mI (665) cpu_start: Min chip rev:     v0.0[0m
[0;32mI (670) cpu_start: Max chip rev:     v0.99 [0m
[0;32mI (675) cpu_start: Chip rev:         v0.2[0m
[0;32mI (679) heap_init: Initializing. RAM available for dynamic allocation:[0m
[0;32mI (687) heap_init: At 3FC9E768 len 0004AFA8 (299 KiB): RAM[0m
[0;32mI (693) heap_init: At 3FCE9710 len 00005724 (21 KiB): RAM[0m
[0;32mI (699) heap_init: At 3FCF0000 len 00008000 (32 KiB): DRAM[0m
[0;32mI (705) heap_init: At 600FE010 len 00001FD8 (7 KiB): RTCRAM[0m
[0;32mI (711) esp_psram: Adding pool of 7936K of PSRAM memory to heap allocator[0m
[0;32mI (719) spi_flash: detected chip: gd[0m
[0;32mI (723) spi_flash: flash io: qio[0m
[0;33mW (727) i2c: This driver is an old driver, please migrate your application code to adapt `driver/i2c_master.h`[0m
[0;32mI (738) sleep: Configure to isolate all GPIO pins in sleep state[0m
[0;32mI (744) sleep: Enable automatic switching of GPIO sleep configuration[0m
[0;32mI (752) main_task: Started on CPU0[0m
[0;32mI (756) esp_psram: Reserving pool of 32K of internal memory for DMA/internal allocations[0m
[0;32mI (765) main_task: Calling app_main()[0m
[0;32mI (769) example: Install RGB LCD panel driver[0m
[0;32mI (806) example: Initialize RGB LCD panel[0m
[0;32mI (807) example: Initialize I2C bus[0m
[0;32mI (808) example: Initialize GPIO[0m
[0;32mI (808) gpio: GPIO[4]| InputEn: 0| OutputEn: 1| OpenDrain: 0| Pullup: 0| Pulldown: 0| Intr:0 [0m
[0;32mI (818) example: Initialize Touch LCD[0m
[0;32mI (1222) example: Initialize I2C panel IO[0m
[0;32mI (1222) example: Initialize touch controller GT911[0m
[0;33mW (1223) GT911: Unable to initialize the I2C address[0m
[0;32mI (1228) GT911: TouchPad_ID:0x39,0x31,0x31[0m
[0;32mI (1232) GT911: TouchPad_Config_Version:88[0m
[0;32mI (1240) lv_port: Create LVGL task[0m
[0;32mI (1241) example: Display LVGL demos[0m
Guru Meditation Error: Core  0 panic'ed (InstrFetchProhibited). Exception was unhandled.

Core  0 register dump:
PC      : 0x00000000  PS      : 0x00060330  A0      : 0x820096b6  A1      : 0x3fca1ff0  
A2      : 0x3fcb429c  A3      : 0x00000001  A4      : 0x00000000  A5      : 0x000004d9  
A6      : 0x3c055558  A7      : 0x3c055558  A8      : 0x8203004d  A9      : 0x3fca1fe0  
A10     : 0x3fcb429c  A11     : 0x00000001  A12     : 0x00000000  A13     : 0x3fca2000  
A14     : 0x3fca1fe0  A15     : 0x3fcb442c  SAR     : 0x00000004  EXCCAUSE: 0x00000014  
EXCVADDR: 0x00000000  LBEG    : 0x400556d5  LEND    : 0x400556e5  LCOUNT  : 0xfffffffd  


Backtrace: 0xfffffffd:0x3fca1ff0 0x420096b3:0x3fca2020 0x42047367:0x3fca21b0 0x40382345:0x3fca21e0




ELF file SHA256: 556148727

Rebooting...
ï¿½ï¿½ï¿½ESP-ROM:esp32s3-20210327
Build:Mar 27 2021
rst:0xc (RTC_SW_CPU_RST),boot:0x8 (SPI_FAST_FLASH_BOOT)
Saved PC:0x40375d84
SPIWP:0xee
mode:DIO, clock div:1
load:0x3fce3820,len:0x19fc
load:0x403c9700,len:0x4
load:0x403c9704,len:0xe8c
load:0x403cc700,len:0x313c
entry 0x403c9940
[0;32mI (31) boot: ESP-IDF v5.2.3 2nd stage bootloader[0m
[0;32mI (31) boot: compile time Feb 22 2025 15:17:39[0m
[0;32mI (31) boot: Multicore bootloader[0m
[0;32mI (34) boot: chip revision: v0.2[0m
[0;32mI (38) boot: efuse block revision: v1.3[0m
[0;32mI (43) qio_mode: Enabling default flash chip QIO[0m
[0;32mI (48) boot.esp32s3: Boot SPI Speed : 80MHz[0m
[0;32mI (53) boot.esp32s3: SPI Mode       : QIO[0m
[0;32mI (57) boot.esp32s3: SPI Flash Size : 8MB[0m
[0;32mI (62) boot: Enabling RNG early entropy source...[0m
[0;32mI (68) boot: Partition Table:[0m
[0;32mI (71) boot: ## Label            Usage          Type ST Offset   Length[0m
[0;32mI (78) boot:  0 nvs              WiFi data        01 02 00009000 00006000[0m
[0;32mI (86) boot:  1 phy_init         RF data          01 01 0000f000 00001000[0m
[0;32mI (93) boot:  2 factory          factory app      00 00 00010000 00100000[0m
[0;32mI (101) boot: End of partition table[0m
[0;32mI (105) esp_image: segment 0: paddr=00010020 vaddr=3c050020 size=3500ch (217100) map[0m
[0;32mI (146) esp_image: segment 1: paddr=00045034 vaddr=3fc9a700 size=031a4h ( 12708) load[0m
[0;32mI (148) esp_image: segment 2: paddr=000481e0 vaddr=40374000 size=07e38h ( 32312) load[0m
[0;32mI (158) esp_image: segment 3: paddr=00050020 vaddr=42000020 size=48310h (295696) map[0m
[0;32mI (204) esp_image: segment 4: paddr=00098338 vaddr=4037be38 size=0e7e4h ( 59364) load[0m
[0;32mI (224) boot: Loaded app from partition at offset 0x10000[0m
[0;32mI (225) boot: Disabling RNG early entropy source...[0m
[0;32mI (236) cpu_start: Multicore app[0m
[0;32mI (237) octal_psram: vendor id    : 0x0d (AP)[0m
[0;32mI (237) octal_psram: dev id       : 0x02 (generation 3)[0m
[0;32mI (240) octal_psram: density      : 0x03 (64 Mbit)[0m
[0;32mI (245) octal_psram: good-die     : 0x01 (Pass)[0m
[0;32mI (250) octal_psram: Latency      : 0x01 (Fixed)[0m
[0;32mI (256) octal_psram: VCC          : 0x01 (3V)[0m
[0;32mI (261) octal_psram: SRF          : 0x01 (Fast Refresh)[0m
[0;32mI (266) octal_psram: BurstType    : 0x01 (Hybrid Wrap)[0m
[0;32mI (272) octal_psram: BurstLen     : 0x01 (32 Byte)[0m
[0;32mI (278) octal_psram: Readlatency  : 0x02 (10 cycles@Fixed)[0m
[0;32mI (284) octal_psram: DriveStrength: 0x00 (1/1)[0m
[0;32mI (290) MSPI Timing: PSRAM timing tuning index: 4[0m
[0;32mI (294) esp_psram: Found 8MB PSRAM device[0m
[0;32mI (299) esp_psram: Speed: 80MHz[0m
[0;32mI (318) mmu_psram: Read only data copied and mapped to SPIRAM[0m
[0;32mI (626) esp_psram: SPI SRAM memory test OK[0m
[0;32mI (634) cpu_start: Pro cpu start user code[0m
[0;32mI (635) cpu_start: cpu freq: 240000000 Hz[0m
[0;32mI (635) cpu_start: Application information:[0m
[0;32mI (638) cpu_start: Project name:     lvgl_porting[0m
[0;32mI (643) cpu_start: App version:      v5.2.3-dirty[0m
[0;32mI (648) cpu_start: Compile time:     Feb 23 2025 17:01:51[0m
[0;32mI (654) cpu_start: ELF file SHA256:  556148727...[0m
[0;32mI (660) cpu_start: ESP-IDF:          v5.2.3-dirty[0m
[0;32mI (665) cpu_start: Min chip rev:     v0.0[0m
[0;32mI (670) cpu_start: Max chip rev:     v0.99 [0m
[0;32mI (675) cpu_start: Chip rev:         v0.2[0m
[0;32mI (679) heap_init: Initializing. RAM available for dynamic allocation:[0m
[0;32mI (687) heap_init: At 3FC9E768 len 0004AFA8 (299 KiB): RAM[0m
[0;32mI (693) heap_init: At 3FCE9710 len 00005724 (21 KiB): RAM[0m
[0;32mI (699) heap_init: At 3FCF0000 len 00008000 (32 KiB): DRAM[0m
[0;32mI (705) heap_init: At 600FE010 len 00001FD8 (7 KiB): RTCRAM[0m
[0;32mI (711) esp_psram: Adding pool of 7936K of PSRAM memory to heap allocator[0m
[0;32mI (719) spi_flash: detected chip: gd[0m
[0;32mI (723) spi_flash: flash io: qio[0m
[0;33mW (727) i2c: This driver is an old driver, please migrate your application code to adapt `driver/i2c_master.h`[0m
[0;32mI (738) sleep: Configure to isolate all GPIO pins in sleep state[0m
[0;32mI (744) sleep: Enable automatic switching of GPIO sleep configuration[0m
[0;32mI (752) main_task: Started on CPU0[0m
[0;32mI (756) esp_psram: Reserving pool of 32K of internal memory for DMA/internal allocations[0m
[0;32mI (765) main_task: Calling app_main()[0m
[0;32mI (769) example: Install RGB LCD panel driver[0m
[0;32mI (806) example: Initialize RGB LCD panel[0m
[0;32mI (807) example: Initialize I2C bus[0m
[0;32mI (808) example: Initialize GPIO[0m
[0;32mI (808) gpio: GPIO[4]| InputEn: 0| OutputEn: 1| OpenDrain: 0| Pullup: 0| Pulldown: 0| Intr:0 [0m
[0;32mI (818) example: Initialize Touch LCD[0m
[0;32mI (1222) example: Initialize I2C panel IO[0m
[0;32mI (1222) example: Initialize touch controller GT911[0m
[0;33mW (1223) GT911: Unable to initialize the I2C address[0m
[0;32mI (1228) GT911: TouchPad_ID:0x39,0x31,0x31[0m
[0;32mI (1232) GT911: TouchPad_Config_Version:88[0m
[0;32mI (1240) lv_port: Create LVGL task[0m
[0;32mI (1241) example: Display LVGL demos[0m
Guru Meditation Error: Core  0 panic'ed (InstrFetchProhibited). Exception was unhandled.

Core  0 register dump:
PC      : 0x00000000  PS      : 0x00060330  A0      : 0x820096b6  A1      : 0x3fca1ff0  
A2      : 0x3fcb429c  A3      : 0x00000001  A4      : 0x00000000  A5      : 0x000004d9  
A6      : 0x3c055558  A7      : 0x3c055558  A8      : 0x8203004d  A9      : 0x3fca1fe0  
A10     : 0x3fcb429c  A11     : 0x00000001  A12     : 0x00000000  A13     : 0x3fca2000  
A14     : 0x3fca1fe0  A15     : 0x3fcb442c  SAR     : 0x00000004  EXCCAUSE: 0x00000014  
EXCVADDR: 0x00000000  LBEG    : 0x400556d5  LEND    : 0x400556e5  LCOUNT  : 0xfffffffd  


Backtrace: 0xfffffffd:0x3fca1ff0 0x420096b3:0x3fca2020 0x42047367:0x3fca21b0 0x40382345:0x3fca21e0




ELF file SHA256: 556148727

Rebooting...
ï¿½ï¿½ï¿½ESP-ROM:esp32s3-20210327
Build:Mar 27 2021
rst:0xc (RTC_SW_CPU_RST),boot:0x8 (SPI_FAST_FLASH_BOOT)
Saved PC:0x40375d84
SPIWP:0xee
mode:DIO, clock div:1
load:0x3fce3820,len:0x19fc
load:0x403c9700,len:0x4
load:0x403c9704,len:0xe8c
load:0x403cc700,len:0x313c
entry 0x403c9940
[0;32mI (31) boot: ESP-IDF v5.2.3 2nd stage bootloader[0m
[0;32mI (31) boot: compile time Feb 22 2025 15:17:39[0m
[0;32mI (31) boot: Multicore bootloader[0m
[0;32mI (34) boot: chip revision: v0.2[0m
[0;32mI (38) boot: efuse block revision: v1.3[0m
[0;32mI (43) qio_mode: Enabling default flash chip QIO[0m
[0;32mI (48) boot.esp32s3: Boot SPI Speed : 80MHz[0m
[0;32mI (53) boot.esp32s3: SPI Mode       : QIO[0m
[0;32mI (57) boot.esp32s3: SPI Flash Size : 8MB[0m
[0;32mI (62) boot: Enabling RNG early entropy source...[0m
[0;32mI (68) boot: Partition Table:[0m
[0;32mI (71) boot: ## Label            Usage          Type ST Offset   Length[0m
[0;32mI (78) boot:  0 nvs              WiFi data        01 02 00009000 00006000[0m
[0;32mI (86) boot:  1 phy_init         RF data          01 01 0000f000 00001000[0m
[0;32mI (93) boot:  2 factory          factory app      00 00 00010000 00100000[0m
[0;32mI (101) boot: End of partition table[0m
[0;32mI (105) esp_image: segment 0: paddr=00010020 vaddr=3c050020 size=3500ch (217100) map[0m
[0;32mI (146) esp_image: segment 1: paddr=00045034 vaddr=3fc9a700 size=031a4h ( 12708) load[0m
[0;32mI (148) esp_image: segment 2: paddr=000481e0 vaddr=40374000 size=07e38h ( 32312) load[0m
[0;32mI (158) esp_image: segment 3: paddr=00050020 vaddr=42000020 size=48310h (295696) map[0m
[0;32mI (204) esp_image: segment 4: paddr=00098338 vaddr=4037be38 size=0e7e4h ( 59364) load[0m
[0;32mI (224) boot: Loaded app from partition at offset 0x10000[0m
[0;32mI (225) boot: Disabling RNG early entropy source...[0m
[0;32mI (236) cpu_start: Multicore app[0m
[0;32mI (237) octal_psram: vendor id    : 0x0d (AP)[0m
[0;32mI (237) octal_psram: dev id       : 0x02 (generation 3)[0m
[0;32mI (240) octal_psram: density      : 0x03 (64 Mbit)[0m
[0;32mI (245) octal_psram: good-die     : 0x01 (Pass)[0m
[0;32mI (250) octal_psram: Latency      : 0x01 (Fixed)[0m
[0;32mI (256) octal_psram: VCC          : 0x01 (3V)[0m
[0;32mI (261) octal_psram: SRF          : 0x01 (Fast Refresh)[0m
[0;32mI (266) octal_psram: BurstType    : 0x01 (Hybrid Wrap)[0m
[0;32mI (272) octal_psram: BurstLen     : 0x01 (32 Byte)[0m
[0;32mI (278) octal_psram: Readlatency  : 0x02 (10 cycles@Fixed)[0m
[0;32mI (284) octal_psram: DriveStrength: 0x00 (1/1)[0m
[0;32mI (290) MSPI Timing: PSRAM timing tuning index: 4[0m
[0;32mI (294) esp_psram: Found 8MB PSRAM device[0m
[0;32mI (299) esp_psram: Speed: 80MHz[0m
[0;32mI (318) mmu_psram: Read only data copied and mapped to SPIRAM[0m
[0;32mI (626) esp_psram: SPI SRAM memory test OK[0m
[0;32mI (634) cpu_start: Pro cpu start user code[0m
[0;32mI (635) cpu_start: cpu freq: 240000000 Hz[0m
[0;32mI (635) cpu_start: Application information:[0m
[0;32mI (638) cpu_start: Project name:     lvgl_porting[0m
[0;32mI (643) cpu_start: App version:      v5.2.3-dirty[0m
[0;32mI (648) cpu_start: Compile time:     Feb 23 2025 17:01:51[0m
[0;32mI (654) cpu_start: ELF file SHA256:  556148727...[0m
[0;32mI (660) cpu_start: ESP-IDF:          v5.2.3-dirty[0m
[0;32mI (665) cpu_start: Min chip rev:     v0.0[0m
[0;32mI (670) cpu_start: Max chip rev:     v0.99 [0m
[0;32mI (675) cpu_start: Chip rev:         v0.2[0m
[0;32mI (679) heap_init: Initializing. RAM available for dynamic allocation:[0m
[0;32mI (687) heap_init: At 3FC9E768 len 0004AFA8 (299 KiB): RAM[0m
[0;32mI (693) heap_init: At 3FCE9710 len 00005724 (21 KiB): RAM[0m
[0;32mI (699) heap_init: At 3FCF0000 len 00008000 (32 KiB): DRAM[0m
[0;32mI (705) heap_init: At 600FE010 len 00001FD8 (7 KiB): RTCRAM[0m
[0;32mI (711) esp_psram: Adding pool of 7936K of PSRAM memory to heap allocator[0m
[0;32mI (719) spi_flash: detected chip: gd[0m
[0;32mI (723) spi_flash: flash io: qio[0m
[0;33mW (727) i2c: This driver is an old driver, please migrate your application code to adapt `driver/i2c_master.h`[0m
[0;32mI (738) sleep: Configure to isolate all GPIO pins in sleep state[0m
[0;32mI (744) sleep: Enable automatic switching of GPIO sleep configuration[0m
[0;32mI (752) main_task: Started on CPU0[0m
[0;32mI (756) esp_psram: Reserving pool of 32K of internal memory for DMA/internal allocations[0m
[0;32mI (765) main_task: Calling app_main()[0m
[0;32mI (769) example: Install RGB LCD panel driver[0m
[0;32mI (806) example: Initialize RGB LCD panel[0m
[0;32mI (807) example: Initialize I2C bus[0m
[0;32mI (808) example: Initialize GPIO[0m
[0;32mI (808) gpio: GPIO[4]| InputEn: 0| OutputEn: 1| OpenDrain: 0| Pullup: 0| Pulldown: 0| Intr:0 [0m
[0;32mI (818) example: Initialize Touch LCD[0m
[0;32mI (1222) example: Initialize I2C panel IO[0m
[0;32mI (1222) example: Initialize touch controller GT911[0m
[0;33mW (1223) GT911: Unable to initialize the I2C address[0m
[0;32mI (1228) GT911: TouchPad_ID:0x39,0x31,0x31[0m
[0;32mI (1232) GT911: TouchPad_Config_Version:88[0m
[0;32mI (1239) lv_port: Create LVGL task[0m
[0;32mI (1241) example: Display LVGL demos[0m
Guru Meditation Error: Core  0 panic'ed (InstrFetchProhibited). Exception was unhandled.

Core  0 register dump:
PC      : 0x00000000  PS      : 0x00060330  A0      : 0x820096b6  A1      : 0x3fca1ff0  
A2      : 0x3fcb429c  A3      : 0x00000001  A4      : 0x00000000  A5      : 0x000004d9  
A6      : 0x3c055558  A7      : 0x3c055558  A8      : 0x8203004d  A9      : 0x3fca1fe0  
A10     : 0x3fcb429c  A11     : 0x00000001  A12     : 0x00000000  A13     : 0x3fca0ec0  
A14     : 0x00060023  A15     : 0x3fcb442c  SAR     : 0x00000004  EXCCAUSE: 0x00000014  
EXCVADDR: 0x00000000  LBEG    : 0x400556d5  LEND    : 0x400556e5  LCOUNT  : 0xfffffffd  


Backtrace: 0xfffffffd:0x3fca1ff0 0x420096b3:0x3fca2020 0x42047367:0x3fca21b0 0x40382345:0x3fca21e0




ELF file SHA256: 556148727

Rebooting...
ï¿½ï¿½ï¿½ESP-ROM:esp32s3-20210327
Build:Mar 27 2021
rst:0xc (RTC_SW_CPU_RST),boot:0x8 (SPI_FAST_FLASH_BOOT)
Saved PC:0x40375d84
SPIWP:0xee
mode:DIO, clock div:1
load:0x3fce3820,len:0x19fc
load:0x403c9700,len:0x4
load:0x403c9704,len:0xe8c
load:0x403cc700,len:0x313c
entry 0x403c9940
[0;32mI (31) boot: ESP-IDF v5.2.3 2nd stage bootloader[0m
[0;32mI (31) boot: compile time Feb 22 2025 15:17:39[0m
[0;32mI (31) boot: Multicore bootloader[0m
[0;32mI (34) boot: chip revision: v0.2[0m
[0;32mI (38) boot: efuse block revision: v1.3[0m
[0;32mI (43) qio_mode: Enabling default flash chip QIO[0m
[0;32mI (48) boot.esp32s3: Boot SPI Speed : 80MHz[0m
[0;32mI (53) boot.esp32s3: SPI Mode       : QIO[0m
[0;32mI (57) boot.esp32s3: SPI Flash Size : 8MB[0m
[0;32mI (62) boot: Enabling RNG early entropy source...[0m
[0;32mI (68) boot: Partition Table:[0m
[0;32mI (71) boot: ## Label            Usage          Type ST Offset   Length[0m
[0;32mI (78) boot:  0 nvs              WiFi data        01 02 00009000 00006000[0m
[0;32mI (86) boot:  1 phy_init         RF data          01 01 0000f000 00001000[0m
[0;32mI (93) boot:  2 factory          factory app      00 00 00010000 00100000[0m
[0;32mI (101) boot: End of partition table[0m
[0;32mI (105) esp_image: segment 0: paddr=00010020 vaddr=3c050020 size=3500ch (217100) map[0m
[0;32mI (146) esp_image: segment 1: paddr=00045034 vaddr=3fc9a700 size=031a4h ( 12708) load[0m
[0;32mI (148) esp_image: segment 2: paddr=000481e0 vaddr=40374000 size=07e38h ( 32312) load[0m
[0;32mI (158) esp_image: segment 3: paddr=00050020 vaddr=42000020 size=48310h (295696) map[0m
[0;32mI (204) esp_image: segment 4: paddr=00098338 vaddr=4037be38 size=0e7e4h ( 59364) load[0m
[0;32mI (224) boot: Loaded app from partition at offset 0x10000[0m
[0;32mI (225) boot: Disabling RNG early entropy source...[0m
[0;32mI (236) cpu_start: Multicore app[0m
[0;32mI (237) octal_psram: vendor id    : 0x0d (AP)[0m
[0;32mI (237) octal_psram: dev id       : 0x02 (generation 3)[0m
[0;32mI (240) octal_psram: density      : 0x03 (64 Mbit)[0m
[0;32mI (245) octal_psram: good-die     : 0x01 (Pass)[0m
[0;32mI (250) octal_psram: Latency      : 0x01 (Fixed)[0m
[0;32mI (256) octal_psram: VCC          : 0x01 (3V)[0m
[0;32mI (261) octal_psram: SRF          : 0x01 (Fast Refresh)[0m
[0;32mI (266) octal_psram: BurstType    : 0x01 (Hybrid Wrap)[0m
[0;32mI (272) octal_psram: BurstLen     : 0x01 (32 Byte)[0m
[0;32mI (278) octal_psram: Readlatency  : 0x02 (10 cycles@Fixed)[0m
[0;32mI (284) octal_psram: DriveStrength: 0x00 (1/1)[0m
[0;32mI (290) MSPI Timing: PSRAM timing tuning index: 4[0m
[0;32mI (294) esp_psram: Found 8MB PSRAM device[0m
[0;32mI (299) esp_psram: Speed: 80MHz[0m
[0;32mI (318) mmu_psram: Read only data copied and mapped to SPIRAM[0m
[0;32mI (626) esp_psram: SPI SRAM memory test OK[0m
[0;32mI (634) cpu_start: Pro cpu start user code[0m
[0;32mI (634) cpu_start: cpu freq: 240000000 Hz[0m
[0;32mI (635) cpu_start: Application information:[0m
[0;32mI (638) cpu_start: Project name:     lvgl_porting[0m
[0;32mI (643) cpu_start: App version:      v5.2.3-dirty[0m
[0;32mI (648) cpu_start: Compile time:     Feb 23 2025 17:01:51[0m
[0;32mI (654) cpu_start: ELF file SHA256:  556148727...[0m
[0;32mI (660) cpu_start: ESP-IDF:          v5.2.3-dirty[0m
[0;32mI (665) cpu_start: Min chip rev:     v0.0[0m
[0;32mI (670) cpu_start: Max chip rev:     v0.99 [0m
[0;32mI (675) cpu_start: Chip rev:         v0.2[0m
[0;32mI (679) heap_init: Initializing. RAM available for dynamic allocation:[0m
[0;32mI (687) heap_init: At 3FC9E768 len 0004AFA8 (299 KiB): RAM[0m
[0;32mI (693) heap_init: At 3FCE9710 len 00005724 (21 KiB): RAM[0m
[0;32mI (699) heap_init: At 3FCF0000 len 00008000 (32 KiB): DRAM[0m
[0;32mI (705) heap_init: At 600FE010 len 00001FD8 (7 KiB): RTCRAM[0m
[0;32mI (711) esp_psram: Adding pool of 7936K of PSRAM memory to heap allocator[0m
[0;32mI (719) spi_flash: detected chip: gd[0m
[0;32mI (723) spi_flash: flash io: qio[0m
[0;33mW (727) i2c: This driver is an old driver, please migrate your application code to adapt `driver/i2c_master.h`[0m
[0;32mI (738) sleep: Configure to isolate all GPIO pins in sleep state[0m
[0;32mI (744) sleep: Enable automatic switching of GPIO sleep configuration[0m
[0;32mI (752) main_task: Started on CPU0[0m
[0;32mI (756) esp_psram: Reserving pool of 32K of internal memory for DMA/internal allocations[0m
[0;32mI (765) main_task: Calling app_main()[0m
[0;32mI (769) example: Install RGB LCD panel driver[0m
[0;32mI (806) example: Initialize RGB LCD panel[0m
[0;32mI (807) example: Initialize I2C bus[0m
[0;32mI (808) example: Initialize GPIO[0m
[0;32mI (808) gpio: GPIO[4]| InputEn: 0| OutputEn: 1| OpenDrain: 0| Pullup: 0| Pulldown: 0| Intr:0 [0m
[0;32mI (818) example: Initialize Touch LCD[0m
[0;32mI (1222) example: Initialize I2C panel IO[0m
[0;32mI (1222) example: Initialize touch controller GT911[0m
[0;33mW (1223) GT911: Unable to initialize the I2C address[0m
[0;32mI (1228) GT911: TouchPad_ID:0x39,0x31,0x31[0m
[0;32mI (1232) GT911: TouchPad_Config_Version:88[0m
[0;32mI (1240) lv_port: Create LVGL task[0m
[0;32mI (1241) example: Display LVGL demos[0m
Guru Meditation Error: Core  0 panic'ed (InstrFetchProhibited). Exception was unhandled.

Core  0 register dump:
PC      : 0x00000000  PS      : 0x00060330  A0      : 0x820096b6  A1      : 0x3fca1ff0  
A2      : 0x3fcb429c  A3      : 0x00000001  A4      : 0x00000000  A5      : 0x000004d9  
A6      : 0x3c055558  A7      : 0x3c055558  A8      : 0x8203004d  A9      : 0x3fca1fe0  
A10     : 0x3fcb429c  A11     : 0x00000001  A12     : 0x00000000  A13     : 0x3fca2000  
A14     : 0x3fca1fe0  A15     : 0x3fcb442c  SAR     : 0x00000004  EXCCAUSE: 0x00000014  
EXCVADDR: 0x00000000  LBEG    : 0x400556d5  LEND    : 0x400556e5  LCOUNT  : 0xfffffffd  


Backtrace: 0xfffffffd:0x3fca1ff0 0x420096b3:0x3fca2020 0x42047367:0x3fca21b0 0x40382345:0x3fca21e0




ELF file SHA256: 556148727

Rebooting...
ï¿½ï¿½ï¿½ESP-ROM:esp32s3-20210327
Build:Mar 27 2021
rst:0xc (RTC_SW_CPU_RST),boot:0x8 (SPI_FAST_FLASH_BOOT)
Saved PC:0x40375d84
SPIWP:0xee
mode:DIO, clock div:1
load:0x3fce3820,len:0x19fc
load:0x403c9700,len:0x4
load:0x403c9704,len:0xe8c
load:0x403cc700,len:0x313c
entry 0x403c9940
[0;32mI (31) boot: ESP-IDF v5.2.3 2nd stage bootloader[0m
[0;32mI (31) boot: compile time Feb 22 2025 15:17:39[0m
[0;32mI (31) boot: Multicore bootloader[0m
[0;32mI (34) boot: chip revision: v0.2[0m
[0;32mI (38) boot: efuse block revision: v1.3[0m
[0;32mI (43) qio_mode: Enabling default flash chip QIO[0m
[0;32mI (48) boot.esp32s3: Boot SPI Speed : 80MHz[0m
[0;32mI (53) boot.esp32s3: SPI Mode       : QIO[0m
[0;32mI (57) boot.esp32s3: SPI Flash Size : 8MB[0m
[0;32mI (62) boot: Enabling RNG early entropy source...[0m
[0;32mI (68) boot: Partition Table:[0m
[0;32mI (71) boot: ## Label            Usage          Type ST Offset   Length[0m
[0;32mI (78) boot:  0 nvs              WiFi data        01 02 00009000 00006000[0m
[0;32mI (86) boot:  1 phy_init         RF data          01 01 0000f000 00001000[0m
[0;32mI (93) boot:  2 factory          factory app      00 00 00010000 00100000[0m
[0;32mI (101) boot: End of partition table[0m
[0;32mI (105) esp_image: segment 0: paddr=00010020 vaddr=3c050020 size=3500ch (217100) map[0m
[0;32mI (146) esp_image: segment 1: paddr=00045034 vaddr=3fc9a700 size=031a4h ( 12708) load[0m
[0;32mI (148) esp_image: segment 2: paddr=000481e0 vaddr=40374000 size=07e38h ( 32312) load[0m
[0;32mI (158) esp_image: segment 3: paddr=00050020 vaddr=42000020 size=48310h (295696) map[0m
[0;32mI (204) esp_image: segment 4: paddr=00098338 vaddr=4037be38 size=0e7e4h ( 59364) load[0m
[0;32mI (224) boot: Loaded app from partition at offset 0x10000[0m
[0;32mI (225) boot: Disabling RNG early entropy source...[0m
[0;32mI (236) cpu_start: Multicore app[0m
[0;32mI (237) octal_psram: vendor id    : 0x0d (AP)[0m
[0;32mI (237) octal_psram: dev id       : 0x02 (generation 3)[0m
[0;32mI (240) octal_psram: density      : 0x03 (64 Mbit)[0m
[0;32mI (245) octal_psram: good-die     : 0x01 (Pass)[0m
[0;32mI (250) octal_psram: Latency      : 0x01 (Fixed)[0m
[0;32mI (256) octal_psram: VCC          : 0x01 (3V)[0m
[0;32mI (261) octal_psram: SRF          : 0x01 (Fast Refresh)[0m
[0;32mI (266) octal_psram: BurstType    : 0x01 (Hybrid Wrap)[0m
[0;32mI (272) octal_psram: BurstLen     : 0x01 (32 Byte)[0m
[0;32mI (278) octal_psram: Readlatency  : 0x02 (10 cycles@Fixed)[0m
[0;32mI (284) octal_psram: DriveStrength: 0x00 (1/1)[0m
[0;32mI (290) MSPI Timing: PSRAM timing tuning index: 4[0m
[0;32mI (294) esp_psram: Found 8MB PSRAM device[0m
[0;32mI (299) esp_psram: Speed: 80MHz[0m
[0;32mI (318) mmu_psram: Read only data copied and mapped to SPIRAM[0m
[0;32mI (626) esp_psram: SPI SRAM memory test OK[0m
[0;32mI (634) cpu_start: Pro cpu start user code[0m
[0;32mI (635) cpu_start: cpu freq: 240000000 Hz[0m
[0;32mI (635) cpu_start: Application information:[0m
[0;32mI (638) cpu_start: Project name:     lvgl_porting[0m
[0;32mI (643) cpu_start: App version:      v5.2.3-dirty[0m
[0;32mI (648) cpu_start: Compile time:     Feb 23 2025 17:01:51[0m
[0;32mI (654) cpu_start: ELF file SHA256:  556148727...[0m
[0;32mI (660) cpu_start: ESP-IDF:          v5.2.3-dirty[0m
[0;32mI (665) cpu_start: Min chip rev:     v0.0[0m
[0;32mI (670) cpu_start: Max chip rev:     v0.99 [0m
[0;32mI (675) cpu_start: Chip rev:         v0.2[0m
[0;32mI (679) heap_init: Initializing. RAM available for dynamic allocation:[0m
[0;32mI (687) heap_init: At 3FC9E768 len 0004AFA8 (299 KiB): RAM[0m
[0;32mI (693) heap_init: At 3FCE9710 len 00005724 (21 KiB): RAM[0m
[0;32mI (699) heap_init: At 3FCF0000 len 00008000 (32 KiB): DRAM[0m
[0;32mI (705) heap_init: At 600FE010 len 00001FD8 (7 KiB): RTCRAM[0m
[0;32mI (711) esp_psram: Adding pool of 7936K of PSRAM memory to heap allocator[0m
[0;32mI (719) spi_flash: detected chip: gd[0m
[0;32mI (723) spi_flash: flash io: qio[0m
[0;33mW (727) i2c: This driver is an old driver, please migrate your application code to adapt `driver/i2c_master.h`[0m
[0;32mI (738) sleep: Configure to isolate all GPIO pins in sleep state[0m
[0;32mI (744) sleep: Enable automatic switching of GPIO sleep configuration[0m
[0;32mI (752) main_task: Started on CPU0[0m
[0;32mI (756) esp_psram: Reserving pool of 32K of internal memory for DMA/internal allocations[0m
[0;32mI (765) main_task: Calling app_main()[0m
[0;32mI (769) example: Install RGB LCD panel driver[0m
[0;32mI (806) example: Initialize RGB LCD panel[0m
[0;32mI (807) example: Initialize I2C bus[0m
[0;32mI (808) example: Initialize GPIO[0m
[0;32mI (808) gpio: GPIO[4]| InputEn: 0| OutputEn: 1| OpenDrain: 0| Pullup: 0| Pulldown: 0| Intr:0 [0m
[0;32mI (818) example: Initialize Touch LCD[0m
[0;32mI (1222) example: Initialize I2C panel IO[0m
[0;32mI (1222) example: Initialize touch controller GT911[0m
[0;33mW (1223) GT911: Unable to initialize the I2C address[0m
[0;32mI (1228) GT911: TouchPad_ID:0x39,0x31,0x31[0m
[0;32mI (1232) GT911: TouchPad_Config_Version:88[0m
[0;32mI (1240) lv_port: Create LVGL task[0m
[0;32mI (1241) example: Display LVGL demos[0m
Guru Meditation Error: Core  0 panic'ed (InstrFetchProhibited). Exception was unhandled.

Core  0 register dump:
PC      : 0x00000000  PS      : 0x00060330  A0      : 0x820096b6  A1      : 0x3fca1ff0  
A2      : 0x3fcb429c  A3      : 0x00000001  A4      : 0x00000000  A5      : 0x000004d9  
A6      : 0x3c055558  A7      : 0x3c055558  A8      : 0x8203004d  A9      : 0x3fca1fe0  
A10     : 0x3fcb429c  A11     : 0x00000001  A12     : 0x00000000  A13     : 0x3fca2000  
A14     : 0x3fca1fe0  A15     : 0x3fcb442c  SAR     : 0x00000004  EXCCAUSE: 0x00000014  
EXCVADDR: 0x00000000  LBEG    : 0x400556d5  LEND    : 0x400556e5  LCOUNT  : 0xfffffffd  


Backtrace: 0xfffffffd:0x3fca1ff0 0x420096b3:0x3fca2020 0x42047367:0x3fca21b0 0x40382345:0x3fca21e0




ELF file SHA256: 556148727

Rebooting...
ï¿½ï¿½ï¿½ESP-ROM:esp32s3-20210327
Build:Mar 27 2021
rst:0xc (RTC_SW_CPU_RST),boot:0x8 (SPI_FAST_FLASH_BOOT)
Saved PC:0x40375d84
SPIWP:0xee
mode:DIO, clock div:1
load:0x3fce3820,len:0x19fc
load:0x403c9700,len:0x4
load:0x403c9704,len:0xe8c
load:0x403cc700,len:0x313c
entry 0x403c9940
[0;32mI (31) boot: ESP-IDF v5.2.3 2nd stage bootloader[0m
[0;32mI (31) boot: compile time Feb 22 2025 15:17:39[0m
[0;32mI (31) boot: Multicore bootloader[0m
[0;32mI (34) boot: chip revision: v0.2[0m
[0;32mI (38) boot: efuse block revision: v1.3[0m
[0;32mI (43) qio_mode: Enabling default flash chip QIO[0m
[0;32mI (48) boot.esp32s3: Boot SPI Speed : 80MHz[0m
[0;32mI (53) boot.esp32s3: SPI Mode       : QIO[0m
[0;32mI (57) boot.esp32s3: SPI Flash Size : 8MB[0m
[0;32mI (62) boot: Enabling RNG early entropy source...[0m
[0;32mI (68) boot: Partition Table:[0m
[0;32mI (71) boot: ## Label            Usage          Type ST Offset   Length[0m
[0;32mI (78) boot:  0 nvs              WiFi data        01 02 00009000 00006000[0m
[0;32mI (86) boot:  1 phy_init         RF data          01 01 0000f000 00001000[0m
[0;32mI (93) boot:  2 factory          factory app      00 00 00010000 00100000[0m
[0;32mI (101) boot: End of partition table[0m
[0;32mI (105) esp_image: segment 0: paddr=00010020 vaddr=3c050020 size=3500ch (217100) map[0m
[0;32mI (146) esp_image: segment 1: paddr=00045034 vaddr=3fc9a700 size=031a4h ( 12708) load[0m
[0;32mI (148) esp_image: segment 2: paddr=000481e0 vaddr=40374000 size=07e38h ( 32312) load[0m
[0;32mI (158) esp_image: segment 3: paddr=00050020 vaddr=42000020 size=48310h (295696) map[0m
[0;32mI (204) esp_image: segment 4: paddr=00098338 vaddr=4037be38 size=0e7e4h ( 59364) load[0m
[0;32mI (224) boot: Loaded app from partition at offset 0x10000[0m
[0;32mI (225) boot: Disabling RNG early entropy source...[0m
[0;32mI (236) cpu_start: Multicore app[0m
[0;32mI (237) octal_psram: vendor id    : 0x0d (AP)[0m
[0;32mI (237) octal_psram: dev id       : 0x02 (generation 3)[0m
[0;32mI (240) octal_psram: density      : 0x03 (64 Mbit)[0m
[0;32mI (245) octal_psram: good-die     : 0x01 (Pass)[0m
[0;32mI (250) octal_psram: Latency      : 0x01 (Fixed)[0m
[0;32mI (256) octal_psram: VCC          : 0x01 (3V)[0m
[0;32mI (261) octal_psram: SRF          : 0x01 (Fast Refresh)[0m
[0;32mI (266) octal_psram: BurstType    : 0x01 (Hybrid Wrap)[0m
[0;32mI (272) octal_psram: BurstLen     : 0x01 (32 Byte)[0m
[0;32mI (278) octal_psram: Readlatency  : 0x02 (10 cycles@Fixed)[0m
[0;32mI (284) octal_psram: DriveStrength: 0x00 (1/1)[0m
[0;32mI (290) MSPI Timing: PSRAM timing tuning index: 4[0m
[0;32mI (294) esp_psram: Found 8MB PSRAM device[0m
[0;32mI (299) esp_psram: Speed: 80MHz[0m
[0;32mI (318) mmu_psram: Read only data copied and mapped to SPIRAM[0m
[0;32mI (626) esp_psram: SPI SRAM memory test OK[0m
[0;32mI (634) cpu_start: Pro cpu start user code[0m
[0;32mI (635) cpu_start: cpu freq: 240000000 Hz[0m
[0;32mI (635) cpu_start: Application information:[0m
[0;32mI (638) cpu_start: Project name:     lvgl_porting[0m
[0;32mI (643) cpu_start: App version:      v5.2.3-dirty[0m
[0;32mI (648) cpu_start: Compile time:     Feb 23 2025 17:01:51[0m
[0;32mI (654) cpu_start: ELF file SHA256:  556148727...[0m
[0;32mI (660) cpu_start: ESP-IDF:          v5.2.3-dirty[0m
[0;32mI (665) cpu_start: Min chip rev:     v0.0[0m
[0;32mI (670) cpu_start: Max chip rev:     v0.99 [0m
[0;32mI (675) cpu_start: Chip rev:         v0.2[0m
[0;32mI (679) heap_init: Initializing. RAM available for dynamic allocation:[0m
[0;32mI (687) heap_init: At 3FC9E768 len 0004AFA8 (299 KiB): RAM[0m
[0;32mI (693) heap_init: At 3FCE9710 len 00005724 (21 KiB): RAM[0m
[0;32mI (699) heap_init: At 3FCF0000 len 00008000 (32 KiB): DRAM[0m
[0;32mI (705) heap_init: At 600FE010 len 00001FD8 (7 KiB): RTCRAM[0m
[0;32mI (711) esp_psram: Adding pool of 7936K of PSRAM memory to heap allocator[0m
[0;32mI (719) spi_flash: detected chip: gd[0m
[0;32mI (723) spi_flash: flash io: qio[0m
[0;33mW (727) i2c: This driver is an old driver, please migrate your application code to adapt `driver/i2c_master.h`[0m
[0;32mI (738) sleep: Configure to isolate all GPIO pins in sleep state[0m
[0;32mI (744) sleep: Enable automatic switching of GPIO sleep configuration[0m
[0;32mI (752) main_task: Started on CPU0[0m
[0;32mI (756) esp_psram: Reserving pool of 32K of internal memory for DMA/internal allocations[0m
[0;32mI (765) main_task: Calling app_main()[0m
[0;32mI (769) example: Install RGB LCD panel driver[0m
[0;32mI (806) example: Initialize RGB LCD panel[0m
[0;32mI (807) example: Initialize I2C bus[0m
[0;32mI (808) example: Initialize GPIO[0m
[0;32mI (808) gpio: GPIO[4]| InputEn: 0| OutputEn: 1| OpenDrain: 0| Pullup: 0| Pulldown: 0| Intr:0 [0m
[0;32mI (818) example: Initialize Touch LCD[0m
[0;32mI (1222) example: Initialize I2C panel IO[0m
[0;32mI (1222) example: Initialize touch controller GT911[0m
[0;33mW (1223) GT911: Unable to initialize the I2C address[0m
[0;32mI (1228) GT911: TouchPad_ID:0x39,0x31,0x31[0m
[0;32mI (1232) GT911: TouchPad_Config_Version:88[0m
[0;32mI (1239) lv_port: Create LVGL task[0m
[0;32mI (1241) example: Display LVGL demos[0m
Guru Meditation Error: Core  0 panic'ed (InstrFetchProhibited). Exception was unhandled.

Core  0 register dump:
PC      : 0x00000000  PS      : 0x00060330  A0      : 0x820096b6  A1      : 0x3fca1ff0  
A2      : 0x3fcb429c  A3      : 0x00000001  A4      : 0x00000000  A5      : 0x000004d9  
A6      : 0x3c055558  A7      : 0x3c055558  A8      : 0x8203004d  A9      : 0x3fca1fe0  
A10     : 0x3fcb429c  A11     : 0x00000001  A12     : 0x00000000  A13     : 0x3fca0ec0  
A14     : 0x00060023  A15     : 0x3fcb442c  SAR     : 0x00000004  EXCCAUSE: 0x00000014  
EXCVADDR: 0x00000000  LBEG    : 0x400556d5  LEND    : 0x400556e5  LCOUNT  : 0xfffffffd  


Backtrace: 0xfffffffd:0x3fca1ff0 0x420096b3:0x3fca2020 0x42047367:0x3fca21b0 0x40382345:0x3fca21e0




ELF file SHA256: 556148727

Rebooting...
ï¿½ï¿½ï¿½ESP-ROM:esp32s3-20210327
Build:Mar 27 2021
rst:0xc (RTC_SW_CPU_RST),boot:0x8 (SPI_FAST_FLASH_BOOT)
Saved PC:0x40375d84
SPIWP:0xee
mode:DIO, clock div:1
load:0x3fce3820,len:0x19fc
load:0x403c9700,len:0x4
load:0x403c9704,len:0xe8c
load:0x403cc700,len:0x313c
entry 0x403c9940
[0;32mI (31) boot: ESP-IDF v5.2.3 2nd stage bootloader[0m
[0;32mI (31) boot: compile time Feb 22 2025 15:17:39[0m
[0;32mI (31) boot: Multicore bootloader[0m
[0;32mI (34) boot: chip revision: v0.2[0m
[0;32mI (38) boot: efuse block revision: v1.3[0m
[0;32mI (43) qio_mode: Enabling default flash chip QIO[0m
[0;32mI (48) boot.esp32s3: Boot SPI Speed : 80MHz[0m
[0;32mI (53) boot.esp32s3: SPI Mode       : QIO[0m
[0;32mI (57) boot.esp32s3: SPI Flash Size : 8MB[0m
[0;32mI (62) boot: Enabling RNG early entropy source...[0m
[0;32mI (68) boot: Partition Table:[0m
[0;32mI (71) boot: ## Label            Usage          Type ST Offset   Length[0m
[0;32mI (78) boot:  0 nvs              WiFi data        01 02 00009000 00006000[0m
[0;32mI (86) boot:  1 phy_init         RF data          01 01 0000f000 00001000[0m
[0;32mI (93) boot:  2 factory          factory app      00 00 00010000 00100000[0m
[0;32mI (101) boot: End of partition table[0m
[0;32mI (105) esp_image: segment 0: paddr=00010020 vaddr=3c050020 size=3500ch (217100) map[0m
[0;32mI (146) esp_image: segment 1: paddr=00045034 vaddr=3fc9a700 size=031a4h ( 12708) load[0m
[0;32mI (148) esp_image: segment 2: paddr=000481e0 vaddr=40374000 size=07e38h ( 32312) load[0m
[0;32mI (158) esp_image: segment 3: paddr=00050020 vaddr=42000020 size=48310h (295696) map[0m
[0;32mI (204) esp_image: segment 4: paddr=00098338 vaddr=4037be38 size=0e7e4h ( 59364) load[0m
[0;32mI (224) boot: Loaded app from partition at offset 0x10000[0m
[0;32mI (225) boot: Disabling RNG early entropy source...[0m
[0;32mI (236) cpu_start: Multicore app[0m
[0;32mI (237) octal_psram: vendor id    : 0x0d (AP)[0m
[0;32mI (237) octal_psram: dev id       : 0x02 (generation 3)[0m
[0;32mI (240) octal_psram: density      : 0x03 (64 Mbit)[0m
[0;32mI (245) octal_psram: good-die     : 0x01 (Pass)[0m
[0;32mI (250) octal_psram: Latency      : 0x01 (Fixed)[0m
[0;32mI (256) octal_psram: VCC          : 0x01 (3V)[0m
[0;32mI (261) octal_psram: SRF          : 0x01 (Fast Refresh)[0m
[0;32mI (266) octal_psram: BurstType    : 0x01 (Hybrid Wrap)[0m
[0;32mI (272) octal_psram: BurstLen     : 0x01 (32 Byte)[0m
[0;32mI (278) octal_psram: Readlatency  : 0x02 (10 cycles@Fixed)[0m
[0;32mI (284) octal_psram: DriveStrength: 0x00 (1/1)[0m
[0;32mI (290) MSPI Timing: PSRAM timing tuning index: 4[0m
[0;32mI (294) esp_psram: Found 8MB PSRAM device[0m
[0;32mI (299) esp_psram: Speed: 80MHz[0m
[0;32mI (318) mmu_psram: Read only data copied and mapped to SPIRAM[0m
[0;32mI (626) esp_psram: SPI SRAM memory test OK[0m
[0;32mI (634) cpu_start: Pro cpu start user code[0m
[0;32mI (634) cpu_start: cpu freq: 240000000 Hz[0m
[0;32mI (635) cpu_start: Application information:[0m
[0;32mI (638) cpu_start: Project name:     lvgl_porting[0m
[0;32mI (643) cpu_start: App version:      v5.2.3-dirty[0m
[0;32mI (648) cpu_start: Compile time:     Feb 23 2025 17:01:51[0m
[0;32mI (654) cpu_start: ELF file SHA256:  556148727...[0m
[0;32mI (660) cpu_start: ESP-IDF:          v5.2.3-dirty[0m
[0;32mI (665) cpu_start: Min chip rev:     v0.0[0m
[0;32mI (670) cpu_start: Max chip rev:     v0.99 [0m
[0;32mI (675) cpu_start: Chip rev:         v0.2[0m
[0;32mI (679) heap_init: Initializing. RAM available for dynamic allocation:[0m
[0;32mI (687) heap_init: At 3FC9E768 len 0004AFA8 (299 KiB): RAM[0m
[0;32mI (693) heap_init: At 3FCE9710 len 00005724 (21 KiB): RAM[0m
[0;32mI (699) heap_init: At 3FCF0000 len 00008000 (32 KiB): DRAM[0m
[0;32mI (705) heap_init: At 600FE010 len 00001FD8 (7 KiB): RTCRAM[0m
[0;32mI (711) esp_psram: Adding pool of 7936K of PSRAM memory to heap allocator[0m
[0;32mI (719) spi_flash: detected chip: gd[0m
[0;32mI (723) spi_flash: flash io: qio[0m
[0;33mW (727) i2c: This driver is an old driver, please migrate your application code to adapt `driver/i2c_master.h`[0m
[0;32mI (738) sleep: Configure to isolate all GPIO pins in sleep state[0m
[0;32mI (744) sleep: Enable automatic switching of GPIO sleep configuration[0m
[0;32mI (752) main_task: Started on CPU0[0m
[0;32mI (756) esp_psram: Reserving pool of 32K of internal memory for DMA/internal allocations[0m
[0;32mI (765) main_task: Calling app_main()[0m
[0;32mI (769) example: Install RGB LCD panel driver[0m
[0;32mI (806) example: Initialize RGB LCD panel[0m
[0;32mI (807) example: Initialize I2C bus[0m
[0;32mI (808) example: Initialize GPIO[0m
[0;32mI (808) gpio: GPIO[4]| InputEn: 0| OutputEn: 1| OpenDrain: 0| Pullup: 0| Pulldown: 0| Intr:0 [0m
[0;32mI (818) example: Initialize Touch LCD[0m
[0;32mI (1222) example: Initialize I2C panel IO[0m
[0;32mI (1222) example: Initialize touch controller GT911[0m
[0;33mW (1223) GT911: Unable to initialize the I2C address[0m
[0;32mI (1228) GT911: TouchPad_ID:0x39,0x31,0x31[0m
[0;32mI (1232) GT911: TouchPad_Config_Version:88[0m
[0;32mI (1240) lv_port: Create LVGL task[0m
[0;32mI (1241) example: Display LVGL demos[0m
Guru Meditation Error: Core  0 panic'ed (InstrFetchProhibited). Exception was unhandled.

Core  0 register dump:
PC      : 0x00000000  PS      : 0x00060330  A0      : 0x820096b6  A1      : 0x3fca1ff0  
A2      : 0x3fcb429c  A3      : 0x00000001  A4      : 0x00000000  A5      : 0x000004d9  
A6      : 0x3c055558  A7      : 0x3c055558  A8      : 0x8203004d  A9      : 0x3fca1fe0  
A10     : 0x3fcb429c  A11     : 0x00000001  A12     : 0x00000000  A13     : 0x3fca2000  
A14     : 0x3fca1fe0  A15     : 0x3fcb442c  SAR     : 0x00000004  EXCCAUSE: 0x00000014  
EXCVADDR: 0x00000000  LBEG    : 0x400556d5  LEND    : 0x400556e5  LCOUNT  : 0xfffffffd  


Backtrace: 0xfffffffd:0x3fca1ff0 0x420096b3:0x3fca2020 0x42047367:0x3fca21b0 0x40382345:0x3fca21e0




ELF file SHA256: 556148727

Rebooting...
ï¿½ï¿½ï¿½ESP-ROM:esp32s3-20210327
Build:Mar 27 2021
rst:0xc (RTC_SW_CPU_RST),boot:0x8 (SPI_FAST_FLASH_BOOT)
Saved PC:0x40375d84
SPIWP:0xee
mode:DIO, clock div:1
load:0x3fce3820,len:0x19fc
load:0x403c9700,len:0x4
load:0x403c9704,len:0xe8c
load:0x403cc700,len:0x313c
entry 0x403c9940
[0;32mI (31) boot: ESP-IDF v5.2.3 2nd stage bootloader[0m
[0;32mI (31) boot: compile time Feb 22 2025 15:17:39[0m
[0;32mI (31) boot: Multicore bootloader[0m
[0;32mI (34) boot: chip revision: v0.2[0m
[0;32mI (38) boot: efuse block revision: v1.3[0m
[0;32mI (43) qio_mode: Enabling default flash chip QIO[0m
[0;32mI (48) boot.esp32s3: Boot SPI Speed : 80MHz[0m
[0;32mI (53) boot.esp32s3: SPI Mode       : QIO[0m
[0;32mI (57) boot.esp32s3: SPI Flash Size : 8MB[0m
[0;32mI (62) boot: Enabling RNG early entropy source...[0m
[0;32mI (68) boot: Partition Table:[0m
[0;32mI (71) boot: ## Label            Usage          Type ST Offset   Length[0m
[0;32mI (78) boot:  0 nvs              WiFi data        01 02 00009000 00006000[0m
[0;32mI (86) boot:  1 phy_init         RF data          01 01 0000f000 00001000[0m
[0;32mI (93) boot:  2 factory          factory app      00 00 00010000 00100000[0m
[0;32mI (101) boot: End of partition table[0m
[0;32mI (105) esp_image: segment 0: paddr=00010020 vaddr=3c050020 size=3500ch (217100) map[0m
[0;32mI (146) esp_image: segment 1: paddr=00045034 vaddr=3fc9a700 size=031a4h ( 12708) load[0m
[0;32mI (148) esp_image: segment 2: paddr=000481e0 vaddr=40374000 size=07e38h ( 32312) load[0m
[0;32mI (158) esp_image: segment 3: paddr=00050020 vaddr=42000020 size=48310h (295696) map[0m
[0;32mI (204) esp_image: segment 4: paddr=00098338 vaddr=4037be38 size=0e7e4h ( 59364) load[0m
[0;32mI (224) boot: Loaded app from partition at offset 0x10000[0m
[0;32mI (225) boot: Disabling RNG early entropy source...[0m
[0;32mI (236) cpu_start: Multicore app[0m
[0;32mI (237) octal_psram: vendor id    : 0x0d (AP)[0m
[0;32mI (237) octal_psram: dev id       : 0x02 (generation 3)[0m
[0;32mI (240) octal_psram: density      : 0x03 (64 Mbit)[0m
[0;32mI (245) octal_psram: good-die     : 0x01 (Pass)[0m
[0;32mI (250) octal_psram: Latency      : 0x01 (Fixed)[0m
[0;32mI (256) octal_psram: VCC          : 0x01 (3V)[0m
[0;32mI (261) octal_psram: SRF          : 0x01 (Fast Refresh)[0m
[0;32mI (266) octal_psram: BurstType    : 0x01 (Hybrid Wrap)[0m
[0;32mI (272) octal_psram: BurstLen     : 0x01 (32 Byte)[0m
[0;32mI (278) octal_psram: Readlatency  : 0x02 (10 cycles@Fixed)[0m
[0;32mI (284) octal_psram: DriveStrength: 0x00 (1/1)[0m
[0;32mI (290) MSPI Timing: PSRAM timing tuning index: 4[0m
[0;32mI (294) esp_psram: Found 8MB PSRAM device[0m
[0;32mI (299) esp_psram: Speed: 80MHz[0m
[0;32mI (318) mmu_psram: Read only data copied and mapped to SPIRAM[0m
[0;32mI (626) esp_psram: SPI SRAM memory test OK[0m
[0;32mI (634) cpu_start: Pro cpu start user code[0m
[0;32mI (635) cpu_start: cpu freq: 240000000 Hz[0m
[0;32mI (635) cpu_start: Application information:[0m
[0;32mI (638) cpu_start: Project name:     lvgl_porting[0m
[0;32mI (643) cpu_start: App version:      v5.2.3-dirty[0m
[0;32mI (648) cpu_start: Compile time:     Feb 23 2025 17:01:51[0m
[0;32mI (654) cpu_start: ELF file SHA256:  556148727...[0m
[0;32mI (660) cpu_start: ESP-IDF:          v5.2.3-dirty[0m
[0;32mI (665) cpu_start: Min chip rev:     v0.0[0m
[0;32mI (670) cpu_start: Max chip rev:     v0.99 [0m
[0;32mI (675) cpu_start: Chip rev:         v0.2[0m
[0;32mI (679) heap_init: Initializing. RAM available for dynamic allocation:[0m
[0;32mI (687) heap_init: At 3FC9E768 len 0004AFA8 (299 KiB): RAM[0m
[0;32mI (693) heap_init: At 3FCE9710 len 00005724 (21 KiB): RAM[0m
[0;32mI (699) heap_init: At 3FCF0000 len 00008000 (32 KiB): DRAM[0m
[0;32mI (705) heap_init: At 600FE010 len 00001FD8 (7 KiB): RTCRAM[0m
[0;32mI (711) esp_psram: Adding pool of 7936K of PSRAM memory to heap allocator[0m
[0;32mI (719) spi_flash: detected chip: gd[0m
[0;32mI (723) spi_flash: flash io: qio[0m
[0;33mW (727) i2c: This driver is an old driver, please migrate your application code to adapt `driver/i2c_master.h`[0m
[0;32mI (738) sleep: Configure to isolate all GPIO pins in sleep state[0m
[0;32mI (744) sleep: Enable automatic switching of GPIO sleep configuration[0m
[0;32mI (752) main_task: Started on CPU0[0m
[0;32mI (756) esp_psram: Reserving pool of 32K of internal memory for DMA/internal allocations[0m
[0;32mI (765) main_task: Calling app_main()[0m
[0;32mI (769) example: Install RGB LCD panel driver[0m
[0;32mI (806) example: Initialize RGB LCD panel[0m
[0;32mI (807) example: Initialize I2C bus[0m
[0;32mI (808) example: Initialize GPIO[0m
[0;32mI (808) gpio: GPIO[4]| InputEn: 0| OutputEn: 1| OpenDrain: 0| Pullup: 0| Pulldown: 0| Intr:0 [0m
[0;32mI (818) example: Initialize Touch LCD[0m
[0;32mI (1222) example: Initialize I2C panel IO[0m
[0;32mI (1222) example: Initialize touch controller GT911[0m
[0;33mW (1223) GT911: Unable to initialize the I2C address[0m
[0;32mI (1228) GT911: TouchPad_ID:0x39,0x31,0x31[0m
[0;32mI (1232) GT911: TouchPad_Config_Version:88[0m
[0;32mI (1240) lv_port: Create LVGL task[0m
[0;32mI (1241) example: Display LVGL demos[0m
Guru Meditation Error: Core  0 panic'ed (InstrFetchProhibited). Exception was unhandled.

Core  0 register dump:
PC      : 0x00000000  PS      : 0x00060330  A0      : 0x820096b6  A1      : 0x3fca1ff0  
A2      : 0x3fcb429c  A3      : 0x00000001  A4      : 0x00000000  A5      : 0x000004d9  
A6      : 0x3c055558  A7      : 0x3c055558  A8      : 0x8203004d  A9      : 0x3fca1fe0  
A10     : 0x3fcb429c  A11     : 0x00000001  A12     : 0x00000000  A13     : 0x3fca2000  
A14     : 0x3fca1fe0  A15     : 0x3fcb442c  SAR     : 0x00000004  EXCCAUSE: 0x00000014  
EXCVADDR: 0x00000000  LBEG    : 0x400556d5  LEND    : 0x400556e5  LCOUNT  : 0xfffffffd  


Backtrace: 0xfffffffd:0x3fca1ff0 0x420096b3:0x3fca2020 0x42047367:0x3fca21b0 0x40382345:0x3fca21e0




ELF file SHA256: 556148727

Rebooting...
ï¿½ï¿½ï¿½ESP-ROM:esp32s3-20210327
Build:Mar 27 2021
rst:0xc (RTC_SW_CPU_RST),boot:0x8 (SPI_FAST_FLASH_BOOT)
Saved PC:0x40375d84
SPIWP:0xee
mode:DIO, clock div:1
load:0x3fce3820,len:0x19fc
load:0x403c9700,len:0x4
load:0x403c9704,len:0xe8c
load:0x403cc700,len:0x313c
entry 0x403c9940
[0;32mI (31) boot: ESP-IDF v5.2.3 2nd stage bootloader[0m
[0;32mI (31) boot: compile time Feb 22 2025 15:17:39[0m
[0;32mI (31) boot: Multicore bootloader[0m
[0;32mI (34) boot: chip revision: v0.2[0m
[0;32mI (38) boot: efuse block revision: v1.3[0m
[0;32mI (43) qio_mode: Enabling default flash chip QIO[0m
[0;32mI (48) boot.esp32s3: Boot SPI Speed : 80MHz[0m
[0;32mI (53) boot.esp32s3: SPI Mode       : QIO[0m
[0;32mI (57) boot.esp32s3: SPI Flash Size : 8MB[0m
[0;32mI (62) boot: Enabling RNG early entropy source...[0m
[0;32mI (68) boot: Partition Table:[0m
[0;32mI (71) boot: ## Label            Usage          Type ST Offset   Length[0m
[0;32mI (78) boot:  0 nvs              WiFi data        01 02 00009000 00006000[0m
[0;32mI (86) boot:  1 phy_init         RF data          01 01 0000f000 00001000[0m
[0;32mI (93) boot:  2 factory          factory app      00 00 00010000 00100000[0m
[0;32mI (101) boot: End of partition table[0m
[0;32mI (105) esp_image: segment 0: paddr=00010020 vaddr=3c050020 size=3500ch (217100) map[0m
[0;32mI (146) esp_image: segment 1: paddr=00045034 vaddr=3fc9a700 size=031a4h ( 12708) load[0m
[0;32mI (148) esp_image: segment 2: paddr=000481e0 vaddr=40374000 size=07e38h ( 32312) load[0m
[0;32mI (158) esp_image: segment 3: paddr=00050020 vaddr=42000020 size=48310h (295696) map[0m
[0;32mI (204) esp_image: segment 4: paddr=00098338 vaddr=4037be38 size=0e7e4h ( 59364) load[0m
[0;32mI (224) boot: Loaded app from partition at offset 0x10000[0m
[0;32mI (225) boot: Disabling RNG early entropy source...[0m
[0;32mI (236) cpu_start: Multicore app[0m
[0;32mI (237) octal_psram: vendor id    : 0x0d (AP)[0m
[0;32mI (237) octal_psram: dev id       : 0x02 (generation 3)[0m
[0;32mI (240) octal_psram: density      : 0x03 (64 Mbit)[0m
[0;32mI (245) octal_psram: good-die     : 0x01 (Pass)[0m
[0;32mI (250) octal_psram: Latency      : 0x01 (Fixed)[0m
[0;32mI (256) octal_psram: VCC          : 0x01 (3V)[0m
[0;32mI (261) octal_psram: SRF          : 0x01 (Fast Refresh)[0m
[0;32mI (266) octal_psram: BurstType    : 0x01 (Hybrid Wrap)[0m
[0;32mI (272) octal_psram: BurstLen     : 0x01 (32 Byte)[0m
[0;32mI (278) octal_psram: Readlatency  : 0x02 (10 cycles@Fixed)[0m
[0;32mI (284) octal_psram: DriveStrength: 0x00 (1/1)[0m
[0;32mI (290) MSPI Timing: PSRAM timing tuning index: 4[0m
[0;32mI (294) esp_psram: Found 8MB PSRAM device[0m
[0;32mI (299) esp_psram: Speed: 80MHz[0m
[0;32mI (318) mmu_psram: Read only data copied and mapped to SPIRAM[0m
[0;32mI (626) esp_psram: SPI SRAM memory test OK[0m
[0;32mI (634) cpu_start: Pro cpu start user code[0m
[0;32mI (635) cpu_start: cpu freq: 240000000 Hz[0m
[0;32mI (635) cpu_start: Application information:[0m
[0;32mI (638) cpu_start: Project name:     lvgl_porting[0m
