ï¿½ï¿½ESP-ROM:esp32s3-20210327
Build:Mar 27 2021
rst:0x1 (POWERON),boot:0x8 (SPI_FAST_FLASH_BOOT)
SPIWP:0xee
mode:DIO, clock div:1
load:0x3fce3820,len:0x19fc
load:0x403c9700,len:0x4
load:0x403c9704,len:0xe8c
load:0x403cc700,len:0x313c
entry 0x403c9940
[0;32mI (27) boot: ESP-IDF v5.2.3 2nd stage bootloader[0m
[0;32mI (27) boot: compile time Feb 22 2025 15:17:39[0m
[0;32mI (27) boot: Multicore bootloader[0m
[0;32mI (30) boot: chip revision: v0.2[0m
[0;32mI (34) boot: efuse block revision: v1.3[0m
[0;32mI (38) qio_mode: Enabling default flash chip QIO[0m
[0;32mI (43) boot.esp32s3: Boot SPI Speed : 80MHz[0m
[0;32mI (48) boot.esp32s3: SPI Mode       : QIO[0m
[0;32mI (53) boot.esp32s3: SPI Flash Size : 8MB[0m
[0;32mI (58) boot: Enabling RNG early entropy source...[0m
[0;32mI (63) boot: Partition Table:[0m
[0;32mI (67) boot: ## Label            Usage          Type ST Offset   Length[0m
[0;32mI (74) boot:  0 nvs              WiFi data        01 02 00009000 00006000[0m
[0;32mI (81) boot:  1 phy_init         RF data          01 01 0000f000 00001000[0m
[0;32mI (89) boot:  2 factory          factory app      00 00 00010000 00100000[0m
[0;32mI (96) boot: End of partition table[0m
[0;32mI (101) esp_image: segment 0: paddr=00010020 vaddr=3c050020 size=1859ch ( 99740) map[0m
[0;32mI (124) esp_image: segment 1: paddr=000285c4 vaddr=3fc9a700 size=031a4h ( 12708) load[0m
[0;32mI (127) esp_image: segment 2: paddr=0002b770 vaddr=40374000 size=048a8h ( 18600) load[0m
[0;32mI (133) esp_image: segment 3: paddr=00030020 vaddr=42000020 size=47f18h (294680) map[0m
[0;32mI (182) esp_image: segment 4: paddr=00077f40 vaddr=403788a8 size=11d74h ( 73076) load[0m
[0;32mI (205) boot: Loaded app from partition at offset 0x10000[0m
[0;32mI (205) boot: Disabling RNG early entropy source...[0m
[0;32mI (216) cpu_start: Multicore app[0m
[0;32mI (217) octal_psram: vendor id    : 0x0d (AP)[0m
[0;32mI (217) octal_psram: dev id       : 0x02 (generation 3)[0m
[0;32mI (220) octal_psram: density      : 0x03 (64 Mbit)[0m
[0;32mI (225) octal_psram: good-die     : 0x01 (Pass)[0m
[0;32mI (231) octal_psram: Latency      : 0x01 (Fixed)[0m
[0;32mI (236) octal_psram: VCC          : 0x01 (3V)[0m
[0;32mI (241) octal_psram: SRF          : 0x01 (Fast Refresh)[0m
[0;32mI (247) octal_psram: BurstType    : 0x01 (Hybrid Wrap)[0m
[0;32mI (253) octal_psram: BurstLen     : 0x01 (32 Byte)[0m
[0;32mI (258) octal_psram: Readlatency  : 0x02 (10 cycles@Fixed)[0m
[0;32mI (264) octal_psram: DriveStrength: 0x00 (1/1)[0m
[0;32mI (270) MSPI Timing: PSRAM timing tuning index: 4[0m
[0;32mI (275) esp_psram: Found 8MB PSRAM device[0m
[0;32mI (279) esp_psram: Speed: 80MHz[0m
[0;32mI (291) mmu_psram: Read only data copied and mapped to SPIRAM[0m
[0;32mI (604) esp_psram: SPI SRAM memory test OK[0m
[0;32mI (613) cpu_start: Pro cpu start user code[0m
[0;32mI (613) cpu_start: cpu freq: 240000000 Hz[0m
[0;32mI (613) cpu_start: Application information:[0m
[0;32mI (616) cpu_start: Project name:     lvgl_porting[0m
[0;32mI (621) cpu_start: App version:      v5.2.3-dirty[0m
[0;32mI (627) cpu_start: Compile time:     Feb 23 2025 17:01:51[0m
[0;32mI (633) cpu_start: ELF file SHA256:  b515f5a1b...[0m
[0;32mI (638) cpu_start: ESP-IDF:          v5.2.3-dirty[0m
[0;32mI (643) cpu_start: Min chip rev:     v0.0[0m
[0;32mI (648) cpu_start: Max chip rev:     v0.99 [0m
[0;32mI (653) cpu_start: Chip rev:         v0.2[0m
[0;32mI (658) heap_init: Initializing. RAM available for dynamic allocation:[0m
[0;32mI (665) heap_init: At 3FC9E760 len 0004AFB0 (299 KiB): RAM[0m
[0;32mI (671) heap_init: At 3FCE9710 len 00005724 (21 KiB): RAM[0m
[0;32mI (677) heap_init: At 3FCF0000 len 00008000 (32 KiB): DRAM[0m
[0;32mI (683) heap_init: At 600FE010 len 00001FD8 (7 KiB): RTCRAM[0m
[0;32mI (690) esp_psram: Adding pool of 8064K of PSRAM memory to heap allocator[0m
[0;32mI (697) spi_flash: detected chip: gd[0m
[0;32mI (701) spi_flash: flash io: qio[0m
[0;33mW (705) i2c: This driver is an old driver, please migrate your application code to adapt `driver/i2c_master.h`[0m
[0;32mI (716) sleep: Configure to isolate all GPIO pins in sleep state[0m
[0;32mI (723) sleep: Enable automatic switching of GPIO sleep configuration[0m
[0;32mI (730) main_task: Started on CPU0[0m
[0;32mI (734) esp_psram: Reserving pool of 32K of internal memory for DMA/internal allocations[0m
[0;32mI (743) main_task: Calling app_main()[0m
[0;32mI (747) example: Install RGB LCD panel driver[0m
[0;32mI (784) example: Initialize RGB LCD panel[0m
[0;32mI (785) example: Initialize I2C bus[0m
[0;32mI (786) example: Initialize GPIO[0m
[0;32mI (786) gpio: GPIO[4]| InputEn: 0| OutputEn: 1| OpenDrain: 0| Pullup: 0| Pulldown: 0| Intr:0 [0m
[0;32mI (796) example: Initialize Touch LCD[0m
[0;32mI (1200) example: Initialize I2C panel IO[0m
[0;32mI (1200) example: Initialize touch controller GT911[0m
[0;33mW (1201) GT911: Unable to initialize the I2C address[0m
[0;32mI (1206) GT911: TouchPad_ID:0x39,0x31,0x31[0m
[0;32mI (1210) GT911: TouchPad_Config_Version:88[0m
[0;32mI (1218) lv_port: Create LVGL task[0m
[0;32mI (1219) example: Display LVGL demos[0m
made it here
hi1
p=0x3fca2148
Guru Meditation Error: Core  0 panic'ed (LoadStoreError). Exception was unhandled.

Core  0 register dump:
PC      : 0x42019818  PS      : 0x00060b30  A0      : 0x82019894  A1      : 0x3fca1de0  
A2      : 0x4201710c  A3      : 0x00000001  A4      : 0x3fca1e20  A5      : 0x00000000  
A6      : 0x000f0000  A7      : 0x00000000  A8      : 0x00000000  A9      : 0x4201710c  
A10     : 0x00006f00  A11     : 0x00000042  A12     : 0x42017004  A13     : 0x00000000  
A14     : 0x3fca1fc0  A15     : 0x00000000  SAR     : 0x00000020  EXCCAUSE: 0x00000003  
EXCVADDR: 0x4201710c  LBEG    : 0x400570e8  LEND    : 0x400570f3  LCOUNT  : 0xffffffff  


Backtrace: 0x42019815:0x3fca1de0 0x42019891:0x3fca1e00 0x42010fd6:0x3fca1e20 0x4201103a:0x3fca1e70 0x4201b642:0x3fca1ea0 0x4201c1d2:0x3fca1f40 0x420431ed:0x3fca1f80 0x4200a1c1:0x3fca1fa0 0x4200a2aa:0x3fca1fc0 0x42011370:0x3fca2000 0x420114e1:0x3fca2030 0x42009a3b:0x3fca2050 0x42009b58:0x3fca2080 0x42009669:0x3fca2180 0x42046f6f:0x3fca21a0 0x40382345:0x3fca21d0




ELF file SHA256: b515f5a1b

Rebooting...
ï¿½ï¿½ï¿½ESP-ROM:esp32s3-20210327
Build:Mar 27 2021
rst:0xc (RTC_SW_CPU_RST),boot:0x8 (SPI_FAST_FLASH_BOOT)
Saved PC:0x40375d84
SPIWP:0xee
mode:DIO, clock div:1
load:0x3fce3820,len:0x19fc
load:0x403c9700,len:0x4
load:0x403c9704,len:0xe8c
load:0x403cc700,len:0x313c
entry 0x403c9940
[0;32mI (31) boot: ESP-IDF v5.2.3 2nd stage bootloader[0m
[0;32mI (31) boot: compile time Feb 22 2025 15:17:39[0m
[0;32mI (31) boot: Multicore bootloader[0m
[0;32mI (34) boot: chip revision: v0.2[0m
[0;32mI (38) boot: efuse block revision: v1.3[0m
[0;32mI (43) qio_mode: Enabling default flash chip QIO[0m
[0;32mI (48) boot.esp32s3: Boot SPI Speed : 80MHz[0m
[0;32mI (53) boot.esp32s3: SPI Mode       : QIO[0m
[0;32mI (57) boot.esp32s3: SPI Flash Size : 8MB[0m
[0;32mI (62) boot: Enabling RNG early entropy source...[0m
[0;32mI (68) boot: Partition Table:[0m
[0;32mI (71) boot: ## Label            Usage          Type ST Offset   Length[0m
[0;32mI (78) boot:  0 nvs              WiFi data        01 02 00009000 00006000[0m
[0;32mI (86) boot:  1 phy_init         RF data          01 01 0000f000 00001000[0m
[0;32mI (93) boot:  2 factory          factory app      00 00 00010000 00100000[0m
[0;32mI (101) boot: End of partition table[0m
[0;32mI (105) esp_image: segment 0: paddr=00010020 vaddr=3c050020 size=1859ch ( 99740) map[0m
[0;32mI (128) esp_image: segment 1: paddr=000285c4 vaddr=3fc9a700 size=031a4h ( 12708) load[0m
[0;32mI (131) esp_image: segment 2: paddr=0002b770 vaddr=40374000 size=048a8h ( 18600) load[0m
[0;32mI (138) esp_image: segment 3: paddr=00030020 vaddr=42000020 size=47f18h (294680) map[0m
[0;32mI (186) esp_image: segment 4: paddr=00077f40 vaddr=403788a8 size=11d74h ( 73076) load[0m
[0;32mI (209) boot: Loaded app from partition at offset 0x10000[0m
[0;32mI (209) boot: Disabling RNG early entropy source...[0m
[0;32mI (221) cpu_start: Multicore app[0m
[0;32mI (221) octal_psram: vendor id    : 0x0d (AP)[0m
[0;32mI (222) octal_psram: dev id       : 0x02 (generation 3)[0m
[0;32mI (224) octal_psram: density      : 0x03 (64 Mbit)[0m
[0;32mI (230) octal_psram: good-die     : 0x01 (Pass)[0m
[0;32mI (235) octal_psram: Latency      : 0x01 (Fixed)[0m
[0;32mI (240) octal_psram: VCC          : 0x01 (3V)[0m
[0;32mI (245) octal_psram: SRF          : 0x01 (Fast Refresh)[0m
[0;32mI (251) octal_psram: BurstType    : 0x01 (Hybrid Wrap)[0m
[0;32mI (257) octal_psram: BurstLen     : 0x01 (32 Byte)[0m
[0;32mI (263) octal_psram: Readlatency  : 0x02 (10 cycles@Fixed)[0m
[0;32mI (269) octal_psram: DriveStrength: 0x00 (1/1)[0m
[0;32mI (275) MSPI Timing: PSRAM timing tuning index: 4[0m
[0;32mI (279) esp_psram: Found 8MB PSRAM device[0m
[0;32mI (284) esp_psram: Speed: 80MHz[0m
[0;32mI (295) mmu_psram: Read only data copied and mapped to SPIRAM[0m
[0;32mI (608) esp_psram: SPI SRAM memory test OK[0m
[0;32mI (617) cpu_start: Pro cpu start user code[0m
[0;32mI (617) cpu_start: cpu freq: 240000000 Hz[0m
[0;32mI (617) cpu_start: Application information:[0m
[0;32mI (620) cpu_start: Project name:     lvgl_porting[0m
[0;32mI (626) cpu_start: App version:      v5.2.3-dirty[0m
[0;32mI (631) cpu_start: Compile time:     Feb 23 2025 17:01:51[0m
[0;32mI (637) cpu_start: ELF file SHA256:  b515f5a1b...[0m
[0;32mI (642) cpu_start: ESP-IDF:          v5.2.3-dirty[0m
[0;32mI (648) cpu_start: Min chip rev:     v0.0[0m
[0;32mI (653) cpu_start: Max chip rev:     v0.99 [0m
[0;32mI (657) cpu_start: Chip rev:         v0.2[0m
[0;32mI (662) heap_init: Initializing. RAM available for dynamic allocation:[0m
[0;32mI (669) heap_init: At 3FC9E760 len 0004AFB0 (299 KiB): RAM[0m
[0;32mI (675) heap_init: At 3FCE9710 len 00005724 (21 KiB): RAM[0m
[0;32mI (682) heap_init: At 3FCF0000 len 00008000 (32 KiB): DRAM[0m
[0;32mI (688) heap_init: At 600FE010 len 00001FD8 (7 KiB): RTCRAM[0m
[0;32mI (694) esp_psram: Adding pool of 8064K of PSRAM memory to heap allocator[0m
[0;32mI (702) spi_flash: detected chip: gd[0m
[0;32mI (706) spi_flash: flash io: qio[0m
[0;33mW (710) i2c: This driver is an old driver, please migrate your application code to adapt `driver/i2c_master.h`[0m
[0;32mI (720) sleep: Configure to isolate all GPIO pins in sleep state[0m
[0;32mI (727) sleep: Enable automatic switching of GPIO sleep configuration[0m
[0;32mI (734) main_task: Started on CPU0[0m
[0;32mI (738) esp_psram: Reserving pool of 32K of internal memory for DMA/internal allocations[0m
[0;32mI (747) main_task: Calling app_main()[0m
[0;32mI (751) example: Install RGB LCD panel driver[0m
[0;32mI (788) example: Initialize RGB LCD panel[0m
[0;32mI (789) example: Initialize I2C bus[0m
[0;32mI (790) example: Initialize GPIO[0m
[0;32mI (790) gpio: GPIO[4]| InputEn: 0| OutputEn: 1| OpenDrain: 0| Pullup: 0| Pulldown: 0| Intr:0 [0m
[0;32mI (800) example: Initialize Touch LCD[0m
[0;32mI (1204) example: Initialize I2C panel IO[0m
[0;32mI (1204) example: Initialize touch controller GT911[0m
[0;33mW (1205) GT911: Unable to initialize the I2C address[0m
[0;32mI (1210) GT911: TouchPad_ID:0x39,0x31,0x31[0m
[0;32mI (1214) GT911: TouchPad_Config_Version:88[0m
[0;32mI (1221) lv_port: Create LVGL task[0m
[0;32mI (1223) example: Display LVGL demos[0m
made it here
hi1
p=0x3fca2148
Guru Meditation Error: Core  0 panic'ed (LoadStoreError). Exception was unhandled.

Core  0 register dump:
PC      : 0x42019818  PS      : 0x00060b30  A0      : 0x82019894  A1      : 0x3fca1de0  
A2      : 0x4201710c  A3      : 0x00000001  A4      : 0x3fca1e20  A5      : 0x00000000  
A6      : 0x000f0000  A7      : 0x00000000  A8      : 0x00000000  A9      : 0x4201710c  
A10     : 0x00006f00  A11     : 0x00000042  A12     : 0x42017004  A13     : 0x00000000  
A14     : 0x3fca1fc0  A15     : 0x00000000  SAR     : 0x00000020  EXCCAUSE: 0x00000003  
EXCVADDR: 0x4201710c  LBEG    : 0x400570e8  LEND    : 0x400570f3  LCOUNT  : 0xffffffff  


Backtrace: 0x42019815:0x3fca1de0 0x42019891:0x3fca1e00 0x42010fd6:0x3fca1e20 0x4201103a:0x3fca1e70 0x4201b642:0x3fca1ea0 0x4201c1d2:0x3fca1f40 0x420431ed:0x3fca1f80 0x4200a1c1:0x3fca1fa0 0x4200a2aa:0x3fca1fc0 0x42011370:0x3fca2000 0x420114e1:0x3fca2030 0x42009a3b:0x3fca2050 0x42009b58:0x3fca2080 0x42009669:0x3fca2180 0x42046f6f:0x3fca21a0 0x40382345:0x3fca21d0




ELF file SHA256: b515f5a1b

Rebooting...
ESP-ROM:esp32s3-20210327
Build:Mar 27 2021
rst:0xc (RTC_SW_CPU_RST),boot:0x8 (SPI_FAST_FLASH_BOOT)
Saved PC:0x40375d84
SPIWP:0xee
mode:DIO, clock div:1
load:0x3fce3820,len:0x19fc
load:0x403c9700,len:0x4
load:0x403c9704,len:0xe8c
load:0x403cc700,len:0x313c
entry 0x403c9940
[0;32mI (31) boot: ESP-IDF v5.2.3 2nd stage bootloader[0m
[0;32mI (31) boot: compile time Feb 22 2025 15:17:39[0m
[0;32mI (31) boot: Multicore bootloader[0m
[0;32mI (34) boot: chip revision: v0.2[0m
[0;32mI (38) boot: efuse block revision: v1.3[0m
[0;32mI (43) qio_mode: Enabling default flash chip QIO[0m
[0;32mI (48) boot.esp32s3: Boot SPI Speed : 80MHz[0m
[0;32mI (53) boot.esp32s3: SPI Mode       : QIO[0m
[0;32mI (57) boot.esp32s3: SPI Flash Size : 8MB[0m
[0;32mI (62) boot: Enabling RNG early entropy source...[0m
[0;32mI (68) boot: Partition Table:[0m
[0;32mI (71) boot: ## Label            Usage          Type ST Offset   Length[0m
[0;32mI (78) boot:  0 nvs              WiFi data        01 02 00009000 00006000[0m
[0;32mI (86) boot:  1 phy_init         RF data          01 01 0000f000 00001000[0m
[0;32mI (93) boot:  2 factory          factory app      00 00 00010000 00100000[0m
[0;32mI (101) boot: End of partition table[0m
[0;32mI (105) esp_image: segment 0: paddr=00010020 vaddr=3c050020 size=1859ch ( 99740) map[0m
[0;32mI (128) esp_image: segment 1: paddr=000285c4 vaddr=3fc9a700 size=031a4h ( 12708) load[0m
[0;32mI (131) esp_image: segment 2: paddr=0002b770 vaddr=40374000 size=048a8h ( 18600) load[0m
[0;32mI (138) esp_image: segment 3: paddr=00030020 vaddr=42000020 size=47f18h (294680) map[0m
[0;32mI (186) esp_image: segment 4: paddr=00077f40 vaddr=403788a8 size=11d74h ( 73076) load[0m
[0;32mI (209) boot: Loaded app from partition at offset 0x10000[0m
[0;32mI (209) boot: Disabling RNG early entropy source...[0m
[0;32mI (221) cpu_start: Multicore app[0m
[0;32mI (221) octal_psram: vendor id    : 0x0d (AP)[0m
[0;32mI (222) octal_psram: dev id       : 0x02 (generation 3)[0m
[0;32mI (224) octal_psram: density      : 0x03 (64 Mbit)[0m
[0;32mI (230) octal_psram: good-die     : 0x01 (Pass)[0m
[0;32mI (235) octal_psram: Latency      : 0x01 (Fixed)[0m
[0;32mI (240) octal_psram: VCC          : 0x01 (3V)[0m
[0;32mI (245) octal_psram: SRF          : 0x01 (Fast Refresh)[0m
[0;32mI (251) octal_psram: BurstType    : 0x01 (Hybrid Wrap)[0m
[0;32mI (257) octal_psram: BurstLen     : 0x01 (32 Byte)[0m
[0;32mI (263) octal_psram: Readlatency  : 0x02 (10 cycles@Fixed)[0m
[0;32mI (269) octal_psram: DriveStrength: 0x00 (1/1)[0m
[0;32mI (275) MSPI Timing: PSRAM timing tuning index: 4[0m
[0;32mI (279) esp_psram: Found 8MB PSRAM device[0m
[0;32mI (284) esp_psram: Speed: 80MHz[0m
[0;32mI (295) mmu_psram: Read only data copied and mapped to SPIRAM[0m
[0;32mI (608) esp_psram: SPI SRAM memory test OK[0m
[0;32mI (617) cpu_start: Pro cpu start user code[0m
[0;32mI (617) cpu_start: cpu freq: 240000000 Hz[0m
[0;32mI (617) cpu_start: Application information:[0m
[0;32mI (620) cpu_start: Project name:     lvgl_porting[0m
[0;32mI (626) cpu_start: App version:      v5.2.3-dirty[0m
[0;32mI (631) cpu_start: Compile time:     Feb 23 2025 17:01:51[0m
[0;32mI (637) cpu_start: ELF file SHA256:  b515f5a1b...[0m
[0;32mI (642) cpu_start: ESP-IDF:          v5.2.3-dirty[0m
[0;32mI (648) cpu_start: Min chip rev:     v0.0[0m
[0;32mI (653) cpu_start: Max chip rev:     v0.99 [0m
[0;32mI (657) cpu_start: Chip rev:         v0.2[0m
[0;32mI (662) heap_init: Initializing. RAM available for dynamic allocation:[0m
[0;32mI (669) heap_init: At 3FC9E760 len 0004AFB0 (299 KiB): RAM[0m
[0;32mI (675) heap_init: At 3FCE9710 len 00005724 (21 KiB): RAM[0m
[0;32mI (682) heap_init: At 3FCF0000 len 00008000 (32 KiB): DRAM[0m
[0;32mI (688) heap_init: At 600FE010 len 00001FD8 (7 KiB): RTCRAM[0m
[0;32mI (694) esp_psram: Adding pool of 8064K of PSRAM memory to heap allocator[0m
[0;32mI (702) spi_flash: detected chip: gd[0m
[0;32mI (706) spi_flash: flash io: qio[0m
[0;33mW (710) i2c: This driver is an old driver, please migrate your application code to adapt `driver/i2c_master.h`[0m
[0;32mI (720) sleep: Configure to isolate all GPIO pins in sleep state[0m
[0;32mI (727) sleep: Enable automatic switching of GPIO sleep configuration[0m
[0;32mI (734) main_task: Started on CPU0[0m
[0;32mI (738) esp_psram: Reserving pool of 32K of internal memory for DMA/internal allocations[0m
[0;32mI (747) main_task: Calling app_main()[0m
[0;32mI (751) example: Install RGB LCD panel driver[0m
[0;32mI (788) example: Initialize RGB LCD panel[0m
[0;32mI (789) example: Initialize I2C bus[0m
[0;32mI (790) example: Initialize GPIO[0m
[0;32mI (790) gpio: GPIO[4]| InputEn: 0| OutputEn: 1| OpenDrain: 0| Pullup: 0| Pulldown: 0| Intr:0 [0m
[0;32mI (800) example: Initialize Touch LCD[0m
[0;32mI (1204) example: Initialize I2C panel IO[0m
[0;32mI (1204) example: Initialize touch controller GT911[0m
[0;33mW (1205) GT911: Unable to initialize the I2C address[0m
[0;32mI (1210) GT911: TouchPad_ID:0x39,0x31,0x31[0m
[0;32mI (1214) GT911: TouchPad_Config_Version:88[0m
[0;32mI (1221) lv_port: Create LVGL task[0m
[0;32mI (1223) example: Display LVGL demos[0m
made it here
hi1
p=0x3fca2148
Guru Meditation Error: Core  0 panic'ed (LoadStoreError). Exception was unhandled.

Core  0 register dump:
PC      : 0x42019818  PS      : 0x00060b30  A0      : 0x82019894  A1      : 0x3fca1de0  
A2      : 0x4201710c  A3      : 0x00000001  A4      : 0x3fca1e20  A5      : 0x00000000  
A6      : 0x000f0000  A7      : 0x00000000  A8      : 0x00000000  A9      : 0x4201710c  
A10     : 0x00006f00  A11     : 0x00000042  A12     : 0x42017004  A13     : 0x00000000  
A14     : 0x3fca1fc0  A15     : 0x00000000  SAR     : 0x00000020  EXCCAUSE: 0x00000003  
EXCVADDR: 0x4201710c  LBEG    : 0x400570e8  LEND    : 0x400570f3  LCOUNT  : 0xffffffff  


Backtrace: 0x42019815:0x3fca1de0 0x42019891:0x3fca1e00 0x42010fd6:0x3fca1e20 0x4201103a:0x3fca1e70 0x4201b642:0x3fca1ea0 0x4201c1d2:0x3fca1f40 0x420431ed:0x3fca1f80 0x4200a1c1:0x3fca1fa0 0x4200a2aa:0x3fca1fc0 0x42011370:0x3fca2000 0x420114e1:0x3fca2030 0x42009a3b:0x3fca2050 0x42009b58:0x3fca2080 0x42009669:0x3fca2180 0x42046f6f:0x3fca21a0 0x40382345:0x3fca21d0




ELF file SHA256: b515f5a1b

Rebooting...
ESP-ROM:esp32s3-20210327
Build:Mar 27 2021
rst:0xc (RTC_SW_CPU_RST),boot:0x8 (SPI_FAST_FLASH_BOOT)
Saved PC:0x40375d84
SPIWP:0xee
mode:DIO, clock div:1
load:0x3fce3820,len:0x19fc
load:0x403c9700,len:0x4
load:0x403c9704,len:0xe8c
load:0x403cc700,len:0x313c
entry 0x403c9940
[0;32mI (31) boot: ESP-IDF v5.2.3 2nd stage bootloader[0m
[0;32mI (31) boot: compile time Feb 22 2025 15:17:39[0m
[0;32mI (31) boot: Multicore bootloader[0m
[0;32mI (34) boot: chip revision: v0.2[0m
[0;32mI (38) boot: efuse block revision: v1.3[0m
[0;32mI (43) qio_mode: Enabling default flash chip QIO[0m
[0;32mI (48) boot.esp32s3: Boot SPI Speed : 80MHz[0m
[0;32mI (53) boot.esp32s3: SPI Mode       : QIO[0m
[0;32mI (57) boot.esp32s3: SPI Flash Size : 8MB[0m
[0;32mI (62) boot: Enabling RNG early entropy source...[0m
[0;32mI (68) boot: Partition Table:[0m
[0;32mI (71) boot: ## Label            Usage          Type ST Offset   Length[0m
[0;32mI (78) boot:  0 nvs              WiFi data        01 02 00009000 00006000[0m
[0;32mI (86) boot:  1 phy_init         RF data          01 01 0000f000 00001000[0m
[0;32mI (93) boot:  2 factory          factory app      00 00 00010000 00100000[0m
[0;32mI (101) boot: End of partition table[0m
[0;32mI (105) esp_image: segment 0: paddr=00010020 vaddr=3c050020 size=1859ch ( 99740) map[0m
[0;32mI (128) esp_image: segment 1: paddr=000285c4 vaddr=3fc9a700 size=031a4h ( 12708) load[0m
[0;32mI (131) esp_image: segment 2: paddr=0002b770 vaddr=40374000 size=048a8h ( 18600) load[0m
[0;32mI (138) esp_image: segment 3: paddr=00030020 vaddr=42000020 size=47f18h (294680) map[0m
[0;32mI (186) esp_image: segment 4: paddr=00077f40 vaddr=403788a8 size=11d74h ( 73076) load[0m
[0;32mI (209) boot: Loaded app from partition at offset 0x10000[0m
[0;32mI (209) boot: Disabling RNG early entropy source...[0m
[0;32mI (221) cpu_start: Multicore app[0m
[0;32mI (221) octal_psram: vendor id    : 0x0d (AP)[0m
[0;32mI (222) octal_psram: dev id       : 0x02 (generation 3)[0m
[0;32mI (224) octal_psram: density      : 0x03 (64 Mbit)[0m
[0;32mI (230) octal_psram: good-die     : 0x01 (Pass)[0m
[0;32mI (235) octal_psram: Latency      : 0x01 (Fixed)[0m
[0;32mI (240) octal_psram: VCC          : 0x01 (3V)[0m
[0;32mI (245) octal_psram: SRF          : 0x01 (Fast Refresh)[0m
[0;32mI (251) octal_psram: BurstType    : 0x01 (Hybrid Wrap)[0m
[0;32mI (257) octal_psram: BurstLen     : 0x01 (32 Byte)[0m
[0;32mI (263) octal_psram: Readlatency  : 0x02 (10 cycles@Fixed)[0m
[0;32mI (269) octal_psram: DriveStrength: 0x00 (1/1)[0m
[0;32mI (275) MSPI Timing: PSRAM timing tuning index: 4[0m
[0;32mI (279) esp_psram: Found 8MB PSRAM device[0m
[0;32mI (284) esp_psram: Speed: 80MHz[0m
[0;32mI (295) mmu_psram: Read only data copied and mapped to SPIRAM[0m
[0;32mI (608) esp_psram: SPI SRAM memory test OK[0m
[0;32mI (617) cpu_start: Pro cpu start user code[0m
[0;32mI (617) cpu_start: cpu freq: 240000000 Hz[0m
[0;32mI (617) cpu_start: Application information:[0m
[0;32mI (620) cpu_start: Project name:     lvgl_porting[0m
[0;32mI (626) cpu_start: App version:      v5.2.3-dirty[0m
[0;32mI (631) cpu_start: Compile time:     Feb 23 2025 17:01:51[0m
[0;32mI (637) cpu_start: ELF file SHA256:  b515f5a1b...[0m
[0;32mI (642) cpu_start: ESP-IDF:          v5.2.3-dirty[0m
[0;32mI (648) cpu_start: Min chip rev:     v0.0[0m
[0;32mI (653) cpu_start: Max chip rev:     v0.99 [0m
[0;32mI (657) cpu_start: Chip rev:         v0.2[0m
[0;32mI (662) heap_init: Initializing. RAM available for dynamic allocation:[0m
[0;32mI (669) heap_init: At 3FC9E760 len 0004AFB0 (299 KiB): RAM[0m
[0;32mI (675) heap_init: At 3FCE9710 len 00005724 (21 KiB): RAM[0m
[0;32mI (682) heap_init: At 3FCF0000 len 00008000 (32 KiB): DRAM[0m
[0;32mI (688) heap_init: At 600FE010 len 00001FD8 (7 KiB): RTCRAM[0m
[0;32mI (694) esp_psram: Adding pool of 8064K of PSRAM memory to heap allocator[0m
[0;32mI (702) spi_flash: detected chip: gd[0m
[0;32mI (706) spi_flash: flash io: qio[0m
[0;33mW (710) i2c: This driver is an old driver, please migrate your application code to adapt `driver/i2c_master.h`[0m
[0;32mI (720) sleep: Configure to isolate all GPIO pins in sleep state[0m
[0;32mI (727) sleep: Enable automatic switching of GPIO sleep configuration[0m
[0;32mI (734) main_task: Started on CPU0[0m
[0;32mI (738) esp_psram: Reserving pool of 32K of internal memory for DMA/internal allocations[0m
[0;32mI (747) main_task: Calling app_main()[0m
[0;32mI (751) example: Install RGB LCD panel driver[0m
[0;32mI (788) example: Initialize RGB LCD panel[0m
[0;32mI (789) example: Initialize I2C bus[0m
[0;32mI (790) example: Initialize GPIO[0m
[0;32mI (790) gpio: GPIO[4]| InputEn: 0| OutputEn: 1| OpenDrain: 0| Pullup: 0| Pulldown: 0| Intr:0 [0m
[0;32mI (800) example: Initialize Touch LCD[0m
[0;32mI (1204) example: Initialize I2C panel IO[0m
[0;32mI (1204) example: Initialize touch controller GT911[0m
[0;33mW (1205) GT911: Unable to initialize the I2C address[0m
[0;32mI (1210) GT911: TouchPad_ID:0x39,0x31,0x31[0m
[0;32mI (1214) GT911: TouchPad_Config_Version:88[0m
[0;32mI (1221) lv_port: Create LVGL task[0m
[0;32mI (1223) example: Display LVGL demos[0m
made it here
hi1
p=0x3fca2148
Guru Meditation Error: Core  0 panic'ed (LoadStoreError). Exception was unhandled.

Core  0 register dump:
PC      : 0x42019818  PS      : 0x00060b30  A0      : 0x82019894  A1      : 0x3fca1de0  
A2      : 0x4201710c  A3      : 0x00000001  A4      : 0x3fca1e20  A5      : 0x00000000  
A6      : 0x000f0000  A7      : 0x00000000  A8      : 0x00000000  A9      : 0x4201710c  
A10     : 0x00006f00  A11     : 0x00000042  A12     : 0x42017004  A13     : 0x00000000  
A14     : 0x3fca1fc0  A15     : 0x00000000  SAR     : 0x00000020  EXCCAUSE: 0x00000003  
EXCVADDR: 0x4201710c  LBEG    : 0x400570e8  LEND    : 0x400570f3  LCOUNT  : 0xffffffff  


Backtrace: 0x42019815:0x3fca1de0 0x42019891:0x3fca1e00 0x42010fd6:0x3fca1e20 0x4201103a:0x3fca1e70 0x4201b642:0x3fca1ea0 0x4201c1d2:0x3fca1f40 0x420431ed:0x3fca1f80 0x4200a1c1:0x3fca1fa0 0x4200a2aa:0x3fca1fc0 0x42011370:0x3fca2000 0x420114e1:0x3fca2030 0x42009a3b:0x3fca2050 0x42009b58:0x3fca2080 0x42009669:0x3fca2180 0x42046f6f:0x3fca21a0 0x40382345:0x3fca21d0




ELF file SHA256: b515f5a1b

Rebooting...
ESP-ROM:esp32s3-20210327
Build:Mar 27 2021
rst:0xc (RTC_SW_CPU_RST),boot:0x8 (SPI_FAST_FLASH_BOOT)
Saved PC:0x40375d84
SPIWP:0xee
mode:DIO, clock div:1
load:0x3fce3820,len:0x19fc
load:0x403c9700,len:0x4
load:0x403c9704,len:0xe8c
load:0x403cc700,len:0x313c
entry 0x403c9940
[0;32mI (31) boot: ESP-IDF v5.2.3 2nd stage bootloader[0m
[0;32mI (31) boot: compile time Feb 22 2025 15:17:39[0m
[0;32mI (31) boot: Multicore bootloader[0m
[0;32mI (34) boot: chip revision: v0.2[0m
[0;32mI (38) boot: efuse block revision: v1.3[0m
[0;32mI (43) qio_mode: Enabling default flash chip QIO[0m
[0;32mI (48) boot.esp32s3: Boot SPI Speed : 80MHz[0m
[0;32mI (53) boot.esp32s3: SPI Mode       : QIO[0m
[0;32mI (57) boot.esp32s3: SPI Flash Size : 8MB[0m
[0;32mI (62) boot: Enabling RNG early entropy source...[0m
[0;32mI (68) boot: Partition Table:[0m
[0;32mI (71) boot: ## Label            Usage          Type ST Offset   Length[0m
[0;32mI (78) boot:  0 nvs              WiFi data        01 02 00009000 00006000[0m
[0;32mI (86) boot:  1 phy_init         RF data          01 01 0000f000 00001000[0m
[0;32mI (93) boot:  2 factory          factory app      00 00 00010000 00100000[0m
[0;32mI (101) boot: End of partition table[0m
[0;32mI (105) esp_image: segment 0: paddr=00010020 vaddr=3c050020 size=1859ch ( 99740) map[0m
[0;32mI (128) esp_image: segment 1: paddr=000285c4 vaddr=3fc9a700 size=031a4h ( 12708) load[0m
[0;32mI (131) esp_image: segment 2: paddr=0002b770 vaddr=40374000 size=048a8h ( 18600) load[0m
[0;32mI (138) esp_image: segment 3: paddr=00030020 vaddr=42000020 size=47f18h (294680) map[0m
[0;32mI (186) esp_image: segment 4: paddr=00077f40 vaddr=403788a8 size=11d74h ( 73076) load[0m
[0;32mI (209) boot: Loaded app from partition at offset 0x10000[0m
[0;32mI (209) boot: Disabling RNG early entropy source...[0m
[0;32mI (221) cpu_start: Multicore app[0m
[0;32mI (221) octal_psram: vendor id    : 0x0d (AP)[0m
[0;32mI (222) octal_psram: dev id       : 0x02 (generation 3)[0m
[0;32mI (224) octal_psram: density      : 0x03 (64 Mbit)[0m
[0;32mI (230) octal_psram: good-die     : 0x01 (Pass)[0m
[0;32mI (235) octal_psram: Latency      : 0x01 (Fixed)[0m
[0;32mI (240) octal_psram: VCC          : 0x01 (3V)[0m
[0;32mI (245) octal_psram: SRF          : 0x01 (Fast Refresh)[0m
[0;32mI (251) octal_psram: BurstType    : 0x01 (Hybrid Wrap)[0m
[0;32mI (257) octal_psram: BurstLen     : 0x01 (32 Byte)[0m
[0;32mI (263) octal_psram: Readlatency  : 0x02 (10 cycles@Fixed)[0m
[0;32mI (269) octal_psram: DriveStrength: 0x00 (1/1)[0m
[0;32mI (275) MSPI Timing: PSRAM timing tuning index: 4[0m
[0;32mI (279) esp_psram: Found 8MB PSRAM device[0m
[0;32mI (284) esp_psram: Speed: 80MHz[0m
[0;32mI (295) mmu_psram: Read only data copied and mapped to SPIRAM[0m
[0;32mI (608) esp_psram: SPI SRAM memory test OK[0m
[0;32mI (617) cpu_start: Pro cpu start user code[0m
[0;32mI (617) cpu_start: cpu freq: 240000000 Hz[0m
[0;32mI (617) cpu_start: Application information:[0m
[0;32mI (620) cpu_start: Project name:     lvgl_porting[0m
[0;32mI (626) cpu_start: App version:      v5.2.3-dirty[0m
[0;32mI (631) cpu_start: Compile time:     Feb 23 2025 17:01:51[0m
[0;32mI (637) cpu_start: ELF file SHA256:  b515f5a1b...[0m
[0;32mI (642) cpu_start: ESP-IDF:          v5.2.3-dirty[0m
[0;32mI (648) cpu_start: Min chip rev:     v0.0[0m
[0;32mI (653) cpu_start: Max chip rev:     v0.99 [0m
[0;32mI (657) cpu_start: Chip rev:         v0.2[0m
[0;32mI (662) heap_init: Initializing. RAM available for dynamic allocation:[0m
[0;32mI (669) heap_init: At 3FC9E760 len 0004AFB0 (299 KiB): RAM[0m
[0;32mI (675) heap_init: At 3FCE9710 len 00005724 (21 KiB): RAM[0m
[0;32mI (682) heap_init: At 3FCF0000 len 00008000 (32 KiB): DRAM[0m
[0;32mI (688) heap_init: At 600FE010 len 00001FD8 (7 KiB): RTCRAM[0m
[0;32mI (694) esp_psram: Adding pool of 8064K of PSRAM memory to heap allocator[0m
[0;32mI (702) spi_flash: detected chip: gd[0m
[0;32mI (706) spi_flash: flash io: qio[0m
[0;33mW (710) i2c: This driver is an old driver, please migrate your application code to adapt `driver/i2c_master.h`[0m
[0;32mI (720) sleep: Configure to isolate all GPIO pins in sleep state[0m
[0;32mI (727) sleep: Enable automatic switching of GPIO sleep configuration[0m
[0;32mI (734) main_task: Started on CPU0[0m
[0;32mI (738) esp_psram: Reserving pool of 32K of internal memory for DMA/internal allocations[0m
[0;32mI (747) main_task: Calling app_main()[0m
[0;32mI (751) example: Install RGB LCD panel driver[0m
[0;32mI (788) example: Initialize RGB LCD panel[0m
[0;32mI (789) example: Initialize I2C bus[0m
[0;32mI (790) example: Initialize GPIO[0m
[0;32mI (790) gpio: GPIO[4]| InputEn: 0| OutputEn: 1| OpenDrain: 0| Pullup: 0| Pulldown: 0| Intr:0 [0m
[0;32mI (800) example: Initialize Touch LCD[0m
[0;32mI (1204) example: Initialize I2C panel IO[0m
[0;32mI (1204) example: Initialize touch controller GT911[0m
[0;33mW (1205) GT911: Unable to initialize the I2C address[0m
[0;32mI (1210) GT911: TouchPad_ID:0x39,0x31,0x31[0m
[0;32mI (1214) GT911: TouchPad_Config_Version:88[0m
[0;32mI (1221) lv_port: Create LVGL task[0m
[0;32mI (1223) example: Display LVGL demos[0m
made it here
hi1
p=0x3fca2148
Guru Meditation Error: Core  0 panic'ed (LoadStoreError). Exception was unhandled.

Core  0 register dump:
PC      : 0x42019818  PS      : 0x00060b30  A0      : 0x82019894  A1      : 0x3fca1de0  
A2      : 0x4201710c  A3      : 0x00000001  A4      : 0x3fca1e20  A5      : 0x00000000  
A6      : 0x000f0000  A7      : 0x00000000  A8      : 0x00000000  A9      : 0x4201710c  
A10     : 0x00006f00  A11     : 0x00000042  A12     : 0x42017004  A13     : 0x00000000  
A14     : 0x3fca1fc0  A15     : 0x00000000  SAR     : 0x00000020  EXCCAUSE: 0x00000003  
EXCVADDR: 0x4201710c  LBEG    : 0x400570e8  LEND    : 0x400570f3  LCOUNT  : 0xffffffff  


Backtrace: 0x42019815:0x3fca1de0 0x42019891:0x3fca1e00 0x42010fd6:0x3fca1e20 0x4201103a:0x3fca1e70 0x4201b642:0x3fca1ea0 0x4201c1d2:0x3fca1f40 0x420431ed:0x3fca1f80 0x4200a1c1:0x3fca1fa0 0x4200a2aa:0x3fca1fc0 0x42011370:0x3fca2000 0x420114e1:0x3fca2030 0x42009a3b:0x3fca2050 0x42009b58:0x3fca2080 0x42009669:0x3fca2180 0x42046f6f:0x3fca21a0 0x40382345:0x3fca21d0




ELF file SHA256: b515f5a1b

Rebooting...
ESP-ROM:esp32s3-20210327
Build:Mar 27 2021
rst:0xc (RTC_SW_CPU_RST),boot:0x8 (SPI_FAST_FLASH_BOOT)
Saved PC:0x40375d84
SPIWP:0xee
mode:DIO, clock div:1
load:0x3fce3820,len:0x19fc
load:0x403c9700,len:0x4
load:0x403c9704,len:0xe8c
load:0x403cc700,len:0x313c
entry 0x403c9940
[0;32mI (31) boot: ESP-IDF v5.2.3 2nd stage bootloader[0m
[0;32mI (31) boot: compile time Feb 22 2025 15:17:39[0m
[0;32mI (31) boot: Multicore bootloader[0m
[0;32mI (34) boot: chip revision: v0.2[0m
[0;32mI (38) boot: efuse block revision: v1.3[0m
[0;32mI (43) qio_mode: Enabling default flash chip QIO[0m
[0;32mI (48) boot.esp32s3: Boot SPI Speed : 80MHz[0m
[0;32mI (53) boot.esp32s3: SPI Mode       : QIO[0m
[0;32mI (57) boot.esp32s3: SPI Flash Size : 8MB[0m
[0;32mI (62) boot: Enabling RNG early entropy source...[0m
[0;32mI (68) boot: Partition Table:[0m
[0;32mI (71) boot: ## Label            Usage          Type ST Offset   Length[0m
[0;32mI (78) boot:  0 nvs              WiFi data        01 02 00009000 00006000[0m
[0;32mI (86) boot:  1 phy_init         RF data          01 01 0000f000 00001000[0m
[0;32mI (93) boot:  2 factory          factory app      00 00 00010000 00100000[0m
[0;32mI (101) boot: End of partition table[0m
[0;32mI (105) esp_image: segment 0: paddr=00010020 vaddr=3c050020 size=1859ch ( 99740) map[0m
[0;32mI (128) esp_image: segment 1: paddr=000285c4 vaddr=3fc9a700 size=031a4h ( 12708) load[0m
[0;32mI (131) esp_image: segment 2: paddr=0002b770 vaddr=40374000 size=048a8h ( 18600) load[0m
[0;32mI (138) esp_image: segment 3: paddr=00030020 vaddr=42000020 size=47f18h (294680) map[0m
[0;32mI (186) esp_image: segment 4: paddr=00077f40 vaddr=403788a8 size=11d74h ( 73076) load[0m
[0;32mI (209) boot: Loaded app from partition at offset 0x10000[0m
[0;32mI (209) boot: Disabling RNG early entropy source...[0m
[0;32mI (221) cpu_start: Multicore app[0m
[0;32mI (221) octal_psram: vendor id    : 0x0d (AP)[0m
[0;32mI (222) octal_psram: dev id       : 0x02 (generation 3)[0m
[0;32mI (224) octal_psram: density      : 0x03 (64 Mbit)[0m
[0;32mI (230) octal_psram: good-die     : 0x01 (Pass)[0m
[0;32mI (235) octal_psram: Latency      : 0x01 (Fixed)[0m
[0;32mI (240) octal_psram: VCC          : 0x01 (3V)[0m
[0;32mI (245) octal_psram: SRF          : 0x01 (Fast Refresh)[0m
[0;32mI (251) octal_psram: BurstType    : 0x01 (Hybrid Wrap)[0m
[0;32mI (257) octal_psram: BurstLen     : 0x01 (32 Byte)[0m
[0;32mI (263) octal_psram: Readlatency  : 0x02 (10 cycles@Fixed)[0m
[0;32mI (269) octal_psram: DriveStrength: 0x00 (1/1)[0m
[0;32mI (275) MSPI Timing: PSRAM timing tuning index: 4[0m
[0;32mI (279) esp_psram: Found 8MB PSRAM device[0m
[0;32mI (284) esp_psram: Speed: 80MHz[0m
[0;32mI (295) mmu_psram: Read only data copied and mapped to SPIRAM[0m
[0;32mI (608) esp_psram: SPI SRAM memory test OK[0m
[0;32mI (617) cpu_start: Pro cpu start user code[0m
[0;32mI (617) cpu_start: cpu freq: 240000000 Hz[0m
[0;32mI (617) cpu_start: Application information:[0m
[0;32mI (620) cpu_start: Project name:     lvgl_porting[0m
[0;32mI (626) cpu_start: App version:      v5.2.3-dirty[0m
[0;32mI (631) cpu_start: Compile time:     Feb 23 2025 17:01:51[0m
[0;32mI (637) cpu_start: ELF file SHA256:  b515f5a1b...[0m
[0;32mI (642) cpu_start: ESP-IDF:          v5.2.3-dirty[0m
[0;32mI (648) cpu_start: Min chip rev:     v0.0[0m
[0;32mI (653) cpu_start: Max chip rev:     v0.99 [0m
[0;32mI (657) cpu_start: Chip rev:         v0.2[0m
[0;32mI (662) heap_init: Initializing. RAM available for dynamic allocation:[0m
[0;32mI (669) heap_init: At 3FC9E760 len 0004AFB0 (299 KiB): RAM[0m
[0;32mI (675) heap_init: At 3FCE9710 len 00005724 (21 KiB): RAM[0m
[0;32mI (682) heap_init: At 3FCF0000 len 00008000 (32 KiB): DRAM[0m
[0;32mI (688) heap_init: At 600FE010 len 00001FD8 (7 KiB): RTCRAM[0m
[0;32mI (694) esp_psram: Adding pool of 8064K of PSRAM memory to heap allocator[0m
[0;32mI (702) spi_flash: detected chip: gd[0m
[0;32mI (706) spi_flash: flash io: qio[0m
[0;33mW (710) i2c: This driver is an old driver, please migrate your application code to adapt `driver/i2c_master.h`[0m
[0;32mI (720) sleep: Configure to isolate all GPIO pins in sleep state[0m
[0;32mI (727) sleep: Enable automatic switching of GPIO sleep configuration[0m
[0;32mI (734) main_task: Started on CPU0[0m
[0;32mI (738) esp_psram: Reserving pool of 32K of internal memory for DMA/internal allocations[0m
[0;32mI (747) main_task: Calling app_main()[0m
[0;32mI (751) example: Install RGB LCD panel driver[0m
[0;32mI (788) example: Initialize RGB LCD panel[0m
[0;32mI (789) example: Initialize I2C bus[0m
[0;32mI (790) example: Initialize GPIO[0m
[0;32mI (790) gpio: GPIO[4]| InputEn: 0| OutputEn: 1| OpenDrain: 0| Pullup: 0| Pulldown: 0| Intr:0 [0m
[0;32mI (800) example: Initialize Touch LCD[0m
[0;32mI (1204) example: Initialize I2C panel IO[0m
[0;32mI (1204) example: Initialize touch controller GT911[0m
[0;33mW (1205) GT911: Unable to initialize the I2C address[0m
[0;32mI (1210) GT911: TouchPad_ID:0x39,0x31,0x31[0m
[0;32mI (1214) GT911: TouchPad_Config_Version:88[0m
[0;32mI (1222) lv_port: Create LVGL task[0m
[0;32mI (1223) example: Display LVGL demos[0m
made it here
hi1
p=0x3fca2148
